
 RUN  v2.1.8 D:/??/Open-AwA/frontend

node.exe : stderr | src/__tests__/features/chat/ChatPage.test.tsx > ChatPage > renders without crashing
At line:1 char:1
+ & "C:\nvm4w\nodejs/node.exe" "C:\nvm4w\nodejs/node_modules/npm/bin/np ...
+ ~~~~~~~~~~~~~~~~~~~~~~~~~~~~~~~~~~~~~~~~~~~~~~~~~~~~~~~~~~~~~~~~~~~~~
    + CategoryInfo          : NotSpecified: (stderr | src/__...ithout crashing:String) [], RemoteException
    + FullyQualifiedErrorId : NativeCommandError
 
[DEPRECATED] Use `createWithEqualityFn` instead of `create` or use `useStoreWithEqualityFn` instead of `useStore`. They
 can be imported from 'zustand/traditional'. https://github.com/pmndrs/zustand/discussions/1937

 ? src/__tests__/features/chat/ChatPage.test.tsx (10 tests | 7 failed) 1060ms
   ? ChatPage > ?????????????????????????? 26ms
     ? Unable to find an element with the placeholder text of: type your question...

Ignored nodes: comments, script, style
[36m<body>[39m
  [36m<div[39m
    [33mid[39m=[32m"root"[39m
  [36m/>[39m
  [36m<div>[39m
    [36m<div[39m
      [33mclass[39m=[32m"_chat-page_bf0702"[39m
    [36m>[39m
      [36m<div[39m
        [33mclass[39m=[32m"_chat-header_bf0702"[39m
      [36m>[39m
        [36m<div[39m
          [33mclass[39m=[32m"_chat-header-title_bf0702"[39m
        [36m>[39m
          [36m<button[39m
            [33maria-label[39m=[32m"??????"[39m
            [33mclass[39m=[32m"_history-toggle_bf0702"[39m
            [33mtitle[39m=[32m"??????"[39m
            [33mtype[39m=[32m"button"[39m
          [36m>[39m
            [36m<svg[39m
              [33maria-hidden[39m=[32m"true"[39m
              [33mclass[39m=[32m"lucide lucide-panel-left"[39m
              [33mfill[39m=[32m"none"[39m
              [33mheight[39m=[32m"18"[39m
              [33mstroke[39m=[32m"currentColor"[39m
              [33mstroke-linecap[39m=[32m"round"[39m
              [33mstroke-linejoin[39m=[32m"round"[39m
              [33mstroke-width[39m=[32m"2"[39m
              [33mviewBox[39m=[32m"0 0 24 24"[39m
              [33mwidth[39m=[32m"18"[39m
              [33mxmlns[39m=[32m"http://www.w3.org/2000/svg"[39m
            [36m>[39m
              [36m<rect[39m
                [33mheight[39m=[32m"18"[39m
                [33mrx[39m=[32m"2"[39m
                [33mwidth[39m=[32m"18"[39m
                [33mx[39m=[32m"3"[39m
                [33my[39m=[32m"3"[39m
              [36m/>[39m
              [36m<path[39m
                [33md[39m=[32m"M9 3v18"[39m
              [36m/>[39m
            [36m</svg>[39m
          [36m</button>[39m
          [36m<div>[39m
            [36m<h1>[39m
              [0mAI ??[0m
            [36m</h1>[39m
            [36m<p[39m
              [33mclass[39m=[32m"_session-caption_bf0702"[39m
            [36m>[39m
              [0m?????session-1[0m
            [36m</p>[39m
          [36m</div>[39m
        [36m</div>[39m
        [36m<div[39m
          [33mclass[39m=[32m"_header-controls_bf0702"[39m
        [36m>[39m
          [36m<label[39m
            [33mclass[39m=[32m"_thinking-toggle_bf0702"[39m
            [33mtitle[39m=[32m"?? AI ????"[39m
          [36m>[39m
            [36m<input[39m
              [33mtype[39m=[32m"checkbox"[39m
            [36m/>[39m
            [36m<span>[39m
              [0m??[0m
            [36m</span>[39m
          [36m</label>[39m
          [36m<select[39m
            [33mclass[39m=[32m"_mode-select_bf0702"[39m
          [36m>[39m
            [36m<option[39m
              [33mvalue[39m=[32m"stream"[39m
            [36m>[39m
              [0m????[0m
            [36m</option>[39m
            [36m<option[39m
              [33mvalue[39m=[32m"direct"[39m
            [36m>[39m
              [0m????[0m
            [36m</option>[39m
          [36m</select>[39m
          [36m<span[39m
            [33mclass[39m=[32m"_current-model_bf0702"[39m
          [36m>[39m
            [0mgpt-4o-mini[0m
          [36m</span>[39m
        [36m</div>[39m
        [36m<button[39m
          [33mclass[39m=[32m"btn _btn-secondary_bf0702"[39m
        [36m>[39m
          [0m???[0m
        [36m</button>[39m
      [36m</div>[39m
      [36m<div[39m
        [33mclass[39m=[32m"_chat-body_bf0702"[39m
      [36m>[39m
        [36m<aside[39m
          [33maria-label[39m=[32m"???????"[39m
          [33mclass[39m=[32m"_sidebar_e4172f"[39m
        [36m>[39m
          [36m<div[39m
            [33mclass[39m=[32m"_header_e4172f"[39m
          [36m>[39m
            [36m<span[39m
              [33mclass[39m=[32m"_title_e4172f"[39m
            [36m>[39m
              [0m????[0m
            [36m</span>[39m
            [36m<div[39m
              [33mclass[39m=[32m"_headerActions_e4172f"[39m
            [36m>[39m
              [36m<button[39m
                [33mclass[39m=[32m"_iconButton_e4172f"[39m
                [33mtitle[39m=[32m"????"[39m
                [33mtype[39m=[32m"button"[39m
              [36m>[39m
                [36m<svg[39m
                  [33maria-hidden[39m=[32m"true"[39m
                  [33mclass[39m=[32m"lucide lucide-plus"[39m
                  [33mfill[39m=[32m"none"[39m
                  [33mheight[39m=[32m"16"[39m
                  [33mstroke[39m=[32m"currentColor"[39m
                  [33mstroke-linecap[39m=[32m"round"[39m
                  [33mstroke-linejoin[39m=[32m"round"[39m
                  [33mstroke-width[39m=[32m"2"[39m
                  [33mviewBox[39m=[32m"0 0 24 24"[39m
                  [33mwidth[39m=[32m"16"[39m
                  [33mxmlns[39m=[32m"http://www.w3.org/2000/svg"[39m
                [36m>[39m
                  [36m<path[39m
                    [33md[39m=[32m"M5 12h14"[39m
                  [36m/>[39m
                  [36m<path[39m
                    [33md[39m=[32m"M12 5v14"[39m
                  [36m/>[39m
                [36m</svg>[39m
              [36m</button>[39m
              [36m<button[39m
                [33mclass[39m=[32m"_iconButton_e4172f"[39m
                [33mtitle[39m=[32m"??????"[39m
                [33mtype[39m=[32m"button"[39m
              [36m>[39m
                [36m<svg[39m
                  [33maria-hidden[39m=[32m"true"[39m
                  [33mclass[39m=[32m"lucide lucide-panel-left"[39m
                  [33mfill[39m=[32m"none"[39m
                  [33mheight[39m=[32m"16"[39m
                  [33mstroke[39m=[32m"currentColor"[39m
                  [33mstroke-linecap[39m=[32m"round"[39m
                  [33mstroke-linejoin[39m=[32m"round"[39m
                  [33mstroke-width[39m=[32m"2"[39m
                  [33mviewBox[39m=[32m"0 0 24 24"[39m
                  [33mwidth[39m=[32m"16"[39m
                  [33mxmlns[39m=[32m"http://www.w3.org/2000/svg"[39m
                [36m>[39m
                  [36m<rect[39m
                    [33mheight[39m=[32m"18"[39m
                    [33mrx[39m=[32m"2"[39m
                    [33mwidth[39m=[32m"18"[39m
                    [33mx[39m=[32m"3"[39m
                    [33my[39m=[32m"3"[39m
                  [36m/>[39m
                  [36m<path[39m
                    [33md[39m=[32m"M9 3v18"[39m
                  [36m/>[39m
                [36m</svg>[39m
              [36m</button>[39m
            [36m</div>[39m
          [36m</div>[39m
          [36m<div[39m
            [33mclass[39m=[32m"_filters_e4172f"[39m
          [36m>[39m
            [36m<div[39m
              [33mclass[39m=[32m"_searchRow_e4172f"[39m
            [36m>[39m
              [36m<svg[39m
                [33maria-hidden[39m=[32m"true"[39m
                [33mclass[39m=[32m"lucide lucide-search"[39m
                [33mfill[39m=[32m"none"[39m
                [33mheight[39m=[32m"15"[39m
                [33mstroke[39m=[32m"currentColor"[39m
                [33mstroke-linecap[39m=[32m"round"[39m
                [33mstroke-linejoin[39m=[32m"round"[39m
                [33mstroke-width[39m=[32m"2"[39m
                [33mviewBox[39m=[32m"0 0 24 24"[39m
                [33mwidth[39m=[32m"15"[39m
                [33mxmlns[39m=[32m"http://www.w3.org/2000/svg"[39m
              [36m>[39m
                [36m<path[39m
                  [33md[39m=[32m"m21 21-4.34-4.34"[39m
                [36m/>[39m
                [36m<circle[39m
                  [33mcx[39m=[32m"11"[39m
                  [33mcy[39m=[32m"11"[39m
                  [33mr[39m=[32m"8"[39m
                [36m/>[39m
              [36m</svg>[39m
              [36m<input[39m
                [33mclass[39m=[32m"_searchInput_e4172f"[39m
                [33mplaceholder[39m=[32m"???????"[39m
                [33mvalue[39m=[32m""[39m
              [36m/>[39m
            [36m</div>[39m
            [36m<div[39m
              [33mclass[39m=[32m"_sortRow_e4172f"[39m
            [36m>[39m
              [36m<select[39m
                [33mclass[39m=[32m"_sortSelect_e4172f"[39m
              [36m>[39m
                [36m<option[39m
                  [33mvalue[39m=[32m"last_message_at"[39m
                [36m>[39m
                  [0m?????[0m
                [36m</option>[39m
                [36m<option[39m
                  [33mvalue[39m=[32m"title"[39m
                [36m>[39m
                  [0m?????[0m
                [36m</option>[39m
              [36m</select>[39m
            [36m</div>[39m
            [36m<label[39m
              [33mclass[39m=[32m"_checkboxRow_e4172f"[39m
            [36m>[39m
              [36m<input[39m
                [33mtype[39m=[32m"checkbox"[39m
              [36m/>[39m
              [36m<span>[39m
                [0m??????[0m
              [36m</span>[39m
            [36m</label>[39m
            [36m<div[39m
              [33mclass[39m=[32m"_batchActions_e4172f"[39m
            [36m>[39m
              [36m<label[39m
                [33mclass[39m=[32m"_checkboxRow_e4172f"[39m
              [36m>[39m
                [36m<input[39m
                  [33mdisabled[39m=[32m""[39m
                  [33mtype[39m=[32m"checkbox"[39m
                [36m/>[39m
                [36m<span>[39m
                  [0m??????[0m
                [36m</span>[39m
              [36m</label>[39m
              [36m<div[39m
                [33mclass[39m=[32m"_batchButtons_e4172f"[39m
              [36m>[39m
                [36m<button[39m
                  [33mclass[39m=[32m"_secondaryButton_e4172f"[39m
                  [33mdisabled[39m=[32m""[39m
                  [33mtype[39m=[32m"button"[39m
                [36m>[39m
                  [0m????[0m
                [36m</button>[39m
                [36m<button[39m
                  [33mclass[39m=[32m"_dangerButton_e4172f"[39m
                  [33mdisabled[39m=[32m""[39m
                  [33mtype[39m=[32m"button"[39m
                [36m>[39m
                  [0m????[0m
                  [0m [0m
                [36m</button>[39m
              [36m</div>[39m
            [36m</div>[39m
          [36m</div>[39m
          [36m<div[39m
            [33mclass[39m=[32m"_content_e4172f"[39m
          [36m>[39m
            [36m<div[39m
              [33mclass[39m=[32m"_empty_e4172f"[39m
            [36m>[39m
              [0m??????[0m
            [36m</div>[39m
          [36m</div>[39m
        [36m</aside>[39m
        [36m<div[39m
          [33mclass[39m=[32m"_chat-main_bf0702"[39m
        [36m>[39m
          [36m<div[39m
            [33maria-label[39m=[32m"????"[39m
            [33maria-live[39m=[32m"polite"[39m
            [33mclass[39m=[32m"_chat-messages_bf0702"[39m
            [33mrole[39m=[32m"log"[39m
          [36m>[39m
            [36m<div[39m
              [33mclass[39m=[32m"_chat-empty_bf0702"[39m
            [36m>[39m
              [36m<p>[39m
                [0m??????????????[0m
              [36m</p>[39m
            [36m</div>[39m
          [36m</div>[39m
          [36m<div[39m
            [33mclass[39m=[32m"_chat-input-container_957f92 "[39m
          [36m>[39m
            [36m<div[39m
              [33mclass[39m=[32m"_input-row_957f92"[39m
            [36m>[39m
              [36m<input[39m
                [33maccept[39m=[32m".jpg,.jpeg,.png,.gif,.webp,.pdf,.txt,.md,.csv"[39m
                [33mmultiple[39m=[32m""[39m
                [33mstyle[39m=[32m"display: none;"[39m
                [33mtype[39m=[32m"file"[39m
              [36m/>[39m
              [36m<button[39m
                [33mclass[39m=[32m"_attach-btn_957f92"[39m
                [33mtitle[39m=[32m"attach file"[39m
              [36m>[39m
                [36m<svg[39m
                  [33maria-hidden[39m=[32m"true"[39m
                  [33mclass[39m=[32m"lucide lucide-paperclip"[39m
                  [33mfill[39m=[32m"none"[39m
                  [33mheight[39m=[32m"20"[39m
                  [33mstroke[39m=[32m"currentColor"[39m
                  [33mstroke-linecap[39m=[32m"round"[39m
                  [33mstroke-linejoin[39m=[32m"round"[39m
                  [33mstroke-width[39m=[32m"2"[39m
                  [33mviewBox[39m=[32m"0 0 24 24"[39m
                  [33mwidth[39m=[32m"20"[39m
                  [33mxmlns[39m=[32m"http://www.w3.org/2000/svg"[39m
                [36m>[39m
                  [36m<path[39m
                    [33md[39m=[32m"m16 6-8.414 8.586a2 2 0 0 0 2.829 2.829l8.414-8.586a4 4 0 1 0-5.657-5.657l-8.379 8.551a6 6 0 1 0 8.485 8.485l8.379-8.551"[39m
                  [36m/>[39m
                [36m</svg>[39m
              [36m</button>[39m
              [36m<textarea[39m
                [33mclass[39m=[32m"_chat-input_957f92"[39m
                [33mplaceholder[39m=[32m"type your question... (try /diary for daily diary)"[39m
                [33mrows[39m=[32m"1"[39m
              [36m/>[39m
              [36m<button[39m
                [33mclass[39m=[32m"btn btn-primary _send-btn_957f92"[39m
                [33mdisabled[39m=[32m""[39m
              [36m>[39m
                [36m<svg[39m
                  [33maria-hidden[39m=[32m"true"[39m
                  [33mclass[39m=[32m"lucide lucide-send"[39m
                  [33mfill[39m=[32m"none"[39m
                  [33mheight[39m=[32m"18"[39m
                  [33mstroke[39m=[32m"currentColor"[39m
                  [33mstroke-linecap[39m=[32m"round"[39m
                  [33mstroke-linejoin[39m=[32m"round"[39m
                  [33mstroke-width[39m=[32m"2"[39m
                  [33mviewBox[39m=[32m"0 0 24 24"[39m
                  [33mwidth[39m=[32m"18"[39m
                  [33mxmlns[39m=[32m"http://www.w3.org/2000/svg"[39m
                [36m>[39m
                  [36m<path[39m
                    [33md[39m=[32m"M14.536 21.686a.5.5 0 0 0 .937-.024l6.5-19a.496.496 0 0 0-.635-.635l-19 6.5a.5.5 0 0 0-.024.937l7.93 3.18a2 2 0 0 1 1.112 1.11z"[39m
                  [36m/>[39m
                  [36m<path[39m
                    [33md[39m=[32m"m21.854 2.147-10.94 10.939"[39m
                  [36m/>[39m
                [36m</svg>[39m
              [36m</button>[39m
            [36m</div>[39m
          [36m</div>[39m
        [36m</div>[39m
      [36m</div>[39m
    [36m</div>[39m
  [36m</div>[39m
[36m</body>[39m
   ? ChatPage > ????????????????????????? transcript 18ms
     ? Unable to find an element with the placeholder text of: type your question...

Ignored nodes: comments, script, style
[36m<body>[39m
  [36m<div[39m
    [33mid[39m=[32m"root"[39m
  [36m/>[39m
  [36m<div>[39m
    [36m<div[39m
      [33mclass[39m=[32m"_chat-page_bf0702"[39m
    [36m>[39m
      [36m<div[39m
        [33mclass[39m=[32m"_chat-header_bf0702"[39m
      [36m>[39m
        [36m<div[39m
          [33mclass[39m=[32m"_chat-header-title_bf0702"[39m
        [36m>[39m
          [36m<button[39m
            [33maria-label[39m=[32m"??????"[39m
            [33mclass[39m=[32m"_history-toggle_bf0702"[39m
            [33mtitle[39m=[32m"??????"[39m
            [33mtype[39m=[32m"button"[39m
          [36m>[39m
            [36m<svg[39m
              [33maria-hidden[39m=[32m"true"[39m
              [33mclass[39m=[32m"lucide lucide-panel-left"[39m
              [33mfill[39m=[32m"none"[39m
              [33mheight[39m=[32m"18"[39m
              [33mstroke[39m=[32m"currentColor"[39m
              [33mstroke-linecap[39m=[32m"round"[39m
              [33mstroke-linejoin[39m=[32m"round"[39m
              [33mstroke-width[39m=[32m"2"[39m
              [33mviewBox[39m=[32m"0 0 24 24"[39m
              [33mwidth[39m=[32m"18"[39m
              [33mxmlns[39m=[32m"http://www.w3.org/2000/svg"[39m
            [36m>[39m
              [36m<rect[39m
                [33mheight[39m=[32m"18"[39m
                [33mrx[39m=[32m"2"[39m
                [33mwidth[39m=[32m"18"[39m
                [33mx[39m=[32m"3"[39m
                [33my[39m=[32m"3"[39m
              [36m/>[39m
              [36m<path[39m
                [33md[39m=[32m"M9 3v18"[39m
              [36m/>[39m
            [36m</svg>[39m
          [36m</button>[39m
          [36m<div>[39m
            [36m<h1>[39m
              [0mAI ??[0m
            [36m</h1>[39m
            [36m<p[39m
              [33mclass[39m=[32m"_session-caption_bf0702"[39m
            [36m>[39m
              [0m?????session-1[0m
            [36m</p>[39m
          [36m</div>[39m
        [36m</div>[39m
        [36m<div[39m
          [33mclass[39m=[32m"_header-controls_bf0702"[39m
        [36m>[39m
          [36m<label[39m
            [33mclass[39m=[32m"_thinking-toggle_bf0702"[39m
            [33mtitle[39m=[32m"?? AI ????"[39m
          [36m>[39m
            [36m<input[39m
              [33mtype[39m=[32m"checkbox"[39m
            [36m/>[39m
            [36m<span>[39m
              [0m??[0m
            [36m</span>[39m
          [36m</label>[39m
          [36m<select[39m
            [33mclass[39m=[32m"_mode-select_bf0702"[39m
          [36m>[39m
            [36m<option[39m
              [33mvalue[39m=[32m"stream"[39m
            [36m>[39m
              [0m????[0m
            [36m</option>[39m
            [36m<option[39m
              [33mvalue[39m=[32m"direct"[39m
            [36m>[39m
              [0m????[0m
            [36m</option>[39m
          [36m</select>[39m
          [36m<span[39m
            [33mclass[39m=[32m"_current-model_bf0702"[39m
          [36m>[39m
            [0mgpt-4o-mini[0m
          [36m</span>[39m
        [36m</div>[39m
        [36m<button[39m
          [33mclass[39m=[32m"btn _btn-secondary_bf0702"[39m
        [36m>[39m
          [0m???[0m
        [36m</button>[39m
      [36m</div>[39m
      [36m<div[39m
        [33mclass[39m=[32m"_chat-body_bf0702"[39m
      [36m>[39m
        [36m<aside[39m
          [33maria-label[39m=[32m"???????"[39m
          [33mclass[39m=[32m"_sidebar_e4172f"[39m
        [36m>[39m
          [36m<div[39m
            [33mclass[39m=[32m"_header_e4172f"[39m
          [36m>[39m
            [36m<span[39m
              [33mclass[39m=[32m"_title_e4172f"[39m
            [36m>[39m
              [0m????[0m
            [36m</span>[39m
            [36m<div[39m
              [33mclass[39m=[32m"_headerActions_e4172f"[39m
            [36m>[39m
              [36m<button[39m
                [33mclass[39m=[32m"_iconButton_e4172f"[39m
                [33mtitle[39m=[32m"????"[39m
                [33mtype[39m=[32m"button"[39m
              [36m>[39m
                [36m<svg[39m
                  [33maria-hidden[39m=[32m"true"[39m
                  [33mclass[39m=[32m"lucide lucide-plus"[39m
                  [33mfill[39m=[32m"none"[39m
                  [33mheight[39m=[32m"16"[39m
                  [33mstroke[39m=[32m"currentColor"[39m
                  [33mstroke-linecap[39m=[32m"round"[39m
                  [33mstroke-linejoin[39m=[32m"round"[39m
                  [33mstroke-width[39m=[32m"2"[39m
                  [33mviewBox[39m=[32m"0 0 24 24"[39m
                  [33mwidth[39m=[32m"16"[39m
                  [33mxmlns[39m=[32m"http://www.w3.org/2000/svg"[39m
                [36m>[39m
                  [36m<path[39m
                    [33md[39m=[32m"M5 12h14"[39m
                  [36m/>[39m
                  [36m<path[39m
                    [33md[39m=[32m"M12 5v14"[39m
                  [36m/>[39m
                [36m</svg>[39m
              [36m</button>[39m
              [36m<button[39m
                [33mclass[39m=[32m"_iconButton_e4172f"[39m
                [33mtitle[39m=[32m"??????"[39m
                [33mtype[39m=[32m"button"[39m
              [36m>[39m
                [36m<svg[39m
                  [33maria-hidden[39m=[32m"true"[39m
                  [33mclass[39m=[32m"lucide lucide-panel-left"[39m
                  [33mfill[39m=[32m"none"[39m
                  [33mheight[39m=[32m"16"[39m
                  [33mstroke[39m=[32m"currentColor"[39m
                  [33mstroke-linecap[39m=[32m"round"[39m
                  [33mstroke-linejoin[39m=[32m"round"[39m
                  [33mstroke-width[39m=[32m"2"[39m
                  [33mviewBox[39m=[32m"0 0 24 24"[39m
                  [33mwidth[39m=[32m"16"[39m
                  [33mxmlns[39m=[32m"http://www.w3.org/2000/svg"[39m
                [36m>[39m
                  [36m<rect[39m
                    [33mheight[39m=[32m"18"[39m
                    [33mrx[39m=[32m"2"[39m
                    [33mwidth[39m=[32m"18"[39m
                    [33mx[39m=[32m"3"[39m
                    [33my[39m=[32m"3"[39m
                  [36m/>[39m
                  [36m<path[39m
                    [33md[39m=[32m"M9 3v18"[39m
                  [36m/>[39m
                [36m</svg>[39m
              [36m</button>[39m
            [36m</div>[39m
          [36m</div>[39m
          [36m<div[39m
            [33mclass[39m=[32m"_filters_e4172f"[39m
          [36m>[39m
            [36m<div[39m
              [33mclass[39m=[32m"_searchRow_e4172f"[39m
            [36m>[39m
              [36m<svg[39m
                [33maria-hidden[39m=[32m"true"[39m
                [33mclass[39m=[32m"lucide lucide-search"[39m
                [33mfill[39m=[32m"none"[39m
                [33mheight[39m=[32m"15"[39m
                [33mstroke[39m=[32m"currentColor"[39m
                [33mstroke-linecap[39m=[32m"round"[39m
                [33mstroke-linejoin[39m=[32m"round"[39m
                [33mstroke-width[39m=[32m"2"[39m
                [33mviewBox[39m=[32m"0 0 24 24"[39m
                [33mwidth[39m=[32m"15"[39m
                [33mxmlns[39m=[32m"http://www.w3.org/2000/svg"[39m
              [36m>[39m
                [36m<path[39m
                  [33md[39m=[32m"m21 21-4.34-4.34"[39m
                [36m/>[39m
                [36m<circle[39m
                  [33mcx[39m=[32m"11"[39m
                  [33mcy[39m=[32m"11"[39m
                  [33mr[39m=[32m"8"[39m
                [36m/>[39m
              [36m</svg>[39m
              [36m<input[39m
                [33mclass[39m=[32m"_searchInput_e4172f"[39m
                [33mplaceholder[39m=[32m"???????"[39m
                [33mvalue[39m=[32m""[39m
              [36m/>[39m
            [36m</div>[39m
            [36m<div[39m
              [33mclass[39m=[32m"_sortRow_e4172f"[39m
            [36m>[39m
              [36m<select[39m
                [33mclass[39m=[32m"_sortSelect_e4172f"[39m
              [36m>[39m
                [36m<option[39m
                  [33mvalue[39m=[32m"last_message_at"[39m
                [36m>[39m
                  [0m?????[0m
                [36m</option>[39m
                [36m<option[39m
                  [33mvalue[39m=[32m"title"[39m
                [36m>[39m
                  [0m?????[0m
                [36m</option>[39m
              [36m</select>[39m
            [36m</div>[39m
            [36m<label[39m
              [33mclass[39m=[32m"_checkboxRow_e4172f"[39m
            [36m>[39m
              [36m<input[39m
                [33mtype[39m=[32m"checkbox"[39m
              [36m/>[39m
              [36m<span>[39m
                [0m??????[0m
              [36m</span>[39m
            [36m</label>[39m
            [36m<div[39m
              [33mclass[39m=[32m"_batchActions_e4172f"[39m
            [36m>[39m
              [36m<label[39m
                [33mclass[39m=[32m"_checkboxRow_e4172f"[39m
              [36m>[39m
                [36m<input[39m
                  [33mdisabled[39m=[32m""[39m
                  [33mtype[39m=[32m"checkbox"[39m
                [36m/>[39m
                [36m<span>[39m
                  [0m??????[0m
                [36m</span>[39m
              [36m</label>[39m
              [36m<div[39m
                [33mclass[39m=[32m"_batchButtons_e4172f"[39m
              [36m>[39m
                [36m<button[39m
                  [33mclass[39m=[32m"_secondaryButton_e4172f"[39m
                  [33mdisabled[39m=[32m""[39m
                  [33mtype[39m=[32m"button"[39m
                [36m>[39m
                  [0m????[0m
                [36m</button>[39m
                [36m<button[39m
                  [33mclass[39m=[32m"_dangerButton_e4172f"[39m
                  [33mdisabled[39m=[32m""[39m
                  [33mtype[39m=[32m"button"[39m
                [36m>[39m
                  [0m????[0m
                  [0m [0m
                [36m</button>[39m
              [36m</div>[39m
            [36m</div>[39m
          [36m</div>[39m
          [36m<div[39m
            [33mclass[39m=[32m"_content_e4172f"[39m
          [36m>[39m
            [36m<div[39m
              [33mclass[39m=[32m"_empty_e4172f"[39m
            [36m>[39m
              [0m??????[0m
            [36m</div>[39m
          [36m</div>[39m
        [36m</aside>[39m
        [36m<div[39m
          [33mclass[39m=[32m"_chat-main_bf0702"[39m
        [36m>[39m
          [36m<div[39m
            [33maria-label[39m=[32m"????"[39m
            [33maria-live[39m=[32m"polite"[39m
            [33mclass[39m=[32m"_chat-messages_bf0702"[39m
            [33mrole[39m=[32m"log"[39m
          [36m>[39m
            [36m<div[39m
              [33mclass[39m=[32m"_chat-empty_bf0702"[39m
            [36m>[39m
              [36m<p>[39m
                [0m??????????????[0m
              [36m</p>[39m
            [36m</div>[39m
          [36m</div>[39m
          [36m<div[39m
            [33mclass[39m=[32m"_chat-input-container_957f92 "[39m
          [36m>[39m
            [36m<div[39m
              [33mclass[39m=[32m"_input-row_957f92"[39m
            [36m>[39m
              [36m<input[39m
                [33maccept[39m=[32m".jpg,.jpeg,.png,.gif,.webp,.pdf,.txt,.md,.csv"[39m
                [33mmultiple[39m=[32m""[39m
                [33mstyle[39m=[32m"display: none;"[39m
                [33mtype[39m=[32m"file"[39m
              [36m/>[39m
              [36m<button[39m
                [33mclass[39m=[32m"_attach-btn_957f92"[39m
                [33mtitle[39m=[32m"attach file"[39m
              [36m>[39m
                [36m<svg[39m
                  [33maria-hidden[39m=[32m"true"[39m
                  [33mclass[39m=[32m"lucide lucide-paperclip"[39m
                  [33mfill[39m=[32m"none"[39m
                  [33mheight[39m=[32m"20"[39m
                  [33mstroke[39m=[32m"currentColor"[39m
                  [33mstroke-linecap[39m=[32m"round"[39m
                  [33mstroke-linejoin[39m=[32m"round"[39m
                  [33mstroke-width[39m=[32m"2"[39m
                  [33mviewBox[39m=[32m"0 0 24 24"[39m
                  [33mwidth[39m=[32m"20"[39m
                  [33mxmlns[39m=[32m"http://www.w3.org/2000/svg"[39m
                [36m>[39m
                  [36m<path[39m
                    [33md[39m=[32m"m16 6-8.414 8.586a2 2 0 0 0 2.829 2.829l8.414-8.586a4 4 0 1 0-5.657-5.657l-8.379 8.551a6 6 0 1 0 8.485 8.485l8.379-8.551"[39m
                  [36m/>[39m
                [36m</svg>[39m
              [36m</button>[39m
              [36m<textarea[39m
                [33mclass[39m=[32m"_chat-input_957f92"[39m
                [33mplaceholder[39m=[32m"type your question... (try /diary for daily diary)"[39m
                [33mrows[39m=[32m"1"[39m
              [36m/>[39m
              [36m<button[39m
                [33mclass[39m=[32m"btn btn-primary _send-btn_957f92"[39m
                [33mdisabled[39m=[32m""[39m
              [36m>[39m
                [36m<svg[39m
                  [33maria-hidden[39m=[32m"true"[39m
                  [33mclass[39m=[32m"lucide lucide-send"[39m
                  [33mfill[39m=[32m"none"[39m
                  [33mheight[39m=[32m"18"[39m
                  [33mstroke[39m=[32m"currentColor"[39m
                  [33mstroke-linecap[39m=[32m"round"[39m
                  [33mstroke-linejoin[39m=[32m"round"[39m
                  [33mstroke-width[39m=[32m"2"[39m
                  [33mviewBox[39m=[32m"0 0 24 24"[39m
                  [33mwidth[39m=[32m"18"[39m
                  [33mxmlns[39m=[32m"http://www.w3.org/2000/svg"[39m
                [36m>[39m
                  [36m<path[39m
                    [33md[39m=[32m"M14.536 21.686a.5.5 0 0 0 .937-.024l6.5-19a.496.496 0 0 0-.635-.635l-19 6.5a.5.5 0 0 0-.024.937l7.93 3.18a2 2 0 0 1 1.112 1.11z"[39m
                  [36m/>[39m
                  [36m<path[39m
                    [33md[39m=[32m"m21.854 2.147-10.94 10.939"[39m
                  [36m/>[39m
                [36m</svg>[39m
              [36m</button>[39m
            [36m</div>[39m
          [36m</div>[39m
        [36m</div>[39m
      [36m</div>[39m
    [36m</div>[39m
  [36m</div>[39m
[36m</body>[39m
   ? ChatPage > ?????? id ?????????????? transcript 17ms
     ? Unable to find an element with the placeholder text of: type your question...

Ignored nodes: comments, script, style
[36m<body>[39m
  [36m<div[39m
    [33mid[39m=[32m"root"[39m
  [36m/>[39m
  [36m<div>[39m
    [36m<div[39m
      [33mclass[39m=[32m"_chat-page_bf0702"[39m
    [36m>[39m
      [36m<div[39m
        [33mclass[39m=[32m"_chat-header_bf0702"[39m
      [36m>[39m
        [36m<div[39m
          [33mclass[39m=[32m"_chat-header-title_bf0702"[39m
        [36m>[39m
          [36m<button[39m
            [33maria-label[39m=[32m"??????"[39m
            [33mclass[39m=[32m"_history-toggle_bf0702"[39m
            [33mtitle[39m=[32m"??????"[39m
            [33mtype[39m=[32m"button"[39m
          [36m>[39m
            [36m<svg[39m
              [33maria-hidden[39m=[32m"true"[39m
              [33mclass[39m=[32m"lucide lucide-panel-left"[39m
              [33mfill[39m=[32m"none"[39m
              [33mheight[39m=[32m"18"[39m
              [33mstroke[39m=[32m"currentColor"[39m
              [33mstroke-linecap[39m=[32m"round"[39m
              [33mstroke-linejoin[39m=[32m"round"[39m
              [33mstroke-width[39m=[32m"2"[39m
              [33mviewBox[39m=[32m"0 0 24 24"[39m
              [33mwidth[39m=[32m"18"[39m
              [33mxmlns[39m=[32m"http://www.w3.org/2000/svg"[39m
            [36m>[39m
              [36m<rect[39m
                [33mheight[39m=[32m"18"[39m
                [33mrx[39m=[32m"2"[39m
                [33mwidth[39m=[32m"18"[39m
                [33mx[39m=[32m"3"[39m
                [33my[39m=[32m"3"[39m
              [36m/>[39m
              [36m<path[39m
                [33md[39m=[32m"M9 3v18"[39m
              [36m/>[39m
            [36m</svg>[39m
          [36m</button>[39m
          [36m<div>[39m
            [36m<h1>[39m
              [0mAI ??[0m
            [36m</h1>[39m
            [36m<p[39m
              [33mclass[39m=[32m"_session-caption_bf0702"[39m
            [36m>[39m
              [0m?????session-1[0m
            [36m</p>[39m
          [36m</div>[39m
        [36m</div>[39m
        [36m<div[39m
          [33mclass[39m=[32m"_header-controls_bf0702"[39m
        [36m>[39m
          [36m<label[39m
            [33mclass[39m=[32m"_thinking-toggle_bf0702"[39m
            [33mtitle[39m=[32m"?? AI ????"[39m
          [36m>[39m
            [36m<input[39m
              [33mtype[39m=[32m"checkbox"[39m
            [36m/>[39m
            [36m<span>[39m
              [0m??[0m
            [36m</span>[39m
          [36m</label>[39m
          [36m<select[39m
            [33mclass[39m=[32m"_mode-select_bf0702"[39m
          [36m>[39m
            [36m<option[39m
              [33mvalue[39m=[32m"stream"[39m
            [36m>[39m
              [0m????[0m
            [36m</option>[39m
            [36m<option[39m
              [33mvalue[39m=[32m"direct"[39m
            [36m>[39m
              [0m????[0m
            [36m</option>[39m
          [36m</select>[39m
          [36m<span[39m
            [33mclass[39m=[32m"_current-model_bf0702"[39m
          [36m>[39m
            [0mgpt-4o-mini[0m
          [36m</span>[39m
        [36m</div>[39m
        [36m<button[39m
          [33mclass[39m=[32m"btn _btn-secondary_bf0702"[39m
        [36m>[39m
          [0m???[0m
        [36m</button>[39m
      [36m</div>[39m
      [36m<div[39m
        [33mclass[39m=[32m"_chat-body_bf0702"[39m
      [36m>[39m
        [36m<aside[39m
          [33maria-label[39m=[32m"???????"[39m
          [33mclass[39m=[32m"_sidebar_e4172f"[39m
        [36m>[39m
          [36m<div[39m
            [33mclass[39m=[32m"_header_e4172f"[39m
          [36m>[39m
            [36m<span[39m
              [33mclass[39m=[32m"_title_e4172f"[39m
            [36m>[39m
              [0m????[0m
            [36m</span>[39m
            [36m<div[39m
              [33mclass[39m=[32m"_headerActions_e4172f"[39m
            [36m>[39m
              [36m<button[39m
                [33mclass[39m=[32m"_iconButton_e4172f"[39m
                [33mtitle[39m=[32m"????"[39m
                [33mtype[39m=[32m"button"[39m
              [36m>[39m
                [36m<svg[39m
                  [33maria-hidden[39m=[32m"true"[39m
                  [33mclass[39m=[32m"lucide lucide-plus"[39m
                  [33mfill[39m=[32m"none"[39m
                  [33mheight[39m=[32m"16"[39m
                  [33mstroke[39m=[32m"currentColor"[39m
                  [33mstroke-linecap[39m=[32m"round"[39m
                  [33mstroke-linejoin[39m=[32m"round"[39m
                  [33mstroke-width[39m=[32m"2"[39m
                  [33mviewBox[39m=[32m"0 0 24 24"[39m
                  [33mwidth[39m=[32m"16"[39m
                  [33mxmlns[39m=[32m"http://www.w3.org/2000/svg"[39m
                [36m>[39m
                  [36m<path[39m
                    [33md[39m=[32m"M5 12h14"[39m
                  [36m/>[39m
                  [36m<path[39m
                    [33md[39m=[32m"M12 5v14"[39m
                  [36m/>[39m
                [36m</svg>[39m
              [36m</button>[39m
              [36m<button[39m
                [33mclass[39m=[32m"_iconButton_e4172f"[39m
                [33mtitle[39m=[32m"??????"[39m
                [33mtype[39m=[32m"button"[39m
              [36m>[39m
                [36m<svg[39m
                  [33maria-hidden[39m=[32m"true"[39m
                  [33mclass[39m=[32m"lucide lucide-panel-left"[39m
                  [33mfill[39m=[32m"none"[39m
                  [33mheight[39m=[32m"16"[39m
                  [33mstroke[39m=[32m"currentColor"[39m
                  [33mstroke-linecap[39m=[32m"round"[39m
                  [33mstroke-linejoin[39m=[32m"round"[39m
                  [33mstroke-width[39m=[32m"2"[39m
                  [33mviewBox[39m=[32m"0 0 24 24"[39m
                  [33mwidth[39m=[32m"16"[39m
                  [33mxmlns[39m=[32m"http://www.w3.org/2000/svg"[39m
                [36m>[39m
                  [36m<rect[39m
                    [33mheight[39m=[32m"18"[39m
                    [33mrx[39m=[32m"2"[39m
                    [33mwidth[39m=[32m"18"[39m
                    [33mx[39m=[32m"3"[39m
                    [33my[39m=[32m"3"[39m
                  [36m/>[39m
                  [36m<path[39m
                    [33md[39m=[32m"M9 3v18"[39m
                  [36m/>[39m
                [36m</svg>[39m
              [36m</button>[39m
            [36m</div>[39m
          [36m</div>[39m
          [36m<div[39m
            [33mclass[39m=[32m"_filters_e4172f"[39m
          [36m>[39m
            [36m<div[39m
              [33mclass[39m=[32m"_searchRow_e4172f"[39m
            [36m>[39m
              [36m<svg[39m
                [33maria-hidden[39m=[32m"true"[39m
                [33mclass[39m=[32m"lucide lucide-search"[39m
                [33mfill[39m=[32m"none"[39m
                [33mheight[39m=[32m"15"[39m
                [33mstroke[39m=[32m"currentColor"[39m
                [33mstroke-linecap[39m=[32m"round"[39m
                [33mstroke-linejoin[39m=[32m"round"[39m
                [33mstroke-width[39m=[32m"2"[39m
                [33mviewBox[39m=[32m"0 0 24 24"[39m
                [33mwidth[39m=[32m"15"[39m
                [33mxmlns[39m=[32m"http://www.w3.org/2000/svg"[39m
              [36m>[39m
                [36m<path[39m
                  [33md[39m=[32m"m21 21-4.34-4.34"[39m
                [36m/>[39m
                [36m<circle[39m
                  [33mcx[39m=[32m"11"[39m
                  [33mcy[39m=[32m"11"[39m
                  [33mr[39m=[32m"8"[39m
                [36m/>[39m
              [36m</svg>[39m
              [36m<input[39m
                [33mclass[39m=[32m"_searchInput_e4172f"[39m
                [33mplaceholder[39m=[32m"???????"[39m
                [33mvalue[39m=[32m""[39m
              [36m/>[39m
            [36m</div>[39m
            [36m<div[39m
              [33mclass[39m=[32m"_sortRow_e4172f"[39m
            [36m>[39m
              [36m<select[39m
                [33mclass[39m=[32m"_sortSelect_e4172f"[39m
              [36m>[39m
                [36m<option[39m
                  [33mvalue[39m=[32m"last_message_at"[39m
                [36m>[39m
                  [0m?????[0m
                [36m</option>[39m
                [36m<option[39m
                  [33mvalue[39m=[32m"title"[39m
                [36m>[39m
                  [0m?????[0m
                [36m</option>[39m
              [36m</select>[39m
            [36m</div>[39m
            [36m<label[39m
              [33mclass[39m=[32m"_checkboxRow_e4172f"[39m
            [36m>[39m
              [36m<input[39m
                [33mtype[39m=[32m"checkbox"[39m
              [36m/>[39m
              [36m<span>[39m
                [0m??????[0m
              [36m</span>[39m
            [36m</label>[39m
            [36m<div[39m
              [33mclass[39m=[32m"_batchActions_e4172f"[39m
            [36m>[39m
              [36m<label[39m
                [33mclass[39m=[32m"_checkboxRow_e4172f"[39m
              [36m>[39m
                [36m<input[39m
                  [33mdisabled[39m=[32m""[39m
                  [33mtype[39m=[32m"checkbox"[39m
                [36m/>[39m
                [36m<span>[39m
                  [0m??????[0m
                [36m</span>[39m
              [36m</label>[39m
              [36m<div[39m
                [33mclass[39m=[32m"_batchButtons_e4172f"[39m
              [36m>[39m
                [36m<button[39m
                  [33mclass[39m=[32m"_secondaryButton_e4172f"[39m
                  [33mdisabled[39m=[32m""[39m
                  [33mtype[39m=[32m"button"[39m
                [36m>[39m
                  [0m????[0m
                [36m</button>[39m
                [36m<button[39m
                  [33mclass[39m=[32m"_dangerButton_e4172f"[39m
                  [33mdisabled[39m=[32m""[39m
                  [33mtype[39m=[32m"button"[39m
                [36m>[39m
                  [0m????[0m
                  [0m [0m
                [36m</button>[39m
              [36m</div>[39m
            [36m</div>[39m
          [36m</div>[39m
          [36m<div[39m
            [33mclass[39m=[32m"_content_e4172f"[39m
          [36m>[39m
            [36m<div[39m
              [33mclass[39m=[32m"_empty_e4172f"[39m
            [36m>[39m
              [0m??????[0m
            [36m</div>[39m
          [36m</div>[39m
        [36m</aside>[39m
        [36m<div[39m
          [33mclass[39m=[32m"_chat-main_bf0702"[39m
        [36m>[39m
          [36m<div[39m
            [33maria-label[39m=[32m"????"[39m
            [33maria-live[39m=[32m"polite"[39m
            [33mclass[39m=[32m"_chat-messages_bf0702"[39m
            [33mrole[39m=[32m"log"[39m
          [36m>[39m
            [36m<div[39m
              [33mclass[39m=[32m"_chat-empty_bf0702"[39m
            [36m>[39m
              [36m<p>[39m
                [0m??????????????[0m
              [36m</p>[39m
            [36m</div>[39m
          [36m</div>[39m
          [36m<div[39m
            [33mclass[39m=[32m"_panel_d1103a _collapsed_d1103a"[39m
          [36m>[39m
            [36m<button[39m
              [33mclass[39m=[32m"_toggle-btn_d1103a"[39m
              [33mtitle[39m=[32m"??????"[39m
              [33mtype[39m=[32m"button"[39m
            [36m>[39m
              [36m<span[39m
                [33mclass[39m=[32m"_toggle-arrow_d1103a _arrow-collapsed_d1103a"[39m
              [36m>[39m
                [0m?[0m
              [36m</span>[39m
            [36m</button>[39m
          [36m</div>[39m
          [36m<div[39m
            [33mclass[39m=[32m"_chat-input-container_957f92 "[39m
          [36m>[39m
            [36m<div[39m
              [33mclass[39m=[32m"_input-row_957f92"[39m
            [36m>[39m
              [36m<input[39m
                [33maccept[39m=[32m".jpg,.jpeg,.png,.gif,.webp,.pdf,.txt,.md,.csv"[39m
                [33mmultiple[39m=[32m""[39m
                [33mstyle[39m=[32m"display: none;"[39m
                [33mtype[39m=[32m"file"[39m
              [36m/>[39m
              [36m<button[39m
                [33mclass[39m=[32m"_attach-btn_957f92"[39m
                [33mtitle[39m=[32m"attach file"[39m
              [36m>[39m
                [36m<svg[39m
                  [33maria-hidden[39m=[32m"true"[39m
                  [33mclass[39m=[32m"lucide lucide-paperclip"[39m
                  [33mfill[39m=[32m"none"[39m
                  [33mheight[39m=[32m"20"[39m
                  [33mstroke[39m=[32m"currentColor"[39m
                  [33mstroke-linecap[39m=[32m"round"[39m
                  [33mstroke-linejoin[39m=[32m"round"[39m
                  [33mstroke-width[39m=[32m"2"[39m
                  [33mviewBox[39m=[32m"0 0 24 24"[39m
                  [33mwidth[39m=[32m"20"[39m
                  [33mxmlns[39m=[32m"http://www.w3.org/2000/svg"[39m
                [36m>[39m
                  [36m<path[39m
                    [33md[39m=[32m"m16 6-8.414 8.586a2 2 0 0 0 2.829 2.829l8.414-8.586a4 4 0 1 0-5.657-5.657l-8.379 8.551a6 6 0 1 0 8.485 8.485l8.379-8.551"[39m
                  [36m/>[39m
                [36m</svg>[39m
              [36m</button>[39m
              [36m<textarea[39m
                [33mclass[39m=[32m"_chat-input_957f92"[39m
                [33mplaceholder[39m=[32m"type your question... (try /diary for daily diary)"[39m
                [33mrows[39m=[32m"1"[39m
              [36m/>[39m
              [36m<button[39m
                [33mclass[39m=[32m"btn btn-primary _send-btn_957f92"[39m
                [33mdisabled[39m=[32m""[39m
              [36m>[39m
                [36m<svg[39m
                  [33maria-hidden[39m=[32m"true"[39m
                  [33mclass[39m=[32m"lucide lucide-send"[39m
                  [33mfill[39m=[32m"none"[39m
                  [33mheight[39m=[32m"18"[39m
                  [33mstroke[39m=[32m"currentColor"[39m
                  [33mstroke-linecap[39m=[32m"round"[39m
                  [33mstroke-linejoin[39m=[32m"round"[39m
                  [33mstroke-width[39m=[32m"2"[39m
                  [33mviewBox[39m=[32m"0 0 24 24"[39m
                  [33mwidth[39m=[32m"18"[39m
                  [33mxmlns[39m=[32m"http://www.w3.org/2000/svg"[39m
                [36m>[39m
                  [36m<path[39m
                    [33md[39m=[32m"M14.536 21.686a.5.5 0 0 0 .937-.024l6.5-19a.496.496 0 0 0-.635-.635l-19 6.5a.5.5 0 0 0-.024.937l7.93 3.18a2 2 0 0 1 1.112 1.11z"[39m
                  [36m/>[39m
                  [36m<path[39m
                    [33md[39m=[32m"m21.854 2.147-10.94 10.939"[39m
                  [36m/>[39m
                [36m</svg>[39m
              [36m</button>[39m
            [36m</div>[39m
          [36m</div>[39m
        [36m</div>[39m
      [36m</div>[39m
    [36m</div>[39m
  [36m</div>[39m
[36m</body>[39m
   ? ChatPage > ??????????? runtime ????????? 15ms
     ? Unable to find an element with the placeholder text of: type your question...

Ignored nodes: comments, script, style
[36m<body>[39m
  [36m<div[39m
    [33mid[39m=[32m"root"[39m
  [36m/>[39m
  [36m<div>[39m
    [36m<div[39m
      [33mclass[39m=[32m"_chat-page_bf0702"[39m
    [36m>[39m
      [36m<div[39m
        [33mclass[39m=[32m"_chat-header_bf0702"[39m
      [36m>[39m
        [36m<div[39m
          [33mclass[39m=[32m"_chat-header-title_bf0702"[39m
        [36m>[39m
          [36m<button[39m
            [33maria-label[39m=[32m"??????"[39m
            [33mclass[39m=[32m"_history-toggle_bf0702"[39m
            [33mtitle[39m=[32m"??????"[39m
            [33mtype[39m=[32m"button"[39m
          [36m>[39m
            [36m<svg[39m
              [33maria-hidden[39m=[32m"true"[39m
              [33mclass[39m=[32m"lucide lucide-panel-left"[39m
              [33mfill[39m=[32m"none"[39m
              [33mheight[39m=[32m"18"[39m
              [33mstroke[39m=[32m"currentColor"[39m
              [33mstroke-linecap[39m=[32m"round"[39m
              [33mstroke-linejoin[39m=[32m"round"[39m
              [33mstroke-width[39m=[32m"2"[39m
              [33mviewBox[39m=[32m"0 0 24 24"[39m
              [33mwidth[39m=[32m"18"[39m
              [33mxmlns[39m=[32m"http://www.w3.org/2000/svg"[39m
            [36m>[39m
              [36m<rect[39m
                [33mheight[39m=[32m"18"[39m
                [33mrx[39m=[32m"2"[39m
                [33mwidth[39m=[32m"18"[39m
                [33mx[39m=[32m"3"[39m
                [33my[39m=[32m"3"[39m
              [36m/>[39m
              [36m<path[39m
                [33md[39m=[32m"M9 3v18"[39m
              [36m/>[39m
            [36m</svg>[39m
          [36m</button>[39m
          [36m<div>[39m
            [36m<h1>[39m
              [0mAI ??[0m
            [36m</h1>[39m
            [36m<p[39m
              [33mclass[39m=[32m"_session-caption_bf0702"[39m
            [36m>[39m
              [0m?????session-1[0m
            [36m</p>[39m
          [36m</div>[39m
        [36m</div>[39m
        [36m<div[39m
          [33mclass[39m=[32m"_header-controls_bf0702"[39m
        [36m>[39m
          [36m<label[39m
            [33mclass[39m=[32m"_thinking-toggle_bf0702"[39m
            [33mtitle[39m=[32m"?? AI ????"[39m
          [36m>[39m
            [36m<input[39m
              [33mtype[39m=[32m"checkbox"[39m
            [36m/>[39m
            [36m<span>[39m
              [0m??[0m
            [36m</span>[39m
          [36m</label>[39m
          [36m<select[39m
            [33mclass[39m=[32m"_mode-select_bf0702"[39m
          [36m>[39m
            [36m<option[39m
              [33mvalue[39m=[32m"stream"[39m
            [36m>[39m
              [0m????[0m
            [36m</option>[39m
            [36m<option[39m
              [33mvalue[39m=[32m"direct"[39m
            [36m>[39m
              [0m????[0m
            [36m</option>[39m
          [36m</select>[39m
          [36m<span[39m
            [33mclass[39m=[32m"_current-model_bf0702"[39m
          [36m>[39m
            [0mgpt-4o-mini[0m
          [36m</span>[39m
        [36m</div>[39m
        [36m<button[39m
          [33mclass[39m=[32m"btn _btn-secondary_bf0702"[39m
        [36m>[39m
          [0m???[0m
        [36m</button>[39m
      [36m</div>[39m
      [36m<div[39m
        [33mclass[39m=[32m"_chat-body_bf0702"[39m
      [36m>[39m
        [36m<aside[39m
          [33maria-label[39m=[32m"???????"[39m
          [33mclass[39m=[32m"_sidebar_e4172f"[39m
        [36m>[39m
          [36m<div[39m
            [33mclass[39m=[32m"_header_e4172f"[39m
          [36m>[39m
            [36m<span[39m
              [33mclass[39m=[32m"_title_e4172f"[39m
            [36m>[39m
              [0m????[0m
            [36m</span>[39m
            [36m<div[39m
              [33mclass[39m=[32m"_headerActions_e4172f"[39m
            [36m>[39m
              [36m<button[39m
                [33mclass[39m=[32m"_iconButton_e4172f"[39m
                [33mtitle[39m=[32m"????"[39m
                [33mtype[39m=[32m"button"[39m
              [36m>[39m
                [36m<svg[39m
                  [33maria-hidden[39m=[32m"true"[39m
                  [33mclass[39m=[32m"lucide lucide-plus"[39m
                  [33mfill[39m=[32m"none"[39m
                  [33mheight[39m=[32m"16"[39m
                  [33mstroke[39m=[32m"currentColor"[39m
                  [33mstroke-linecap[39m=[32m"round"[39m
                  [33mstroke-linejoin[39m=[32m"round"[39m
                  [33mstroke-width[39m=[32m"2"[39m
                  [33mviewBox[39m=[32m"0 0 24 24"[39m
                  [33mwidth[39m=[32m"16"[39m
                  [33mxmlns[39m=[32m"http://www.w3.org/2000/svg"[39m
                [36m>[39m
                  [36m<path[39m
                    [33md[39m=[32m"M5 12h14"[39m
                  [36m/>[39m
                  [36m<path[39m
                    [33md[39m=[32m"M12 5v14"[39m
                  [36m/>[39m
                [36m</svg>[39m
              [36m</button>[39m
              [36m<button[39m
                [33mclass[39m=[32m"_iconButton_e4172f"[39m
                [33mtitle[39m=[32m"??????"[39m
                [33mtype[39m=[32m"button"[39m
              [36m>[39m
                [36m<svg[39m
                  [33maria-hidden[39m=[32m"true"[39m
                  [33mclass[39m=[32m"lucide lucide-panel-left"[39m
                  [33mfill[39m=[32m"none"[39m
                  [33mheight[39m=[32m"16"[39m
                  [33mstroke[39m=[32m"currentColor"[39m
                  [33mstroke-linecap[39m=[32m"round"[39m
                  [33mstroke-linejoin[39m=[32m"round"[39m
                  [33mstroke-width[39m=[32m"2"[39m
                  [33mviewBox[39m=[32m"0 0 24 24"[39m
                  [33mwidth[39m=[32m"16"[39m
                  [33mxmlns[39m=[32m"http://www.w3.org/2000/svg"[39m
                [36m>[39m
                  [36m<rect[39m
                    [33mheight[39m=[32m"18"[39m
                    [33mrx[39m=[32m"2"[39m
                    [33mwidth[39m=[32m"18"[39m
                    [33mx[39m=[32m"3"[39m
                    [33my[39m=[32m"3"[39m
                  [36m/>[39m
                  [36m<path[39m
                    [33md[39m=[32m"M9 3v18"[39m
                  [36m/>[39m
                [36m</svg>[39m
              [36m</button>[39m
            [36m</div>[39m
          [36m</div>[39m
          [36m<div[39m
            [33mclass[39m=[32m"_filters_e4172f"[39m
          [36m>[39m
            [36m<div[39m
              [33mclass[39m=[32m"_searchRow_e4172f"[39m
            [36m>[39m
              [36m<svg[39m
                [33maria-hidden[39m=[32m"true"[39m
                [33mclass[39m=[32m"lucide lucide-search"[39m
                [33mfill[39m=[32m"none"[39m
                [33mheight[39m=[32m"15"[39m
                [33mstroke[39m=[32m"currentColor"[39m
                [33mstroke-linecap[39m=[32m"round"[39m
                [33mstroke-linejoin[39m=[32m"round"[39m
                [33mstroke-width[39m=[32m"2"[39m
                [33mviewBox[39m=[32m"0 0 24 24"[39m
                [33mwidth[39m=[32m"15"[39m
                [33mxmlns[39m=[32m"http://www.w3.org/2000/svg"[39m
              [36m>[39m
                [36m<path[39m
                  [33md[39m=[32m"m21 21-4.34-4.34"[39m
                [36m/>[39m
                [36m<circle[39m
                  [33mcx[39m=[32m"11"[39m
                  [33mcy[39m=[32m"11"[39m
                  [33mr[39m=[32m"8"[39m
                [36m/>[39m
              [36m</svg>[39m
              [36m<input[39m
                [33mclass[39m=[32m"_searchInput_e4172f"[39m
                [33mplaceholder[39m=[32m"???????"[39m
                [33mvalue[39m=[32m""[39m
              [36m/>[39m
            [36m</div>[39m
            [36m<div[39m
              [33mclass[39m=[32m"_sortRow_e4172f"[39m
            [36m>[39m
              [36m<select[39m
                [33mclass[39m=[32m"_sortSelect_e4172f"[39m
              [36m>[39m
                [36m<option[39m
                  [33mvalue[39m=[32m"last_message_at"[39m
                [36m>[39m
                  [0m?????[0m
                [36m</option>[39m
                [36m<option[39m
                  [33mvalue[39m=[32m"title"[39m
                [36m>[39m
                  [0m?????[0m
                [36m</option>[39m
              [36m</select>[39m
            [36m</div>[39m
            [36m<label[39m
              [33mclass[39m=[32m"_checkboxRow_e4172f"[39m
            [36m>[39m
              [36m<input[39m
                [33mtype[39m=[32m"checkbox"[39m
              [36m/>[39m
              [36m<span>[39m
                [0m??????[0m
              [36m</span>[39m
            [36m</label>[39m
            [36m<div[39m
              [33mclass[39m=[32m"_batchActions_e4172f"[39m
            [36m>[39m
              [36m<label[39m
                [33mclass[39m=[32m"_checkboxRow_e4172f"[39m
              [36m>[39m
                [36m<input[39m
                  [33mdisabled[39m=[32m""[39m
                  [33mtype[39m=[32m"checkbox"[39m
                [36m/>[39m
                [36m<span>[39m
                  [0m??????[0m
                [36m</span>[39m
              [36m</label>[39m
              [36m<div[39m
                [33mclass[39m=[32m"_batchButtons_e4172f"[39m
              [36m>[39m
                [36m<button[39m
                  [33mclass[39m=[32m"_secondaryButton_e4172f"[39m
                  [33mdisabled[39m=[32m""[39m
                  [33mtype[39m=[32m"button"[39m
                [36m>[39m
                  [0m????[0m
                [36m</button>[39m
                [36m<button[39m
                  [33mclass[39m=[32m"_dangerButton_e4172f"[39m
                  [33mdisabled[39m=[32m""[39m
                  [33mtype[39m=[32m"button"[39m
                [36m>[39m
                  [0m????[0m
                  [0m [0m
                [36m</button>[39m
              [36m</div>[39m
            [36m</div>[39m
          [36m</div>[39m
          [36m<div[39m
            [33mclass[39m=[32m"_content_e4172f"[39m
          [36m>[39m
            [36m<div[39m
              [33mclass[39m=[32m"_empty_e4172f"[39m
            [36m>[39m
              [0m??????[0m
            [36m</div>[39m
          [36m</div>[39m
        [36m</aside>[39m
        [36m<div[39m
          [33mclass[39m=[32m"_chat-main_bf0702"[39m
        [36m>[39m
          [36m<div[39m
            [33maria-label[39m=[32m"????"[39m
            [33maria-live[39m=[32m"polite"[39m
            [33mclass[39m=[32m"_chat-messages_bf0702"[39m
            [33mrole[39m=[32m"log"[39m
          [36m>[39m
            [36m<div[39m
              [33mclass[39m=[32m"_chat-empty_bf0702"[39m
            [36m>[39m
              [36m<p>[39m
                [0m??????????????[0m
              [36m</p>[39m
            [36m</div>[39m
          [36m</div>[39m
          [36m<div[39m
            [33mclass[39m=[32m"_panel_d1103a _collapsed_d1103a"[39m
          [36m>[39m
            [36m<button[39m
              [33mclass[39m=[32m"_toggle-btn_d1103a"[39m
              [33mtitle[39m=[32m"??????"[39m
              [33mtype[39m=[32m"button"[39m
            [36m>[39m
              [36m<span[39m
                [33mclass[39m=[32m"_toggle-arrow_d1103a _arrow-collapsed_d1103a"[39m
              [36m>[39m
                [0m?[0m
              [36m</span>[39m
            [36m</button>[39m
          [36m</div>[39m
          [36m<div[39m
            [33mclass[39m=[32m"_chat-input-container_957f92 "[39m
          [36m>[39m
            [36m<div[39m
              [33mclass[39m=[32m"_input-row_957f92"[39m
            [36m>[39m
              [36m<input[39m
                [33maccept[39m=[32m".jpg,.jpeg,.png,.gif,.webp,.pdf,.txt,.md,.csv"[39m
                [33mmultiple[39m=[32m""[39m
                [33mstyle[39m=[32m"display: none;"[39m
                [33mtype[39m=[32m"file"[39m
              [36m/>[39m
              [36m<button[39m
                [33mclass[39m=[32m"_attach-btn_957f92"[39m
                [33mtitle[39m=[32m"attach file"[39m
              [36m>[39m
                [36m<svg[39m
                  [33maria-hidden[39m=[32m"true"[39m
                  [33mclass[39m=[32m"lucide lucide-paperclip"[39m
                  [33mfill[39m=[32m"none"[39m
                  [33mheight[39m=[32m"20"[39m
                  [33mstroke[39m=[32m"currentColor"[39m
                  [33mstroke-linecap[39m=[32m"round"[39m
                  [33mstroke-linejoin[39m=[32m"round"[39m
                  [33mstroke-width[39m=[32m"2"[39m
                  [33mviewBox[39m=[32m"0 0 24 24"[39m
                  [33mwidth[39m=[32m"20"[39m
                  [33mxmlns[39m=[32m"http://www.w3.org/2000/svg"[39m
                [36m>[39m
                  [36m<path[39m
                    [33md[39m=[32m"m16 6-8.414 8.586a2 2 0 0 0 2.829 2.829l8.414-8.586a4 4 0 1 0-5.657-5.657l-8.379 8.551a6 6 0 1 0 8.485 8.485l8.379-8.551"[39m
                  [36m/>[39m
                [36m</svg>[39m
              [36m</button>[39m
              [36m<textarea[39m
                [33mclass[39m=[32m"_chat-input_957f92"[39m
                [33mplaceholder[39m=[32m"type your question... (try /diary for daily diary)"[39m
                [33mrows[39m=[32m"1"[39m
              [36m/>[39m
              [36m<button[39m
                [33mclass[39m=[32m"btn btn-primary _send-btn_957f92"[39m
                [33mdisabled[39m=[32m""[39m
              [36m>[39m
                [36m<svg[39m
                  [33maria-hidden[39m=[32m"true"[39m
                  [33mclass[39m=[32m"lucide lucide-send"[39m
                  [33mfill[39m=[32m"none"[39m
                  [33mheight[39m=[32m"18"[39m
                  [33mstroke[39m=[32m"currentColor"[39m
                  [33mstroke-linecap[39m=[32m"round"[39m
                  [33mstroke-linejoin[39m=[32m"round"[39m
                  [33mstroke-width[39m=[32m"2"[39m
                  [33mviewBox[39m=[32m"0 0 24 24"[39m
                  [33mwidth[39m=[32m"18"[39m
                  [33mxmlns[39m=[32m"http://www.w3.org/2000/svg"[39m
                [36m>[39m
                  [36m<path[39m
                    [33md[39m=[32m"M14.536 21.686a.5.5 0 0 0 .937-.024l6.5-19a.496.496 0 0 0-.635-.635l-19 6.5a.5.5 0 0 0-.024.937l7.93 3.18a2 2 0 0 1 1.112 1.11z"[39m
                  [36m/>[39m
                  [36m<path[39m
                    [33md[39m=[32m"m21.854 2.147-10.94 10.939"[39m
                  [36m/>[39m
                [36m</svg>[39m
              [36m</button>[39m
            [36m</div>[39m
          [36m</div>[39m
        [36m</div>[39m
      [36m</div>[39m
    [36m</div>[39m
  [36m</div>[39m
[36m</body>[39m
   ? ChatPage > ???????????????? 362ms
     ? Unable to find an element with the placeholder text of: type your question...

Ignored nodes: comments, script, style
[36m<body>[39m
  [36m<div[39m
    [33mid[39m=[32m"root"[39m
  [36m/>[39m
  [36m<div>[39m
    [36m<div[39m
      [33mclass[39m=[32m"_chat-page_bf0702"[39m
    [36m>[39m
      [36m<div[39m
        [33mclass[39m=[32m"_chat-header_bf0702"[39m
      [36m>[39m
        [36m<div[39m
          [33mclass[39m=[32m"_chat-header-title_bf0702"[39m
        [36m>[39m
          [36m<button[39m
            [33maria-label[39m=[32m"??????"[39m
            [33mclass[39m=[32m"_history-toggle_bf0702"[39m
            [33mtitle[39m=[32m"??????"[39m
            [33mtype[39m=[32m"button"[39m
          [36m>[39m
            [36m<svg[39m
              [33maria-hidden[39m=[32m"true"[39m
              [33mclass[39m=[32m"lucide lucide-panel-left"[39m
              [33mfill[39m=[32m"none"[39m
              [33mheight[39m=[32m"18"[39m
              [33mstroke[39m=[32m"currentColor"[39m
              [33mstroke-linecap[39m=[32m"round"[39m
              [33mstroke-linejoin[39m=[32m"round"[39m
              [33mstroke-width[39m=[32m"2"[39m
              [33mviewBox[39m=[32m"0 0 24 24"[39m
              [33mwidth[39m=[32m"18"[39m
              [33mxmlns[39m=[32m"http://www.w3.org/2000/svg"[39m
            [36m>[39m
              [36m<rect[39m
                [33mheight[39m=[32m"18"[39m
                [33mrx[39m=[32m"2"[39m
                [33mwidth[39m=[32m"18"[39m
                [33mx[39m=[32m"3"[39m
                [33my[39m=[32m"3"[39m
              [36m/>[39m
              [36m<path[39m
                [33md[39m=[32m"M9 3v18"[39m
              [36m/>[39m
            [36m</svg>[39m
          [36m</button>[39m
          [36m<div>[39m
            [36m<h1>[39m
              [0mAI ??[0m
            [36m</h1>[39m
            [36m<p[39m
              [33mclass[39m=[32m"_session-caption_bf0702"[39m
            [36m>[39m
              [0m?????session-1[0m
            [36m</p>[39m
          [36m</div>[39m
        [36m</div>[39m
        [36m<div[39m
          [33mclass[39m=[32m"_header-controls_bf0702"[39m
        [36m>[39m
          [36m<label[39m
            [33mclass[39m=[32m"_thinking-toggle_bf0702"[39m
            [33mtitle[39m=[32m"?? AI ????"[39m
          [36m>[39m
            [36m<input[39m
              [33mtype[39m=[32m"checkbox"[39m
            [36m/>[39m
            [36m<span>[39m
              [0m??[0m
            [36m</span>[39m
          [36m</label>[39m
          [36m<select[39m
            [33mclass[39m=[32m"_mode-select_bf0702"[39m
          [36m>[39m
            [36m<option[39m
              [33mvalue[39m=[32m"stream"[39m
            [36m>[39m
              [0m????[0m
            [36m</option>[39m
            [36m<option[39m
              [33mvalue[39m=[32m"direct"[39m
            [36m>[39m
              [0m????[0m
            [36m</option>[39m
          [36m</select>[39m
          [36m<span[39m
            [33mclass[39m=[32m"_current-model_bf0702"[39m
          [36m>[39m
            [0mgpt-4o-mini[0m
          [36m</span>[39m
        [36m</div>[39m
        [36m<button[39m
          [33mclass[39m=[32m"btn _btn-secondary_bf0702"[39m
        [36m>[39m
          [0m???[0m
        [36m</button>[39m
      [36m</div>[39m
      [36m<div[39m
        [33mclass[39m=[32m"_chat-body_bf0702"[39m
      [36m>[39m
        [36m<aside[39m
          [33maria-label[39m=[32m"???????"[39m
          [33mclass[39m=[32m"_sidebar_e4172f"[39m
        [36m>[39m
          [36m<div[39m
            [33mclass[39m=[32m"_header_e4172f"[39m
          [36m>[39m
            [36m<span[39m
              [33mclass[39m=[32m"_title_e4172f"[39m
            [36m>[39m
              [0m????[0m
            [36m</span>[39m
            [36m<div[39m
              [33mclass[39m=[32m"_headerActions_e4172f"[39m
            [36m>[39m
              [36m<button[39m
                [33mclass[39m=[32m"_iconButton_e4172f"[39m
                [33mtitle[39m=[32m"????"[39m
                [33mtype[39m=[32m"button"[39m
              [36m>[39m
                [36m<svg[39m
                  [33maria-hidden[39m=[32m"true"[39m
                  [33mclass[39m=[32m"lucide lucide-plus"[39m
                  [33mfill[39m=[32m"none"[39m
                  [33mheight[39m=[32m"16"[39m
                  [33mstroke[39m=[32m"currentColor"[39m
                  [33mstroke-linecap[39m=[32m"round"[39m
                  [33mstroke-linejoin[39m=[32m"round"[39m
                  [33mstroke-width[39m=[32m"2"[39m
                  [33mviewBox[39m=[32m"0 0 24 24"[39m
                  [33mwidth[39m=[32m"16"[39m
                  [33mxmlns[39m=[32m"http://www.w3.org/2000/svg"[39m
                [36m>[39m
                  [36m<path[39m
                    [33md[39m=[32m"M5 12h14"[39m
                  [36m/>[39m
                  [36m<path[39m
                    [33md[39m=[32m"M12 5v14"[39m
                  [36m/>[39m
                [36m</svg>[39m
              [36m</button>[39m
              [36m<button[39m
                [33mclass[39m=[32m"_iconButton_e4172f"[39m
                [33mtitle[39m=[32m"??????"[39m
                [33mtype[39m=[32m"button"[39m
              [36m>[39m
                [36m<svg[39m
                  [33maria-hidden[39m=[32m"true"[39m
                  [33mclass[39m=[32m"lucide lucide-panel-left"[39m
                  [33mfill[39m=[32m"none"[39m
                  [33mheight[39m=[32m"16"[39m
                  [33mstroke[39m=[32m"currentColor"[39m
                  [33mstroke-linecap[39m=[32m"round"[39m
                  [33mstroke-linejoin[39m=[32m"round"[39m
                  [33mstroke-width[39m=[32m"2"[39m
                  [33mviewBox[39m=[32m"0 0 24 24"[39m
                  [33mwidth[39m=[32m"16"[39m
                  [33mxmlns[39m=[32m"http://www.w3.org/2000/svg"[39m
                [36m>[39m
                  [36m<rect[39m
                    [33mheight[39m=[32m"18"[39m
                    [33mrx[39m=[32m"2"[39m
                    [33mwidth[39m=[32m"18"[39m
                    [33mx[39m=[32m"3"[39m
                    [33my[39m=[32m"3"[39m
                  [36m/>[39m
                  [36m<path[39m
                    [33md[39m=[32m"M9 3v18"[39m
                  [36m/>[39m
                [36m</svg>[39m
              [36m</button>[39m
            [36m</div>[39m
          [36m</div>[39m
          [36m<div[39m
            [33mclass[39m=[32m"_filters_e4172f"[39m
          [36m>[39m
            [36m<div[39m
              [33mclass[39m=[32m"_searchRow_e4172f"[39m
            [36m>[39m
              [36m<svg[39m
                [33maria-hidden[39m=[32m"true"[39m
                [33mclass[39m=[32m"lucide lucide-search"[39m
                [33mfill[39m=[32m"none"[39m
                [33mheight[39m=[32m"15"[39m
                [33mstroke[39m=[32m"currentColor"[39m
                [33mstroke-linecap[39m=[32m"round"[39m
                [33mstroke-linejoin[39m=[32m"round"[39m
                [33mstroke-width[39m=[32m"2"[39m
                [33mviewBox[39m=[32m"0 0 24 24"[39m
                [33mwidth[39m=[32m"15"[39m
                [33mxmlns[39m=[32m"http://www.w3.org/2000/svg"[39m
              [36m>[39m
                [36m<path[39m
                  [33md[39m=[32m"m21 21-4.34-4.34"[39m
                [36m/>[39m
                [36m<circle[39m
                  [33mcx[39m=[32m"11"[39m
                  [33mcy[39m=[32m"11"[39m
                  [33mr[39m=[32m"8"[39m
                [36m/>[39m
              [36m</svg>[39m
              [36m<input[39m
                [33mclass[39m=[32m"_searchInput_e4172f"[39m
                [33mplaceholder[39m=[32m"???????"[39m
                [33mvalue[39m=[32m""[39m
              [36m/>[39m
            [36m</div>[39m
            [36m<div[39m
              [33mclass[39m=[32m"_sortRow_e4172f"[39m
            [36m>[39m
              [36m<select[39m
                [33mclass[39m=[32m"_sortSelect_e4172f"[39m
              [36m>[39m
                [36m<option[39m
                  [33mvalue[39m=[32m"last_message_at"[39m
                [36m>[39m
                  [0m?????[0m
                [36m</option>[39m
                [36m<option[39m
                  [33mvalue[39m=[32m"title"[39m
                [36m>[39m
                  [0m?????[0m
                [36m</option>[39m
              [36m</select>[39m
            [36m</div>[39m
            [36m<label[39m
              [33mclass[39m=[32m"_checkboxRow_e4172f"[39m
            [36m>[39m
              [36m<input[39m
                [33mtype[39m=[32m"checkbox"[39m
              [36m/>[39m
              [36m<span>[39m
                [0m??????[0m
              [36m</span>[39m
            [36m</label>[39m
            [36m<div[39m
              [33mclass[39m=[32m"_batchActions_e4172f"[39m
            [36m>[39m
              [36m<label[39m
                [33mclass[39m=[32m"_checkboxRow_e4172f"[39m
              [36m>[39m
                [36m<input[39m
                  [33mdisabled[39m=[32m""[39m
                  [33mtype[39m=[32m"checkbox"[39m
                [36m/>[39m
                [36m<span>[39m
                  [0m??????[0m
                [36m</span>[39m
              [36m</label>[39m
              [36m<div[39m
                [33mclass[39m=[32m"_batchButtons_e4172f"[39m
              [36m>[39m
                [36m<button[39m
                  [33mclass[39m=[32m"_secondaryButton_e4172f"[39m
                  [33mdisabled[39m=[32m""[39m
                  [33mtype[39m=[32m"button"[39m
                [36m>[39m
                  [0m????[0m
                [36m</button>[39m
                [36m<button[39m
                  [33mclass[39m=[32m"_dangerButton_e4172f"[39m
                  [33mdisabled[39m=[32m""[39m
                  [33mtype[39m=[32m"button"[39m
                [36m>[39m
                  [0m????[0m
                  [0m [0m
                [36m</button>[39m
              [36m</div>[39m
            [36m</div>[39m
          [36m</div>[39m
          [36m<div[39m
            [33mclass[39m=[32m"_content_e4172f"[39m
          [36m>[39m
            [36m<div[39m
              [33mclass[39m=[32m"_empty_e4172f"[39m
            [36m>[39m
              [0m??????[0m
            [36m</div>[39m
          [36m</div>[39m
        [36m</aside>[39m
        [36m<div[39m
          [33mclass[39m=[32m"_chat-main_bf0702"[39m
        [36m>[39m
          [36m<div[39m
            [33maria-label[39m=[32m"????"[39m
            [33maria-live[39m=[32m"polite"[39m
            [33mclass[39m=[32m"_chat-messages_bf0702"[39m
            [33mrole[39m=[32m"log"[39m
          [36m>[39m
            [36m<div[39m
              [33mclass[39m=[32m"_chat-empty_bf0702"[39m
            [36m>[39m
              [36m<p>[39m
                [0m??????????????[0m
              [36m</p>[39m
            [36m</div>[39m
          [36m</div>[39m
          [36m<div[39m
            [33mclass[39m=[32m"_panel_d1103a _collapsed_d1103a"[39m
          [36m>[39m
            [36m<button[39m
              [33mclass[39m=[32m"_toggle-btn_d1103a"[39m
              [33mtitle[39m=[32m"??????"[39m
              [33mtype[39m=[32m"button"[39m
            [36m>[39m
              [36m<span[39m
                [33mclass[39m=[32m"_toggle-arrow_d1103a _arrow-collapsed_d1103a"[39m
              [36m>[39m
                [0m?[0m
              [36m</span>[39m
            [36m</button>[39m
          [36m</div>[39m
          [36m<div[39m
            [33mclass[39m=[32m"_chat-input-container_957f92 "[39m
          [36m>[39m
            [36m<div[39m
              [33mclass[39m=[32m"_input-row_957f92"[39m
            [36m>[39m
              [36m<input[39m
                [33maccept[39m=[32m".jpg,.jpeg,.png,.gif,.webp,.pdf,.txt,.md,.csv"[39m
                [33mmultiple[39m=[32m""[39m
                [33mstyle[39m=[32m"display: none;"[39m
                [33mtype[39m=[32m"file"[39m
              [36m/>[39m
              [36m<button[39m
                [33mclass[39m=[32m"_attach-btn_957f92"[39m
                [33mtitle[39m=[32m"attach file"[39m
              [36m>[39m
                [36m<svg[39m
                  [33maria-hidden[39m=[32m"true"[39m
                  [33mclass[39m=[32m"lucide lucide-paperclip"[39m
                  [33mfill[39m=[32m"none"[39m
                  [33mheight[39m=[32m"20"[39m
                  [33mstroke[39m=[32m"currentColor"[39m
                  [33mstroke-linecap[39m=[32m"round"[39m
                  [33mstroke-linejoin[39m=[32m"round"[39m
                  [33mstroke-width[39m=[32m"2"[39m
                  [33mviewBox[39m=[32m"0 0 24 24"[39m
                  [33mwidth[39m=[32m"20"[39m
                  [33mxmlns[39m=[32m"http://www.w3.org/2000/svg"[39m
                [36m>[39m
                  [36m<path[39m
                    [33md[39m=[32m"m16 6-8.414 8.586a2 2 0 0 0 2.829 2.829l8.414-8.586a4 4 0 1 0-5.657-5.657l-8.379 8.551a6 6 0 1 0 8.485 8.485l8.379-8.551"[39m
                  [36m/>[39m
                [36m</svg>[39m
              [36m</button>[39m
              [36m<textarea[39m
                [33mclass[39m=[32m"_chat-input_957f92"[39m
                [33mplaceholder[39m=[32m"type your question... (try /diary for daily diary)"[39m
                [33mrows[39m=[32m"1"[39m
              [36m/>[39m
              [36m<button[39m
                [33mclass[39m=[32m"btn btn-primary _send-btn_957f92"[39m
                [33mdisabled[39m=[32m""[39m
              [36m>[39m
                [36m<svg[39m
                  [33maria-hidden[39m=[32m"true"[39m
                  [33mclass[39m=[32m"lucide lucide-send"[39m
                  [33mfill[39m=[32m"none"[39m
                  [33mheight[39m=[32m"18"[39m
                  [33mstroke[39m=[32m"currentColor"[39m
                  [33mstroke-linecap[39m=[32m"round"[39m
                  [33mstroke-linejoin[39m=[32m"round"[39m
                  [33mstroke-width[39m=[32m"2"[39m
                  [33mviewBox[39m=[32m"0 0 24 24"[39m
                  [33mwidth[39m=[32m"18"[39m
                  [33mxmlns[39m=[32m"http://www.w3.org/2000/svg"[39m
                [36m>[39m
                  [36m<path[39m
                    [33md[39m=[32m"M14.536 21.686a.5.5 0 0 0 .937-.024l6.5-19a.496.496 0 0 0-.635-.635l-19 6.5a.5.5 0 0 0-.024.937l7.93 3.18a2 2 0 0 1 1.112 1.11z"[39m
                  [36m/>[39m
                  [36m<path[39m
                    [33md[39m=[32m"m21.854 2.147-10.94 10.939"[39m
                  [36m/>[39m
                [36m</svg>[39m
              [36m</button>[39m
            [36m</div>[39m
          [36m</div>[39m
        [36m</div>[39m
      [36m</div>[39m
    [36m</div>[39m
  [36m</div>[39m
[36m</body>[39m
   ? ChatPage > ?????????????????? 54ms
     ? Unable to find an element with the placeholder text of: type your question...

Ignored nodes: comments, script, style
[36m<body>[39m
  [36m<div[39m
    [33mid[39m=[32m"root"[39m
  [36m/>[39m
  [36m<div>[39m
    [36m<div[39m
      [33mclass[39m=[32m"_chat-page_bf0702"[39m
    [36m>[39m
      [36m<div[39m
        [33mclass[39m=[32m"_chat-header_bf0702"[39m
      [36m>[39m
        [36m<div[39m
          [33mclass[39m=[32m"_chat-header-title_bf0702"[39m
        [36m>[39m
          [36m<button[39m
            [33maria-label[39m=[32m"??????"[39m
            [33mclass[39m=[32m"_history-toggle_bf0702"[39m
            [33mtitle[39m=[32m"??????"[39m
            [33mtype[39m=[32m"button"[39m
          [36m>[39m
            [36m<svg[39m
              [33maria-hidden[39m=[32m"true"[39m
              [33mclass[39m=[32m"lucide lucide-panel-left"[39m
              [33mfill[39m=[32m"none"[39m
              [33mheight[39m=[32m"18"[39m
              [33mstroke[39m=[32m"currentColor"[39m
              [33mstroke-linecap[39m=[32m"round"[39m
              [33mstroke-linejoin[39m=[32m"round"[39m
              [33mstroke-width[39m=[32m"2"[39m
              [33mviewBox[39m=[32m"0 0 24 24"[39m
              [33mwidth[39m=[32m"18"[39m
              [33mxmlns[39m=[32m"http://www.w3.org/2000/svg"[39m
            [36m>[39m
              [36m<rect[39m
                [33mheight[39m=[32m"18"[39m
                [33mrx[39m=[32m"2"[39m
                [33mwidth[39m=[32m"18"[39m
                [33mx[39m=[32m"3"[39m
                [33my[39m=[32m"3"[39m
              [36m/>[39m
              [36m<path[39m
                [33md[39m=[32m"M9 3v18"[39m
              [36m/>[39m
            [36m</svg>[39m
          [36m</button>[39m
          [36m<div>[39m
            [36m<h1>[39m
              [0mAI ??[0m
            [36m</h1>[39m
            [36m<p[39m
              [33mclass[39m=[32m"_session-caption_bf0702"[39m
            [36m>[39m
              [0m?????session-1[0m
            [36m</p>[39m
          [36m</div>[39m
        [36m</div>[39m
        [36m<div[39m
          [33mclass[39m=[32m"_header-controls_bf0702"[39m
        [36m>[39m
          [36m<label[39m
            [33mclass[39m=[32m"_thinking-toggle_bf0702"[39m
            [33mtitle[39m=[32m"???????"[39m
          [36m>[39m
            [36m<input[39m
              [33mdisabled[39m=[32m""[39m
              [33mtype[39m=[32m"checkbox"[39m
            [36m/>[39m
            [36m<span>[39m
              [0m??[0m
            [36m</span>[39m
          [36m</label>[39m
          [36m<select[39m
            [33mclass[39m=[32m"_mode-select_bf0702"[39m
          [36m>[39m
            [36m<option[39m
              [33mvalue[39m=[32m"stream"[39m
            [36m>[39m
              [0m????[0m
            [36m</option>[39m
            [36m<option[39m
              [33mvalue[39m=[32m"direct"[39m
            [36m>[39m
              [0m????[0m
            [36m</option>[39m
          [36m</select>[39m
          [36m<span[39m
            [33mclass[39m=[32m"_current-model_bf0702"[39m
          [36m>[39m
            [0mgpt-4o-mini[0m
          [36m</span>[39m
        [36m</div>[39m
        [36m<button[39m
          [33mclass[39m=[32m"btn _btn-secondary_bf0702"[39m
        [36m>[39m
          [0m???[0m
        [36m</button>[39m
      [36m</div>[39m
      [36m<div[39m
        [33mclass[39m=[32m"_chat-body_bf0702"[39m
      [36m>[39m
        [36m<aside[39m
          [33maria-label[39m=[32m"???????"[39m
          [33mclass[39m=[32m"_sidebar_e4172f"[39m
        [36m>[39m
          [36m<div[39m
            [33mclass[39m=[32m"_header_e4172f"[39m
          [36m>[39m
            [36m<span[39m
              [33mclass[39m=[32m"_title_e4172f"[39m
            [36m>[39m
              [0m????[0m
            [36m</span>[39m
            [36m<div[39m
              [33mclass[39m=[32m"_headerActions_e4172f"[39m
            [36m>[39m
              [36m<button[39m
                [33mclass[39m=[32m"_iconButton_e4172f"[39m
                [33mtitle[39m=[32m"????"[39m
                [33mtype[39m=[32m"button"[39m
              [36m>[39m
                [36m<svg[39m
                  [33maria-hidden[39m=[32m"true"[39m
                  [33mclass[39m=[32m"lucide lucide-plus"[39m
                  [33mfill[39m=[32m"none"[39m
                  [33mheight[39m=[32m"16"[39m
                  [33mstroke[39m=[32m"currentColor"[39m
                  [33mstroke-linecap[39m=[32m"round"[39m
                  [33mstroke-linejoin[39m=[32m"round"[39m
                  [33mstroke-width[39m=[32m"2"[39m
                  [33mviewBox[39m=[32m"0 0 24 24"[39m
                  [33mwidth[39m=[32m"16"[39m
                  [33mxmlns[39m=[32m"http://www.w3.org/2000/svg"[39m
                [36m>[39m
                  [36m<path[39m
                    [33md[39m=[32m"M5 12h14"[39m
                  [36m/>[39m
                  [36m<path[39m
                    [33md[39m=[32m"M12 5v14"[39m
                  [36m/>[39m
                [36m</svg>[39m
              [36m</button>[39m
              [36m<button[39m
                [33mclass[39m=[32m"_iconButton_e4172f"[39m
                [33mtitle[39m=[32m"??????"[39m
                [33mtype[39m=[32m"button"[39m
              [36m>[39m
                [36m<svg[39m
                  [33maria-hidden[39m=[32m"true"[39m
                  [33mclass[39m=[32m"lucide lucide-panel-left"[39m
                  [33mfill[39m=[32m"none"[39m
                  [33mheight[39m=[32m"16"[39m
                  [33mstroke[39m=[32m"currentColor"[39m
                  [33mstroke-linecap[39m=[32m"round"[39m
                  [33mstroke-linejoin[39m=[32m"round"[39m
                  [33mstroke-width[39m=[32m"2"[39m
                  [33mviewBox[39m=[32m"0 0 24 24"[39m
                  [33mwidth[39m=[32m"16"[39m
                  [33mxmlns[39m=[32m"http://www.w3.org/2000/svg"[39m
                [36m>[39m
                  [36m<rect[39m
                    [33mheight[39m=[32m"18"[39m
                    [33mrx[39m=[32m"2"[39m
                    [33mwidth[39m=[32m"18"[39m
                    [33mx[39m=[32m"3"[39m
                    [33my[39m=[32m"3"[39m
                  [36m/>[39m
                  [36m<path[39m
                    [33md[39m=[32m"M9 3v18"[39m
                  [36m/>[39m
                [36m</svg>[39m
              [36m</button>[39m
            [36m</div>[39m
          [36m</div>[39m
          [36m<div[39m
            [33mclass[39m=[32m"_filters_e4172f"[39m
          [36m>[39m
            [36m<div[39m
              [33mclass[39m=[32m"_searchRow_e4172f"[39m
            [36m>[39m
              [36m<svg[39m
                [33maria-hidden[39m=[32m"true"[39m
                [33mclass[39m=[32m"lucide lucide-search"[39m
                [33mfill[39m=[32m"none"[39m
                [33mheight[39m=[32m"15"[39m
                [33mstroke[39m=[32m"currentColor"[39m
                [33mstroke-linecap[39m=[32m"round"[39m
                [33mstroke-linejoin[39m=[32m"round"[39m
                [33mstroke-width[39m=[32m"2"[39m
                [33mviewBox[39m=[32m"0 0 24 24"[39m
                [33mwidth[39m=[32m"15"[39m
                [33mxmlns[39m=[32m"http://www.w3.org/2000/svg"[39m
              [36m>[39m
                [36m<path[39m
                  [33md[39m=[32m"m21 21-4.34-4.34"[39m
                [36m/>[39m
                [36m<circle[39m
                  [33mcx[39m=[32m"11"[39m
                  [33mcy[39m=[32m"11"[39m
                  [33mr[39m=[32m"8"[39m
                [36m/>[39m
              [36m</svg>[39m
              [36m<input[39m
                [33mclass[39m=[32m"_searchInput_e4172f"[39m
                [33mplaceholder[39m=[32m"???????"[39m
                [33mvalue[39m=[32m""[39m
              [36m/>[39m
            [36m</div>[39m
            [36m<div[39m
              [33mclass[39m=[32m"_sortRow_e4172f"[39m
            [36m>[39m
              [36m<select[39m
                [33mclass[39m=[32m"_sortSelect_e4172f"[39m
              [36m>[39m
                [36m<option[39m
                  [33mvalue[39m=[32m"last_message_at"[39m
                [36m>[39m
                  [0m?????[0m
                [36m</option>[39m
                [36m<option[39m
                  [33mvalue[39m=[32m"title"[39m
                [36m>[39m
                  [0m?????[0m
                [36m</option>[39m
              [36m</select>[39m
            [36m</div>[39m
            [36m<label[39m
              [33mclass[39m=[32m"_checkboxRow_e4172f"[39m
            [36m>[39m
              [36m<input[39m
                [33mtype[39m=[32m"checkbox"[39m
              [36m/>[39m
              [36m<span>[39m
                [0m??????[0m
              [36m</span>[39m
            [36m</label>[39m
            [36m<div[39m
              [33mclass[39m=[32m"_batchActions_e4172f"[39m
            [36m>[39m
              [36m<label[39m
                [33mclass[39m=[32m"_checkboxRow_e4172f"[39m
              [36m>[39m
                [36m<input[39m
                  [33mdisabled[39m=[32m""[39m
                  [33mtype[39m=[32m"checkbox"[39m
                [36m/>[39m
                [36m<span>[39m
                  [0m??????[0m
                [36m</span>[39m
              [36m</label>[39m
              [36m<div[39m
                [33mclass[39m=[32m"_batchButtons_e4172f"[39m
              [36m>[39m
                [36m<button[39m
                  [33mclass[39m=[32m"_secondaryButton_e4172f"[39m
                  [33mdisabled[39m=[32m""[39m
                  [33mtype[39m=[32m"button"[39m
                [36m>[39m
                  [0m????[0m
                [36m</button>[39m
                [36m<button[39m
                  [33mclass[39m=[32m"_dangerButton_e4172f"[39m
                  [33mdisabled[39m=[32m""[39m
                  [33mtype[39m=[32m"button"[39m
                [36m>[39m
                  [0m????[0m
                  [0m [0m
                [36m</button>[39m
              [36m</div>[39m
            [36m</div>[39m
          [36m</div>[39m
          [36m<div[39m
            [33mclass[39m=[32m"_content_e4172f"[39m
          [36m>[39m
            [36m<div[39m
              [33mclass[39m=[32m"_empty_e4172f"[39m
            [36m>[39m
              [0m??????[0m
            [36m</div>[39m
          [36m</div>[39m
        [36m</aside>[39m
        [36m<div[39m
          [33mclass[39m=[32m"_chat-main_bf0702"[39m
        [36m>[39m
          [36m<div[39m
            [33maria-label[39m=[32m"????"[39m
            [33maria-live[39m=[32m"polite"[39m
            [33mclass[39m=[32m"_chat-messages_bf0702"[39m
            [33mrole[39m=[32m"log"[39m
          [36m>[39m
            [36m<div[39m
              [33mclass[39m=[32m"_message_bf0702 _assistant_bf0702"[39m
            [36m>[39m
              [36m<div[39m
                [33mclass[39m=[32m"_message-content_bf0702"[39m
              [36m>[39m
                [36m<p[39m
                  [33mclass[39m=[32m"_loading-text_bf0702"[39m
                [36m>[39m
                  [0mThinking...[0m
                [36m</p>[39m
              [36m</div>[39m
            [36m</div>[39m
            [36m<div />[39m
          [36m</div>[39m
          [36m<div[39m
            [33mclass[39m=[32m"_panel_d1103a _collapsed_d1103a"[39m
          [36m>[39m
            [36m<button[39m
              [33mclass[39m=[32m"_toggle-btn_d1103a"[39m
              [33mtitle[39m=[32m"??????"[39m
              [33mtype[39m=[32m"button"[39m
            [36m>[39m
              [36m<span[39m
                [33mclass[39m=[32m"_toggle-arrow_d1103a _arrow-collapsed_d1103a"[39m
              [36m>[39m
                [0m?[0m
              [36m</span>[39m
            [36m</button>[39m
          [36m</div>[39m
          [36m<div[39m
            [33mclass[39m=[32m"_chat-input-container_957f92 "[39m
          [36m>[39m
            [36m<div[39m
              [33mclass[39m=[32m"_input-row_957f92"[39m
            [36m>[39m
              [36m<input[39m
                [33maccept[39m=[32m".jpg,.jpeg,.png,.gif,.webp,.pdf,.txt,.md,.csv"[39m
                [33mmultiple[39m=[32m""[39m
                [33mstyle[39m=[32m"display: none;"[39m
                [33mtype[39m=[32m"file"[39m
              [36m/>[39m
              [36m<button[39m
                [33mclass[39m=[32m"_attach-btn_957f92"[39m
                [33mdisabled[39m=[32m""[39m
                [33mtitle[39m=[32m"attach file"[39m
              [36m>[39m
                [36m<svg[39m
                  [33maria-hidden[39m=[32m"true"[39m
                  [33mclass[39m=[32m"lucide lucide-paperclip"[39m
                  [33mfill[39m=[32m"none"[39m
                  [33mheight[39m=[32m"20"[39m
                  [33mstroke[39m=[32m"currentColor"[39m
                  [33mstroke-linecap[39m=[32m"round"[39m
                  [33mstroke-linejoin[39m=[32m"round"[39m
                  [33mstroke-width[39m=[32m"2"[39m
                  [33mviewBox[39m=[32m"0 0 24 24"[39m
                  [33mwidth[39m=[32m"20"[39m
                  [33mxmlns[39m=[32m"http://www.w3.org/2000/svg"[39m
                [36m>[39m
                  [36m<path[39m
                    [33md[39m=[32m"m16 6-8.414 8.586a2 2 0 0 0 2.829 2.829l8.414-8.586a4 4 0 1 0-5.657-5.657l-8.379 8.551a6 6 0 1 0 8.485 8.485l8.379-8.551"[39m
                  [36m/>[39m
                [36m</svg>[39m
              [36m</button>[39m
              [36m<textarea[39m
                [33mclass[39m=[32m"_chat-input_957f92"[39m
                [33mplaceholder[39m=[32m"type your question... (try /diary for daily diary)"[39m
                [33mrows[39m=[32m"1"[39m
              [36m/>[39m
              [36m<button[39m
                [33mclass[39m=[32m"btn btn-primary _send-btn_957f92"[39m
                [33mdisabled[39m=[32m""[39m
              [36m>[39m
                [36m<svg[39m
                  [33maria-hidden[39m=[32m"true"[39m
                  [33mclass[39m=[32m"lucide lucide-send"[39m
                  [33mfill[39m=[32m"none"[39m
                  [33mheight[39m=[32m"18"[39m
                  [33mstroke[39m=[32m"currentColor"[39m
                  [33mstroke-linecap[39m=[32m"round"[39m
                  [33mstroke-linejoin[39m=[32m"round"[39m
                  [33mstroke-width[39m=[32m"2"[39m
                  [33mviewBox[39m=[32m"0 0 24 24"[39m
                  [33mwidth[39m=[32m"18"[39m
                  [33mxmlns[39m=[32m"http://www.w3.org/2000/svg"[39m
                [36m>[39m
                  [36m<path[39m
                    [33md[39m=[32m"M14.536 21.686a.5.5 0 0 0 .937-.024l6.5-19a.496.496 0 0 0-.635-.635l-19 6.5a.5.5 0 0 0-.024.937l7.93 3.18a2 2 0 0 1 1.112 1.11z"[39m
                  [36m/>[39m
                  [36m<path[39m
                    [33md[39m=[32m"m21.854 2.147-10.94 10.939"[39m
                  [36m/>[39m
                [36m</svg>[39m
              [36m</button>[39m
            [36m</div>[39m
          [36m</div>[39m
        [36m</div>[39m
      [36m</div>[39m
    [36m</div>[39m
  [36m</div>[39m
[36m</body>[39m
   ? ChatPage > ????????????????????? 288ms
     ? Unable to find an element with the placeholder text of: type your question...

Ignored nodes: comments, script, style
[36m<body>[39m
  [36m<div[39m
    [33mid[39m=[32m"root"[39m
  [36m/>[39m
  [36m<div>[39m
    [36m<div[39m
      [33mclass[39m=[32m"_chat-page_bf0702"[39m
    [36m>[39m
      [36m<div[39m
        [33mclass[39m=[32m"_chat-header_bf0702"[39m
      [36m>[39m
        [36m<div[39m
          [33mclass[39m=[32m"_chat-header-title_bf0702"[39m
        [36m>[39m
          [36m<button[39m
            [33maria-label[39m=[32m"??????"[39m
            [33mclass[39m=[32m"_history-toggle_bf0702"[39m
            [33mtitle[39m=[32m"??????"[39m
            [33mtype[39m=[32m"button"[39m
          [36m>[39m
            [36m<svg[39m
              [33maria-hidden[39m=[32m"true"[39m
              [33mclass[39m=[32m"lucide lucide-panel-left"[39m
              [33mfill[39m=[32m"none"[39m
              [33mheight[39m=[32m"18"[39m
              [33mstroke[39m=[32m"currentColor"[39m
              [33mstroke-linecap[39m=[32m"round"[39m
              [33mstroke-linejoin[39m=[32m"round"[39m
              [33mstroke-width[39m=[32m"2"[39m
              [33mviewBox[39m=[32m"0 0 24 24"[39m
              [33mwidth[39m=[32m"18"[39m
              [33mxmlns[39m=[32m"http://www.w3.org/2000/svg"[39m
            [36m>[39m
              [36m<rect[39m
                [33mheight[39m=[32m"18"[39m
                [33mrx[39m=[32m"2"[39m
                [33mwidth[39m=[32m"18"[39m
                [33mx[39m=[32m"3"[39m
                [33my[39m=[32m"3"[39m
              [36m/>[39m
              [36m<path[39m
                [33md[39m=[32m"M9 3v18"[39m
              [36m/>[39m
            [36m</svg>[39m
          [36m</button>[39m
          [36m<div>[39m
            [36m<h1>[39m
              [0mAI ??[0m
            [36m</h1>[39m
            [36m<p[39m
              [33mclass[39m=[32m"_session-caption_bf0702"[39m
            [36m>[39m
              [0m?????session-1[0m
            [36m</p>[39m
          [36m</div>[39m
        [36m</div>[39m
        [36m<div[39m
          [33mclass[39m=[32m"_header-controls_bf0702"[39m
        [36m>[39m
          [36m<label[39m
            [33mclass[39m=[32m"_thinking-toggle_bf0702"[39m
            [33mtitle[39m=[32m"?? AI ????"[39m
          [36m>[39m
            [36m<input[39m
              [33mtype[39m=[32m"checkbox"[39m
            [36m/>[39m
            [36m<span>[39m
              [0m??[0m
            [36m</span>[39m
          [36m</label>[39m
          [36m<select[39m
            [33mclass[39m=[32m"_mode-select_bf0702"[39m
          [36m>[39m
            [36m<option[39m
              [33mvalue[39m=[32m"stream"[39m
            [36m>[39m
              [0m????[0m
            [36m</option>[39m
            [36m<option[39m
              [33mvalue[39m=[32m"direct"[39m
            [36m>[39m
              [0m????[0m
            [36m</option>[39m
          [36m</select>[39m
          [36m<span[39m
            [33mclass[39m=[32m"_current-model_bf0702"[39m
          [36m>[39m
            [0mgpt-4o-mini[0m
          [36m</span>[39m
        [36m</div>[39m
        [36m<button[39m
          [33mclass[39m=[32m"btn _btn-secondary_bf0702"[39m
        [36m>[39m
          [0m???[0m
        [36m</button>[39m
      [36m</div>[39m
      [36m<div[39m
        [33mclass[39m=[32m"_chat-body_bf0702"[39m
      [36m>[39m
        [36m<aside[39m
          [33maria-label[39m=[32m"???????"[39m
          [33mclass[39m=[32m"_sidebar_e4172f"[39m
        [36m>[39m
          [36m<div[39m
            [33mclass[39m=[32m"_header_e4172f"[39m
          [36m>[39m
            [36m<span[39m
              [33mclass[39m=[32m"_title_e4172f"[39m
            [36m>[39m
              [0m????[0m
            [36m</span>[39m
            [36m<div[39m
              [33mclass[39m=[32m"_headerActions_e4172f"[39m
            [36m>[39m
              [36m<button[39m
                [33mclass[39m=[32m"_iconButton_e4172f"[39m
                [33mtitle[39m=[32m"????"[39m
                [33mtype[39m=[32m"button"[39m
              [36m>[39m
                [36m<svg[39m
                  [33maria-hidden[39m=[32m"true"[39m
                  [33mclass[39m=[32m"lucide lucide-plus"[39m
                  [33mfill[39m=[32m"none"[39m
                  [33mheight[39m=[32m"16"[39m
                  [33mstroke[39m=[32m"currentColor"[39m
                  [33mstroke-linecap[39m=[32m"round"[39m
                  [33mstroke-linejoin[39m=[32m"round"[39m
                  [33mstroke-width[39m=[32m"2"[39m
                  [33mviewBox[39m=[32m"0 0 24 24"[39m
                  [33mwidth[39m=[32m"16"[39m
                  [33mxmlns[39m=[32m"http://www.w3.org/2000/svg"[39m
                [36m>[39m
                  [36m<path[39m
                    [33md[39m=[32m"M5 12h14"[39m
                  [36m/>[39m
                  [36m<path[39m
                    [33md[39m=[32m"M12 5v14"[39m
                  [36m/>[39m
                [36m</svg>[39m
              [36m</button>[39m
              [36m<button[39m
                [33mclass[39m=[32m"_iconButton_e4172f"[39m
                [33mtitle[39m=[32m"??????"[39m
                [33mtype[39m=[32m"button"[39m
              [36m>[39m
                [36m<svg[39m
                  [33maria-hidden[39m=[32m"true"[39m
                  [33mclass[39m=[32m"lucide lucide-panel-left"[39m
                  [33mfill[39m=[32m"none"[39m
                  [33mheight[39m=[32m"16"[39m
                  [33mstroke[39m=[32m"currentColor"[39m
                  [33mstroke-linecap[39m=[32m"round"[39m
                  [33mstroke-linejoin[39m=[32m"round"[39m
                  [33mstroke-width[39m=[32m"2"[39m
                  [33mviewBox[39m=[32m"0 0 24 24"[39m
                  [33mwidth[39m=[32m"16"[39m
                  [33mxmlns[39m=[32m"http://www.w3.org/2000/svg"[39m
                [36m>[39m
                  [36m<rect[39m
                    [33mheight[39m=[32m"18"[39m
                    [33mrx[39m=[32m"2"[39m
                    [33mwidth[39m=[32m"18"[39m
                    [33mx[39m=[32m"3"[39m
                    [33my[39m=[32m"3"[39m
                  [36m/>[39m
                  [36m<path[39m
                    [33md[39m=[32m"M9 3v18"[39m
                  [36m/>[39m
                [36m</svg>[39m
              [36m</button>[39m
            [36m</div>[39m
          [36m</div>[39m
          [36m<div[39m
            [33mclass[39m=[32m"_filters_e4172f"[39m
          [36m>[39m
            [36m<div[39m
              [33mclass[39m=[32m"_searchRow_e4172f"[39m
            [36m>[39m
              [36m<svg[39m
                [33maria-hidden[39m=[32m"true"[39m
                [33mclass[39m=[32m"lucide lucide-search"[39m
                [33mfill[39m=[32m"none"[39m
                [33mheight[39m=[32m"15"[39m
                [33mstroke[39m=[32m"currentColor"[39m
                [33mstroke-linecap[39m=[32m"round"[39m
                [33mstroke-linejoin[39m=[32m"round"[39m
                [33mstroke-width[39m=[32m"2"[39m
                [33mviewBox[39m=[32m"0 0 24 24"[39m
                [33mwidth[39m=[32m"15"[39m
                [33mxmlns[39m=[32m"http://www.w3.org/2000/svg"[39m
              [36m>[39m
                [36m<path[39m
                  [33md[39m=[32m"m21 21-4.34-4.34"[39m
                [36m/>[39m
                [36m<circle[39m
                  [33mcx[39m=[32m"11"[39m
                  [33mcy[39m=[32m"11"[39m
                  [33mr[39m=[32m"8"[39m
                [36m/>[39m
              [36m</svg>[39m
              [36m<input[39m
                [33mclass[39m=[32m"_searchInput_e4172f"[39m
                [33mplaceholder[39m=[32m"???????"[39m
                [33mvalue[39m=[32m""[39m
              [36m/>[39m
            [36m</div>[39m
            [36m<div[39m
              [33mclass[39m=[32m"_sortRow_e4172f"[39m
            [36m>[39m
              [36m<select[39m
                [33mclass[39m=[32m"_sortSelect_e4172f"[39m
              [36m>[39m
                [36m<option[39m
                  [33mvalue[39m=[32m"last_message_at"[39m
                [36m>[39m
                  [0m?????[0m
                [36m</option>[39m
                [36m<option[39m
                  [33mvalue[39m=[32m"title"[39m
                [36m>[39m
                  [0m?????[0m
                [36m</option>[39m
              [36m</select>[39m
            [36m</div>[39m
            [36m<label[39m
              [33mclass[39m=[32m"_checkboxRow_e4172f"[39m
            [36m>[39m
              [36m<input[39m
                [33mtype[39m=[32m"checkbox"[39m
              [36m/>[39m
              [36m<span>[39m
                [0m??????[0m
              [36m</span>[39m
            [36m</label>[39m
            [36m<div[39m
              [33mclass[39m=[32m"_batchActions_e4172f"[39m
            [36m>[39m
              [36m<label[39m
                [33mclass[39m=[32m"_checkboxRow_e4172f"[39m
              [36m>[39m
                [36m<input[39m
                  [33mdisabled[39m=[32m""[39m
                  [33mtype[39m=[32m"checkbox"[39m
                [36m/>[39m
                [36m<span>[39m
                  [0m??????[0m
                [36m</span>[39m
              [36m</label>[39m
              [36m<div[39m
                [33mclass[39m=[32m"_batchButtons_e4172f"[39m
              [36m>[39m
                [36m<button[39m
                  [33mclass[39m=[32m"_secondaryButton_e4172f"[39m
                  [33mdisabled[39m=[32m""[39m
                  [33mtype[39m=[32m"button"[39m
                [36m>[39m
                  [0m????[0m
                [36m</button>[39m
                [36m<button[39m
                  [33mclass[39m=[32m"_dangerButton_e4172f"[39m
                  [33mdisabled[39m=[32m""[39m
                  [33mtype[39m=[32m"button"[39m
                [36m>[39m
                  [0m????[0m
                  [0m [0m
                [36m</button>[39m
              [36m</div>[39m
            [36m</div>[39m
          [36m</div>[39m
          [36m<div[39m
            [33mclass[39m=[32m"_content_e4172f"[39m
          [36m>[39m
            [36m<div[39m
              [33mclass[39m=[32m"_empty_e4172f"[39m
            [36m>[39m
              [0m??????[0m
            [36m</div>[39m
          [36m</div>[39m
        [36m</aside>[39m
        [36m<div[39m
          [33mclass[39m=[32m"_chat-main_bf0702"[39m
        [36m>[39m
          [36m<div[39m
            [33maria-label[39m=[32m"????"[39m
            [33maria-live[39m=[32m"polite"[39m
            [33mclass[39m=[32m"_chat-messages_bf0702"[39m
            [33mrole[39m=[32m"log"[39m
          [36m>[39m
            [36m<div[39m
              [33mclass[39m=[32m"_chat-empty_bf0702"[39m
            [36m>[39m
              [36m<p>[39m
                [0m??????????????[0m
              [36m</p>[39m
            [36m</div>[39m
          [36m</div>[39m
          [36m<div[39m
            [33mclass[39m=[32m"_panel_d1103a _collapsed_d1103a"[39m
          [36m>[39m
            [36m<button[39m
              [33mclass[39m=[32m"_toggle-btn_d1103a"[39m
              [33mtitle[39m=[32m"??????"[39m
              [33mtype[39m=[32m"button"[39m
            [36m>[39m
              [36m<span[39m
                [33mclass[39m=[32m"_toggle-arrow_d1103a _arrow-collapsed_d1103a"[39m
              [36m>[39m
                [0m?[0m
              [36m</span>[39m
            [36m</button>[39m
          [36m</div>[39m
          [36m<div[39m
            [33mclass[39m=[32m"_chat-input-container_957f92 "[39m
          [36m>[39m
            [36m<div[39m
              [33mclass[39m=[32m"_input-row_957f92"[39m
            [36m>[39m
              [36m<input[39m
                [33maccept[39m=[32m".jpg,.jpeg,.png,.gif,.webp,.pdf,.txt,.md,.csv"[39m
                [33mmultiple[39m=[32m""[39m
                [33mstyle[39m=[32m"display: none;"[39m
                [33mtype[39m=[32m"file"[39m
              [36m/>[39m
              [36m<button[39m
                [33mclass[39m=[32m"_attach-btn_957f92"[39m
                [33mtitle[39m=[32m"attach file"[39m
              [36m>[39m
                [36m<svg[39m
                  [33maria-hidden[39m=[32m"true"[39m
                  [33mclass[39m=[32m"lucide lucide-paperclip"[39m
                  [33mfill[39m=[32m"none"[39m
                  [33mheight[39m=[32m"20"[39m
                  [33mstroke[39m=[32m"currentColor"[39m
                  [33mstroke-linecap[39m=[32m"round"[39m
                  [33mstroke-linejoin[39m=[32m"round"[39m
                  [33mstroke-width[39m=[32m"2"[39m
                  [33mviewBox[39m=[32m"0 0 24 24"[39m
                  [33mwidth[39m=[32m"20"[39m
                  [33mxmlns[39m=[32m"http://www.w3.org/2000/svg"[39m
                [36m>[39m
                  [36m<path[39m
                    [33md[39m=[32m"m16 6-8.414 8.586a2 2 0 0 0 2.829 2.829l8.414-8.586a4 4 0 1 0-5.657-5.657l-8.379 8.551a6 6 0 1 0 8.485 8.485l8.379-8.551"[39m
                  [36m/>[39m
                [36m</svg>[39m
              [36m</button>[39m
              [36m<textarea[39m
                [33mclass[39m=[32m"_chat-input_957f92"[39m
                [33mplaceholder[39m=[32m"type your question... (try /diary for daily diary)"[39m
                [33mrows[39m=[32m"1"[39m
              [36m/>[39m
              [36m<button[39m
                [33mclass[39m=[32m"btn btn-primary _send-btn_957f92"[39m
                [33mdisabled[39m=[32m""[39m
              [36m>[39m
                [36m<svg[39m
                  [33maria-hidden[39m=[32m"true"[39m
                  [33mclass[39m=[32m"lucide lucide-send"[39m
                  [33mfill[39m=[32m"none"[39m
                  [33mheight[39m=[32m"18"[39m
                  [33mstroke[39m=[32m"currentColor"[39m
                  [33mstroke-linecap[39m=[32m"round"[39m
                  [33mstroke-linejoin[39m=[32m"round"[39m
                  [33mstroke-width[39m=[32m"2"[39m
                  [33mviewBox[39m=[32m"0 0 24 24"[39m
                  [33mwidth[39m=[32m"18"[39m
                  [33mxmlns[39m=[32m"http://www.w3.org/2000/svg"[39m
                [36m>[39m
                  [36m<path[39m
                    [33md[39m=[32m"M14.536 21.686a.5.5 0 0 0 .937-.024l6.5-19a.496.496 0 0 0-.635-.635l-19 6.5a.5.5 0 0 0-.024.937l7.93 3.18a2 2 0 0 1 1.112 1.11z"[39m
                  [36m/>[39m
                  [36m<path[39m
                    [33md[39m=[32m"m21.854 2.147-10.94 10.939"[39m
                  [36m/>[39m
                [36m</svg>[39m
              [36m</button>[39m
            [36m</div>[39m
          [36m</div>[39m
        [36m</div>[39m
      [36m</div>[39m
    [36m</div>[39m
  [36m</div>[39m
[36m</body>[39m

??????? Failed Tests 7 ???????

 FAIL  src/__tests__/features/chat/ChatPage.test.tsx > ChatPage > ??????????????????????????
TestingLibraryElementError: Unable to find an element with the placeholder text of: type your question...

Ignored nodes: comments, script, style
[36m<body>[39m
  [36m<div[39m
    [33mid[39m=[32m"root"[39m
  [36m/>[39m
  [36m<div>[39m
    [36m<div[39m
      [33mclass[39m=[32m"_chat-page_bf0702"[39m
    [36m>[39m
      [36m<div[39m
        [33mclass[39m=[32m"_chat-header_bf0702"[39m
      [36m>[39m
        [36m<div[39m
          [33mclass[39m=[32m"_chat-header-title_bf0702"[39m
        [36m>[39m
          [36m<button[39m
            [33maria-label[39m=[32m"??????"[39m
            [33mclass[39m=[32m"_history-toggle_bf0702"[39m
            [33mtitle[39m=[32m"??????"[39m
            [33mtype[39m=[32m"button"[39m
          [36m>[39m
            [36m<svg[39m
              [33maria-hidden[39m=[32m"true"[39m
              [33mclass[39m=[32m"lucide lucide-panel-left"[39m
              [33mfill[39m=[32m"none"[39m
              [33mheight[39m=[32m"18"[39m
              [33mstroke[39m=[32m"currentColor"[39m
              [33mstroke-linecap[39m=[32m"round"[39m
              [33mstroke-linejoin[39m=[32m"round"[39m
              [33mstroke-width[39m=[32m"2"[39m
              [33mviewBox[39m=[32m"0 0 24 24"[39m
              [33mwidth[39m=[32m"18"[39m
              [33mxmlns[39m=[32m"http://www.w3.org/2000/svg"[39m
            [36m>[39m
              [36m<rect[39m
                [33mheight[39m=[32m"18"[39m
                [33mrx[39m=[32m"2"[39m
                [33mwidth[39m=[32m"18"[39m
                [33mx[39m=[32m"3"[39m
                [33my[39m=[32m"3"[39m
              [36m/>[39m
              [36m<path[39m
                [33md[39m=[32m"M9 3v18"[39m
              [36m/>[39m
            [36m</svg>[39m
          [36m</button>[39m
          [36m<div>[39m
            [36m<h1>[39m
              [0mAI ??[0m
            [36m</h1>[39m
            [36m<p[39m
              [33mclass[39m=[32m"_session-caption_bf0702"[39m
            [36m>[39m
              [0m?????session-1[0m
            [36m</p>[39m
          [36m</div>[39m
        [36m</div>[39m
        [36m<div[39m
          [33mclass[39m=[32m"_header-controls_bf0702"[39m
        [36m>[39m
          [36m<label[39m
            [33mclass[39m=[32m"_thinking-toggle_bf0702"[39m
            [33mtitle[39m=[32m"?? AI ????"[39m
          [36m>[39m
            [36m<input[39m
              [33mtype[39m=[32m"checkbox"[39m
            [36m/>[39m
            [36m<span>[39m
              [0m??[0m
            [36m</span>[39m
          [36m</label>[39m
          [36m<select[39m
            [33mclass[39m=[32m"_mode-select_bf0702"[39m
          [36m>[39m
            [36m<option[39m
              [33mvalue[39m=[32m"stream"[39m
            [36m>[39m
              [0m????[0m
            [36m</option>[39m
            [36m<option[39m
              [33mvalue[39m=[32m"direct"[39m
            [36m>[39m
              [0m????[0m
            [36m</option>[39m
          [36m</select>[39m
          [36m<span[39m
            [33mclass[39m=[32m"_current-model_bf0702"[39m
          [36m>[39m
            [0mgpt-4o-mini[0m
          [36m</span>[39m
        [36m</div>[39m
        [36m<button[39m
          [33mclass[39m=[32m"btn _btn-secondary_bf0702"[39m
        [36m>[39m
          [0m???[0m
        [36m</button>[39m
      [36m</div>[39m
      [36m<div[39m
        [33mclass[39m=[32m"_chat-body_bf0702"[39m
      [36m>[39m
        [36m<aside[39m
          [33maria-label[39m=[32m"???????"[39m
          [33mclass[39m=[32m"_sidebar_e4172f"[39m
        [36m>[39m
          [36m<div[39m
            [33mclass[39m=[32m"_header_e4172f"[39m
          [36m>[39m
            [36m<span[39m
              [33mclass[39m=[32m"_title_e4172f"[39m
            [36m>[39m
              [0m????[0m
            [36m</span>[39m
            [36m<div[39m
              [33mclass[39m=[32m"_headerActions_e4172f"[39m
            [36m>[39m
              [36m<button[39m
                [33mclass[39m=[32m"_iconButton_e4172f"[39m
                [33mtitle[39m=[32m"????"[39m
                [33mtype[39m=[32m"button"[39m
              [36m>[39m
                [36m<svg[39m
                  [33maria-hidden[39m=[32m"true"[39m
                  [33mclass[39m=[32m"lucide lucide-plus"[39m
                  [33mfill[39m=[32m"none"[39m
                  [33mheight[39m=[32m"16"[39m
                  [33mstroke[39m=[32m"currentColor"[39m
                  [33mstroke-linecap[39m=[32m"round"[39m
                  [33mstroke-linejoin[39m=[32m"round"[39m
                  [33mstroke-width[39m=[32m"2"[39m
                  [33mviewBox[39m=[32m"0 0 24 24"[39m
                  [33mwidth[39m=[32m"16"[39m
                  [33mxmlns[39m=[32m"http://www.w3.org/2000/svg"[39m
                [36m>[39m
                  [36m<path[39m
                    [33md[39m=[32m"M5 12h14"[39m
                  [36m/>[39m
                  [36m<path[39m
                    [33md[39m=[32m"M12 5v14"[39m
                  [36m/>[39m
                [36m</svg>[39m
              [36m</button>[39m
              [36m<button[39m
                [33mclass[39m=[32m"_iconButton_e4172f"[39m
                [33mtitle[39m=[32m"??????"[39m
                [33mtype[39m=[32m"button"[39m
              [36m>[39m
                [36m<svg[39m
                  [33maria-hidden[39m=[32m"true"[39m
                  [33mclass[39m=[32m"lucide lucide-panel-left"[39m
                  [33mfill[39m=[32m"none"[39m
                  [33mheight[39m=[32m"16"[39m
                  [33mstroke[39m=[32m"currentColor"[39m
                  [33mstroke-linecap[39m=[32m"round"[39m
                  [33mstroke-linejoin[39m=[32m"round"[39m
                  [33mstroke-width[39m=[32m"2"[39m
                  [33mviewBox[39m=[32m"0 0 24 24"[39m
                  [33mwidth[39m=[32m"16"[39m
                  [33mxmlns[39m=[32m"http://www.w3.org/2000/svg"[39m
                [36m>[39m
                  [36m<rect[39m
                    [33mheight[39m=[32m"18"[39m
                    [33mrx[39m=[32m"2"[39m
                    [33mwidth[39m=[32m"18"[39m
                    [33mx[39m=[32m"3"[39m
                    [33my[39m=[32m"3"[39m
                  [36m/>[39m
                  [36m<path[39m
                    [33md[39m=[32m"M9 3v18"[39m
                  [36m/>[39m
                [36m</svg>[39m
              [36m</button>[39m
            [36m</div>[39m
          [36m</div>[39m
          [36m<div[39m
            [33mclass[39m=[32m"_filters_e4172f"[39m
          [36m>[39m
            [36m<div[39m
              [33mclass[39m=[32m"_searchRow_e4172f"[39m
            [36m>[39m
              [36m<svg[39m
                [33maria-hidden[39m=[32m"true"[39m
                [33mclass[39m=[32m"lucide lucide-search"[39m
                [33mfill[39m=[32m"none"[39m
                [33mheight[39m=[32m"15"[39m
                [33mstroke[39m=[32m"currentColor"[39m
                [33mstroke-linecap[39m=[32m"round"[39m
                [33mstroke-linejoin[39m=[32m"round"[39m
                [33mstroke-width[39m=[32m"2"[39m
                [33mviewBox[39m=[32m"0 0 24 24"[39m
                [33mwidth[39m=[32m"15"[39m
                [33mxmlns[39m=[32m"http://www.w3.org/2000/svg"[39m
              [36m>[39m
                [36m<path[39m
                  [33md[39m=[32m"m21 21-4.34-4.34"[39m
                [36m/>[39m
                [36m<circle[39m
                  [33mcx[39m=[32m"11"[39m
                  [33mcy[39m=[32m"11"[39m
                  [33mr[39m=[32m"8"[39m
                [36m/>[39m
              [36m</svg>[39m
              [36m<input[39m
                [33mclass[39m=[32m"_searchInput_e4172f"[39m
                [33mplaceholder[39m=[32m"???????"[39m
                [33mvalue[39m=[32m""[39m
              [36m/>[39m
            [36m</div>[39m
            [36m<div[39m
              [33mclass[39m=[32m"_sortRow_e4172f"[39m
            [36m>[39m
              [36m<select[39m
                [33mclass[39m=[32m"_sortSelect_e4172f"[39m
              [36m>[39m
                [36m<option[39m
                  [33mvalue[39m=[32m"last_message_at"[39m
                [36m>[39m
                  [0m?????[0m
                [36m</option>[39m
                [36m<option[39m
                  [33mvalue[39m=[32m"title"[39m
                [36m>[39m
                  [0m?????[0m
                [36m</option>[39m
              [36m</select>[39m
            [36m</div>[39m
            [36m<label[39m
              [33mclass[39m=[32m"_checkboxRow_e4172f"[39m
            [36m>[39m
              [36m<input[39m
                [33mtype[39m=[32m"checkbox"[39m
              [36m/>[39m
              [36m<span>[39m
                [0m??????[0m
              [36m</span>[39m
            [36m</label>[39m
            [36m<div[39m
              [33mclass[39m=[32m"_batchActions_e4172f"[39m
            [36m>[39m
              [36m<label[39m
                [33mclass[39m=[32m"_checkboxRow_e4172f"[39m
              [36m>[39m
                [36m<input[39m
                  [33mdisabled[39m=[32m""[39m
                  [33mtype[39m=[32m"checkbox"[39m
                [36m/>[39m
                [36m<span>[39m
                  [0m??????[0m
                [36m</span>[39m
              [36m</label>[39m
              [36m<div[39m
                [33mclass[39m=[32m"_batchButtons_e4172f"[39m
              [36m>[39m
                [36m<button[39m
                  [33mclass[39m=[32m"_secondaryButton_e4172f"[39m
                  [33mdisabled[39m=[32m""[39m
                  [33mtype[39m=[32m"button"[39m
                [36m>[39m
                  [0m????[0m
                [36m</button>[39m
                [36m<button[39m
                  [33mclass[39m=[32m"_dangerButton_e4172f"[39m
                  [33mdisabled[39m=[32m""[39m
                  [33mtype[39m=[32m"button"[39m
                [36m>[39m
                  [0m????[0m
                  [0m [0m
                [36m</button>[39m
              [36m</div>[39m
            [36m</div>[39m
          [36m</div>[39m
          [36m<div[39m
            [33mclass[39m=[32m"_content_e4172f"[39m
          [36m>[39m
            [36m<div[39m
              [33mclass[39m=[32m"_empty_e4172f"[39m
            [36m>[39m
              [0m??????[0m
            [36m</div>[39m
          [36m</div>[39m
        [36m</aside>[39m
        [36m<div[39m
          [33mclass[39m=[32m"_chat-main_bf0702"[39m
        [36m>[39m
          [36m<div[39m
            [33maria-label[39m=[32m"????"[39m
            [33maria-live[39m=[32m"polite"[39m
            [33mclass[39m=[32m"_chat-messages_bf0702"[39m
            [33mrole[39m=[32m"log"[39m
          [36m>[39m
            [36m<div[39m
              [33mclass[39m=[32m"_chat-empty_bf0702"[39m
            [36m>[39m
              [36m<p>[39m
                [0m??????????????[0m
              [36m</p>[39m
            [36m</div>[39m
          [36m</div>[39m
          [36m<div[39m
            [33mclass[39m=[32m"_chat-input-container_957f92 "[39m
          [36m>[39m
            [36m<div[39m
              [33mclass[39m=[32m"_input-row_957f92"[39m
            [36m>[39m
              [36m<input[39m
                [33maccept[39m=[32m".jpg,.jpeg,.png,.gif,.webp,.pdf,.txt,.md,.csv"[39m
                [33mmultiple[39m=[32m""[39m
                [33mstyle[39m=[32m"display: none;"[39m
                [33mtype[39m=[32m"file"[39m
              [36m/>[39m
              [36m<button[39m
                [33mclass[39m=[32m"_attach-btn_957f92"[39m
                [33mtitle[39m=[32m"attach file"[39m
              [36m>[39m
                [36m<svg[39m
                  [33maria-hidden[39m=[32m"true"[39m
                  [33mclass[39m=[32m"lucide lucide-paperclip"[39m
                  [33mfill[39m=[32m"none"[39m
                  [33mheight[39m=[32m"20"[39m
                  [33mstroke[39m=[32m"currentColor"[39m
                  [33mstroke-linecap[39m=[32m"round"[39m
                  [33mstroke-linejoin[39m=[32m"round"[39m
                  [33mstroke-width[39m=[32m"2"[39m
                  [33mviewBox[39m=[32m"0 0 24 24"[39m
                  [33mwidth[39m=[32m"20"[39m
                  [33mxmlns[39m=[32m"http://www.w3.org/2000/svg"[39m
                [36m>[39m
                  [36m<path[39m
                    [33md[39m=[32m"m16 6-8.414 8.586a2 2 0 0 0 2.829 2.829l8.414-8.586a4 4 0 1 0-5.657-5.657l-8.379 
8.551a6 6 0 1 0 8.485 8.485l8.379-8.551"[39m
                  [36m/>[39m
                [36m</svg>[39m
              [36m</button>[39m
              [36m<textarea[39m
                [33mclass[39m=[32m"_chat-input_957f92"[39m
                [33mplaceholder[39m=[32m"type your question... (try /diary for daily diary)"[39m
                [33mrows[39m=[32m"1"[39m
              [36m/>[39m
              [36m<button[39m
                [33mclass[39m=[32m"btn btn-primary _send-btn_957f92"[39m
                [33mdisabled[39m=[32m""[39m
              [36m>[39m
                [36m<svg[39m
                  [33maria-hidden[39m=[32m"true"[39m
                  [33mclass[39m=[32m"lucide lucide-send"[39m
                  [33mfill[39m=[32m"none"[39m
                  [33mheight[39m=[32m"18"[39m
                  [33mstroke[39m=[32m"currentColor"[39m
                  [33mstroke-linecap[39m=[32m"round"[39m
                  [33mstroke-linejoin[39m=[32m"round"[39m
                  [33mstroke-width[39m=[32m"2"[39m
                  [33mviewBox[39m=[32m"0 0 24 24"[39m
                  [33mwidth[39m=[32m"18"[39m
                  [33mxmlns[39m=[32m"http://www.w3.org/2000/svg"[39m
                [36m>[39m
                  [36m<path[39m
                    [33md[39m=[32m"M14.536 21.686a.5.5 0 0 0 .937-.024l6.5-19a.496.496 0 0 0-.635-.635l-19 6.5a.5.5 
0 0 0-.024.937l7.93 3.18a2 2 0 0 1 1.112 1.11z"[39m
                  [36m/>[39m
                  [36m<path[39m
                    [33md[39m=[32m"m21.854 2.147-10.94 10.939"[39m
                  [36m/>[39m
                [36m</svg>[39m
              [36m</button>[39m
            [36m</div>[39m
          [36m</div>[39m
        [36m</div>[39m
      [36m</div>[39m
    [36m</div>[39m
  [36m</div>[39m
[36m</body>[39m
 ? Object.getElementError node_modules/@testing-library/dom/dist/config.js:37:19
 ? node_modules/@testing-library/dom/dist/query-helpers.js:76:38
 ? node_modules/@testing-library/dom/dist/query-helpers.js:52:17
 ? node_modules/@testing-library/dom/dist/query-helpers.js:95:19
 ? src/__tests__/features/chat/ChatPage.test.tsx:225:29
    223| 
    224|     await renderChatPage()
    225|     fireEvent.change(screen.getByPlaceholderText('type your question..?
       |                             ^
    226|       target: { value: '????????' },
    227|     })

????????????????????????[1/7]?

 FAIL  src/__tests__/features/chat/ChatPage.test.tsx > ChatPage > ????????????????????????? transcript
TestingLibraryElementError: Unable to find an element with the placeholder text of: type your question...

Ignored nodes: comments, script, style
[36m<body>[39m
  [36m<div[39m
    [33mid[39m=[32m"root"[39m
  [36m/>[39m
  [36m<div>[39m
    [36m<div[39m
      [33mclass[39m=[32m"_chat-page_bf0702"[39m
    [36m>[39m
      [36m<div[39m
        [33mclass[39m=[32m"_chat-header_bf0702"[39m
      [36m>[39m
        [36m<div[39m
          [33mclass[39m=[32m"_chat-header-title_bf0702"[39m
        [36m>[39m
          [36m<button[39m
            [33maria-label[39m=[32m"??????"[39m
            [33mclass[39m=[32m"_history-toggle_bf0702"[39m
            [33mtitle[39m=[32m"??????"[39m
            [33mtype[39m=[32m"button"[39m
          [36m>[39m
            [36m<svg[39m
              [33maria-hidden[39m=[32m"true"[39m
              [33mclass[39m=[32m"lucide lucide-panel-left"[39m
              [33mfill[39m=[32m"none"[39m
              [33mheight[39m=[32m"18"[39m
              [33mstroke[39m=[32m"currentColor"[39m
              [33mstroke-linecap[39m=[32m"round"[39m
              [33mstroke-linejoin[39m=[32m"round"[39m
              [33mstroke-width[39m=[32m"2"[39m
              [33mviewBox[39m=[32m"0 0 24 24"[39m
              [33mwidth[39m=[32m"18"[39m
              [33mxmlns[39m=[32m"http://www.w3.org/2000/svg"[39m
            [36m>[39m
              [36m<rect[39m
                [33mheight[39m=[32m"18"[39m
                [33mrx[39m=[32m"2"[39m
                [33mwidth[39m=[32m"18"[39m
                [33mx[39m=[32m"3"[39m
                [33my[39m=[32m"3"[39m
              [36m/>[39m
              [36m<path[39m
                [33md[39m=[32m"M9 3v18"[39m
              [36m/>[39m
            [36m</svg>[39m
          [36m</button>[39m
          [36m<div>[39m
            [36m<h1>[39m
              [0mAI ??[0m
            [36m</h1>[39m
            [36m<p[39m
              [33mclass[39m=[32m"_session-caption_bf0702"[39m
            [36m>[39m
              [0m?????session-1[0m
            [36m</p>[39m
          [36m</div>[39m
        [36m</div>[39m
        [36m<div[39m
          [33mclass[39m=[32m"_header-controls_bf0702"[39m
        [36m>[39m
          [36m<label[39m
            [33mclass[39m=[32m"_thinking-toggle_bf0702"[39m
            [33mtitle[39m=[32m"?? AI ????"[39m
          [36m>[39m
            [36m<input[39m
              [33mtype[39m=[32m"checkbox"[39m
            [36m/>[39m
            [36m<span>[39m
              [0m??[0m
            [36m</span>[39m
          [36m</label>[39m
          [36m<select[39m
            [33mclass[39m=[32m"_mode-select_bf0702"[39m
          [36m>[39m
            [36m<option[39m
              [33mvalue[39m=[32m"stream"[39m
            [36m>[39m
              [0m????[0m
            [36m</option>[39m
            [36m<option[39m
              [33mvalue[39m=[32m"direct"[39m
            [36m>[39m
              [0m????[0m
            [36m</option>[39m
          [36m</select>[39m
          [36m<span[39m
            [33mclass[39m=[32m"_current-model_bf0702"[39m
          [36m>[39m
            [0mgpt-4o-mini[0m
          [36m</span>[39m
        [36m</div>[39m
        [36m<button[39m
          [33mclass[39m=[32m"btn _btn-secondary_bf0702"[39m
        [36m>[39m
          [0m???[0m
        [36m</button>[39m
      [36m</div>[39m
      [36m<div[39m
        [33mclass[39m=[32m"_chat-body_bf0702"[39m
      [36m>[39m
        [36m<aside[39m
          [33maria-label[39m=[32m"???????"[39m
          [33mclass[39m=[32m"_sidebar_e4172f"[39m
        [36m>[39m
          [36m<div[39m
            [33mclass[39m=[32m"_header_e4172f"[39m
          [36m>[39m
            [36m<span[39m
              [33mclass[39m=[32m"_title_e4172f"[39m
            [36m>[39m
              [0m????[0m
            [36m</span>[39m
            [36m<div[39m
              [33mclass[39m=[32m"_headerActions_e4172f"[39m
            [36m>[39m
              [36m<button[39m
                [33mclass[39m=[32m"_iconButton_e4172f"[39m
                [33mtitle[39m=[32m"????"[39m
                [33mtype[39m=[32m"button"[39m
              [36m>[39m
                [36m<svg[39m
                  [33maria-hidden[39m=[32m"true"[39m
                  [33mclass[39m=[32m"lucide lucide-plus"[39m
                  [33mfill[39m=[32m"none"[39m
                  [33mheight[39m=[32m"16"[39m
                  [33mstroke[39m=[32m"currentColor"[39m
                  [33mstroke-linecap[39m=[32m"round"[39m
                  [33mstroke-linejoin[39m=[32m"round"[39m
                  [33mstroke-width[39m=[32m"2"[39m
                  [33mviewBox[39m=[32m"0 0 24 24"[39m
                  [33mwidth[39m=[32m"16"[39m
                  [33mxmlns[39m=[32m"http://www.w3.org/2000/svg"[39m
                [36m>[39m
                  [36m<path[39m
                    [33md[39m=[32m"M5 12h14"[39m
                  [36m/>[39m
                  [36m<path[39m
                    [33md[39m=[32m"M12 5v14"[39m
                  [36m/>[39m
                [36m</svg>[39m
              [36m</button>[39m
              [36m<button[39m
                [33mclass[39m=[32m"_iconButton_e4172f"[39m
                [33mtitle[39m=[32m"??????"[39m
                [33mtype[39m=[32m"button"[39m
              [36m>[39m
                [36m<svg[39m
                  [33maria-hidden[39m=[32m"true"[39m
                  [33mclass[39m=[32m"lucide lucide-panel-left"[39m
                  [33mfill[39m=[32m"none"[39m
                  [33mheight[39m=[32m"16"[39m
                  [33mstroke[39m=[32m"currentColor"[39m
                  [33mstroke-linecap[39m=[32m"round"[39m
                  [33mstroke-linejoin[39m=[32m"round"[39m
                  [33mstroke-width[39m=[32m"2"[39m
                  [33mviewBox[39m=[32m"0 0 24 24"[39m
                  [33mwidth[39m=[32m"16"[39m
                  [33mxmlns[39m=[32m"http://www.w3.org/2000/svg"[39m
                [36m>[39m
                  [36m<rect[39m
                    [33mheight[39m=[32m"18"[39m
                    [33mrx[39m=[32m"2"[39m
                    [33mwidth[39m=[32m"18"[39m
                    [33mx[39m=[32m"3"[39m
                    [33my[39m=[32m"3"[39m
                  [36m/>[39m
                  [36m<path[39m
                    [33md[39m=[32m"M9 3v18"[39m
                  [36m/>[39m
                [36m</svg>[39m
              [36m</button>[39m
            [36m</div>[39m
          [36m</div>[39m
          [36m<div[39m
            [33mclass[39m=[32m"_filters_e4172f"[39m
          [36m>[39m
            [36m<div[39m
              [33mclass[39m=[32m"_searchRow_e4172f"[39m
            [36m>[39m
              [36m<svg[39m
                [33maria-hidden[39m=[32m"true"[39m
                [33mclass[39m=[32m"lucide lucide-search"[39m
                [33mfill[39m=[32m"none"[39m
                [33mheight[39m=[32m"15"[39m
                [33mstroke[39m=[32m"currentColor"[39m
                [33mstroke-linecap[39m=[32m"round"[39m
                [33mstroke-linejoin[39m=[32m"round"[39m
                [33mstroke-width[39m=[32m"2"[39m
                [33mviewBox[39m=[32m"0 0 24 24"[39m
                [33mwidth[39m=[32m"15"[39m
                [33mxmlns[39m=[32m"http://www.w3.org/2000/svg"[39m
              [36m>[39m
                [36m<path[39m
                  [33md[39m=[32m"m21 21-4.34-4.34"[39m
                [36m/>[39m
                [36m<circle[39m
                  [33mcx[39m=[32m"11"[39m
                  [33mcy[39m=[32m"11"[39m
                  [33mr[39m=[32m"8"[39m
                [36m/>[39m
              [36m</svg>[39m
              [36m<input[39m
                [33mclass[39m=[32m"_searchInput_e4172f"[39m
                [33mplaceholder[39m=[32m"???????"[39m
                [33mvalue[39m=[32m""[39m
              [36m/>[39m
            [36m</div>[39m
            [36m<div[39m
              [33mclass[39m=[32m"_sortRow_e4172f"[39m
            [36m>[39m
              [36m<select[39m
                [33mclass[39m=[32m"_sortSelect_e4172f"[39m
              [36m>[39m
                [36m<option[39m
                  [33mvalue[39m=[32m"last_message_at"[39m
                [36m>[39m
                  [0m?????[0m
                [36m</option>[39m
                [36m<option[39m
                  [33mvalue[39m=[32m"title"[39m
                [36m>[39m
                  [0m?????[0m
                [36m</option>[39m
              [36m</select>[39m
            [36m</div>[39m
            [36m<label[39m
              [33mclass[39m=[32m"_checkboxRow_e4172f"[39m
            [36m>[39m
              [36m<input[39m
                [33mtype[39m=[32m"checkbox"[39m
              [36m/>[39m
              [36m<span>[39m
                [0m??????[0m
              [36m</span>[39m
            [36m</label>[39m
            [36m<div[39m
              [33mclass[39m=[32m"_batchActions_e4172f"[39m
            [36m>[39m
              [36m<label[39m
                [33mclass[39m=[32m"_checkboxRow_e4172f"[39m
              [36m>[39m
                [36m<input[39m
                  [33mdisabled[39m=[32m""[39m
                  [33mtype[39m=[32m"checkbox"[39m
                [36m/>[39m
                [36m<span>[39m
                  [0m??????[0m
                [36m</span>[39m
              [36m</label>[39m
              [36m<div[39m
                [33mclass[39m=[32m"_batchButtons_e4172f"[39m
              [36m>[39m
                [36m<button[39m
                  [33mclass[39m=[32m"_secondaryButton_e4172f"[39m
                  [33mdisabled[39m=[32m""[39m
                  [33mtype[39m=[32m"button"[39m
                [36m>[39m
                  [0m????[0m
                [36m</button>[39m
                [36m<button[39m
                  [33mclass[39m=[32m"_dangerButton_e4172f"[39m
                  [33mdisabled[39m=[32m""[39m
                  [33mtype[39m=[32m"button"[39m
                [36m>[39m
                  [0m????[0m
                  [0m [0m
                [36m</button>[39m
              [36m</div>[39m
            [36m</div>[39m
          [36m</div>[39m
          [36m<div[39m
            [33mclass[39m=[32m"_content_e4172f"[39m
          [36m>[39m
            [36m<div[39m
              [33mclass[39m=[32m"_empty_e4172f"[39m
            [36m>[39m
              [0m??????[0m
            [36m</div>[39m
          [36m</div>[39m
        [36m</aside>[39m
        [36m<div[39m
          [33mclass[39m=[32m"_chat-main_bf0702"[39m
        [36m>[39m
          [36m<div[39m
            [33maria-label[39m=[32m"????"[39m
            [33maria-live[39m=[32m"polite"[39m
            [33mclass[39m=[32m"_chat-messages_bf0702"[39m
            [33mrole[39m=[32m"log"[39m
          [36m>[39m
            [36m<div[39m
              [33mclass[39m=[32m"_chat-empty_bf0702"[39m
            [36m>[39m
              [36m<p>[39m
                [0m??????????????[0m
              [36m</p>[39m
            [36m</div>[39m
          [36m</div>[39m
          [36m<div[39m
            [33mclass[39m=[32m"_chat-input-container_957f92 "[39m
          [36m>[39m
            [36m<div[39m
              [33mclass[39m=[32m"_input-row_957f92"[39m
            [36m>[39m
              [36m<input[39m
                [33maccept[39m=[32m".jpg,.jpeg,.png,.gif,.webp,.pdf,.txt,.md,.csv"[39m
                [33mmultiple[39m=[32m""[39m
                [33mstyle[39m=[32m"display: none;"[39m
                [33mtype[39m=[32m"file"[39m
              [36m/>[39m
              [36m<button[39m
                [33mclass[39m=[32m"_attach-btn_957f92"[39m
                [33mtitle[39m=[32m"attach file"[39m
              [36m>[39m
                [36m<svg[39m
                  [33maria-hidden[39m=[32m"true"[39m
                  [33mclass[39m=[32m"lucide lucide-paperclip"[39m
                  [33mfill[39m=[32m"none"[39m
                  [33mheight[39m=[32m"20"[39m
                  [33mstroke[39m=[32m"currentColor"[39m
                  [33mstroke-linecap[39m=[32m"round"[39m
                  [33mstroke-linejoin[39m=[32m"round"[39m
                  [33mstroke-width[39m=[32m"2"[39m
                  [33mviewBox[39m=[32m"0 0 24 24"[39m
                  [33mwidth[39m=[32m"20"[39m
                  [33mxmlns[39m=[32m"http://www.w3.org/2000/svg"[39m
                [36m>[39m
                  [36m<path[39m
                    [33md[39m=[32m"m16 6-8.414 8.586a2 2 0 0 0 2.829 2.829l8.414-8.586a4 4 0 1 0-5.657-5.657l-8.379 
8.551a6 6 0 1 0 8.485 8.485l8.379-8.551"[39m
                  [36m/>[39m
                [36m</svg>[39m
              [36m</button>[39m
              [36m<textarea[39m
                [33mclass[39m=[32m"_chat-input_957f92"[39m
                [33mplaceholder[39m=[32m"type your question... (try /diary for daily diary)"[39m
                [33mrows[39m=[32m"1"[39m
              [36m/>[39m
              [36m<button[39m
                [33mclass[39m=[32m"btn btn-primary _send-btn_957f92"[39m
                [33mdisabled[39m=[32m""[39m
              [36m>[39m
                [36m<svg[39m
                  [33maria-hidden[39m=[32m"true"[39m
                  [33mclass[39m=[32m"lucide lucide-send"[39m
                  [33mfill[39m=[32m"none"[39m
                  [33mheight[39m=[32m"18"[39m
                  [33mstroke[39m=[32m"currentColor"[39m
                  [33mstroke-linecap[39m=[32m"round"[39m
                  [33mstroke-linejoin[39m=[32m"round"[39m
                  [33mstroke-width[39m=[32m"2"[39m
                  [33mviewBox[39m=[32m"0 0 24 24"[39m
                  [33mwidth[39m=[32m"18"[39m
                  [33mxmlns[39m=[32m"http://www.w3.org/2000/svg"[39m
                [36m>[39m
                  [36m<path[39m
                    [33md[39m=[32m"M14.536 21.686a.5.5 0 0 0 .937-.024l6.5-19a.496.496 0 0 0-.635-.635l-19 6.5a.5.5 
0 0 0-.024.937l7.93 3.18a2 2 0 0 1 1.112 1.11z"[39m
                  [36m/>[39m
                  [36m<path[39m
                    [33md[39m=[32m"m21.854 2.147-10.94 10.939"[39m
                  [36m/>[39m
                [36m</svg>[39m
              [36m</button>[39m
            [36m</div>[39m
          [36m</div>[39m
        [36m</div>[39m
      [36m</div>[39m
    [36m</div>[39m
  [36m</div>[39m
[36m</body>[39m
 ? Object.getElementError node_modules/@testing-library/dom/dist/config.js:37:19
 ? node_modules/@testing-library/dom/dist/query-helpers.js:76:38
 ? node_modules/@testing-library/dom/dist/query-helpers.js:52:17
 ? node_modules/@testing-library/dom/dist/query-helpers.js:95:19
 ? src/__tests__/features/chat/ChatPage.test.tsx:320:29
    318| 
    319|     await renderChatPage()
    320|     fireEvent.change(screen.getByPlaceholderText('type your question..?
       |                             ^
    321|       target: { value: '???????' },
    322|     })

????????????????????????[2/7]?

 FAIL  src/__tests__/features/chat/ChatPage.test.tsx > ChatPage > ?????? id ?????????????? transcript
TestingLibraryElementError: Unable to find an element with the placeholder text of: type your question...

Ignored nodes: comments, script, style
[36m<body>[39m
  [36m<div[39m
    [33mid[39m=[32m"root"[39m
  [36m/>[39m
  [36m<div>[39m
    [36m<div[39m
      [33mclass[39m=[32m"_chat-page_bf0702"[39m
    [36m>[39m
      [36m<div[39m
        [33mclass[39m=[32m"_chat-header_bf0702"[39m
      [36m>[39m
        [36m<div[39m
          [33mclass[39m=[32m"_chat-header-title_bf0702"[39m
        [36m>[39m
          [36m<button[39m
            [33maria-label[39m=[32m"??????"[39m
            [33mclass[39m=[32m"_history-toggle_bf0702"[39m
            [33mtitle[39m=[32m"??????"[39m
            [33mtype[39m=[32m"button"[39m
          [36m>[39m
            [36m<svg[39m
              [33maria-hidden[39m=[32m"true"[39m
              [33mclass[39m=[32m"lucide lucide-panel-left"[39m
              [33mfill[39m=[32m"none"[39m
              [33mheight[39m=[32m"18"[39m
              [33mstroke[39m=[32m"currentColor"[39m
              [33mstroke-linecap[39m=[32m"round"[39m
              [33mstroke-linejoin[39m=[32m"round"[39m
              [33mstroke-width[39m=[32m"2"[39m
              [33mviewBox[39m=[32m"0 0 24 24"[39m
              [33mwidth[39m=[32m"18"[39m
              [33mxmlns[39m=[32m"http://www.w3.org/2000/svg"[39m
            [36m>[39m
              [36m<rect[39m
                [33mheight[39m=[32m"18"[39m
                [33mrx[39m=[32m"2"[39m
                [33mwidth[39m=[32m"18"[39m
                [33mx[39m=[32m"3"[39m
                [33my[39m=[32m"3"[39m
              [36m/>[39m
              [36m<path[39m
                [33md[39m=[32m"M9 3v18"[39m
              [36m/>[39m
            [36m</svg>[39m
          [36m</button>[39m
          [36m<div>[39m
            [36m<h1>[39m
              [0mAI ??[0m
            [36m</h1>[39m
            [36m<p[39m
              [33mclass[39m=[32m"_session-caption_bf0702"[39m
            [36m>[39m
              [0m?????session-1[0m
            [36m</p>[39m
          [36m</div>[39m
        [36m</div>[39m
        [36m<div[39m
          [33mclass[39m=[32m"_header-controls_bf0702"[39m
        [36m>[39m
          [36m<label[39m
            [33mclass[39m=[32m"_thinking-toggle_bf0702"[39m
            [33mtitle[39m=[32m"?? AI ????"[39m
          [36m>[39m
            [36m<input[39m
              [33mtype[39m=[32m"checkbox"[39m
            [36m/>[39m
            [36m<span>[39m
              [0m??[0m
            [36m</span>[39m
          [36m</label>[39m
          [36m<select[39m
            [33mclass[39m=[32m"_mode-select_bf0702"[39m
          [36m>[39m
            [36m<option[39m
              [33mvalue[39m=[32m"stream"[39m
            [36m>[39m
              [0m????[0m
            [36m</option>[39m
            [36m<option[39m
              [33mvalue[39m=[32m"direct"[39m
            [36m>[39m
              [0m????[0m
            [36m</option>[39m
          [36m</select>[39m
          [36m<span[39m
            [33mclass[39m=[32m"_current-model_bf0702"[39m
          [36m>[39m
            [0mgpt-4o-mini[0m
          [36m</span>[39m
        [36m</div>[39m
        [36m<button[39m
          [33mclass[39m=[32m"btn _btn-secondary_bf0702"[39m
        [36m>[39m
          [0m???[0m
        [36m</button>[39m
      [36m</div>[39m
      [36m<div[39m
        [33mclass[39m=[32m"_chat-body_bf0702"[39m
      [36m>[39m
        [36m<aside[39m
          [33maria-label[39m=[32m"???????"[39m
          [33mclass[39m=[32m"_sidebar_e4172f"[39m
        [36m>[39m
          [36m<div[39m
            [33mclass[39m=[32m"_header_e4172f"[39m
          [36m>[39m
            [36m<span[39m
              [33mclass[39m=[32m"_title_e4172f"[39m
            [36m>[39m
              [0m????[0m
            [36m</span>[39m
            [36m<div[39m
              [33mclass[39m=[32m"_headerActions_e4172f"[39m
            [36m>[39m
              [36m<button[39m
                [33mclass[39m=[32m"_iconButton_e4172f"[39m
                [33mtitle[39m=[32m"????"[39m
                [33mtype[39m=[32m"button"[39m
              [36m>[39m
                [36m<svg[39m
                  [33maria-hidden[39m=[32m"true"[39m
                  [33mclass[39m=[32m"lucide lucide-plus"[39m
                  [33mfill[39m=[32m"none"[39m
                  [33mheight[39m=[32m"16"[39m
                  [33mstroke[39m=[32m"currentColor"[39m
                  [33mstroke-linecap[39m=[32m"round"[39m
                  [33mstroke-linejoin[39m=[32m"round"[39m
                  [33mstroke-width[39m=[32m"2"[39m
                  [33mviewBox[39m=[32m"0 0 24 24"[39m
                  [33mwidth[39m=[32m"16"[39m
                  [33mxmlns[39m=[32m"http://www.w3.org/2000/svg"[39m
                [36m>[39m
                  [36m<path[39m
                    [33md[39m=[32m"M5 12h14"[39m
                  [36m/>[39m
                  [36m<path[39m
                    [33md[39m=[32m"M12 5v14"[39m
                  [36m/>[39m
                [36m</svg>[39m
              [36m</button>[39m
              [36m<button[39m
                [33mclass[39m=[32m"_iconButton_e4172f"[39m
                [33mtitle[39m=[32m"??????"[39m
                [33mtype[39m=[32m"button"[39m
              [36m>[39m
                [36m<svg[39m
                  [33maria-hidden[39m=[32m"true"[39m
                  [33mclass[39m=[32m"lucide lucide-panel-left"[39m
                  [33mfill[39m=[32m"none"[39m
                  [33mheight[39m=[32m"16"[39m
                  [33mstroke[39m=[32m"currentColor"[39m
                  [33mstroke-linecap[39m=[32m"round"[39m
                  [33mstroke-linejoin[39m=[32m"round"[39m
                  [33mstroke-width[39m=[32m"2"[39m
                  [33mviewBox[39m=[32m"0 0 24 24"[39m
                  [33mwidth[39m=[32m"16"[39m
                  [33mxmlns[39m=[32m"http://www.w3.org/2000/svg"[39m
                [36m>[39m
                  [36m<rect[39m
                    [33mheight[39m=[32m"18"[39m
                    [33mrx[39m=[32m"2"[39m
                    [33mwidth[39m=[32m"18"[39m
                    [33mx[39m=[32m"3"[39m
                    [33my[39m=[32m"3"[39m
                  [36m/>[39m
                  [36m<path[39m
                    [33md[39m=[32m"M9 3v18"[39m
                  [36m/>[39m
                [36m</svg>[39m
              [36m</button>[39m
            [36m</div>[39m
          [36m</div>[39m
          [36m<div[39m
            [33mclass[39m=[32m"_filters_e4172f"[39m
          [36m>[39m
            [36m<div[39m
              [33mclass[39m=[32m"_searchRow_e4172f"[39m
            [36m>[39m
              [36m<svg[39m
                [33maria-hidden[39m=[32m"true"[39m
                [33mclass[39m=[32m"lucide lucide-search"[39m
                [33mfill[39m=[32m"none"[39m
                [33mheight[39m=[32m"15"[39m
                [33mstroke[39m=[32m"currentColor"[39m
                [33mstroke-linecap[39m=[32m"round"[39m
                [33mstroke-linejoin[39m=[32m"round"[39m
                [33mstroke-width[39m=[32m"2"[39m
                [33mviewBox[39m=[32m"0 0 24 24"[39m
                [33mwidth[39m=[32m"15"[39m
                [33mxmlns[39m=[32m"http://www.w3.org/2000/svg"[39m
              [36m>[39m
                [36m<path[39m
                  [33md[39m=[32m"m21 21-4.34-4.34"[39m
                [36m/>[39m
                [36m<circle[39m
                  [33mcx[39m=[32m"11"[39m
                  [33mcy[39m=[32m"11"[39m
                  [33mr[39m=[32m"8"[39m
                [36m/>[39m
              [36m</svg>[39m
              [36m<input[39m
                [33mclass[39m=[32m"_searchInput_e4172f"[39m
                [33mplaceholder[39m=[32m"???????"[39m
                [33mvalue[39m=[32m""[39m
              [36m/>[39m
            [36m</div>[39m
            [36m<div[39m
              [33mclass[39m=[32m"_sortRow_e4172f"[39m
            [36m>[39m
              [36m<select[39m
                [33mclass[39m=[32m"_sortSelect_e4172f"[39m
              [36m>[39m
                [36m<option[39m
                  [33mvalue[39m=[32m"last_message_at"[39m
                [36m>[39m
                  [0m?????[0m
                [36m</option>[39m
                [36m<option[39m
                  [33mvalue[39m=[32m"title"[39m
                [36m>[39m
                  [0m?????[0m
                [36m</option>[39m
              [36m</select>[39m
            [36m</div>[39m
            [36m<label[39m
              [33mclass[39m=[32m"_checkboxRow_e4172f"[39m
            [36m>[39m
              [36m<input[39m
                [33mtype[39m=[32m"checkbox"[39m
              [36m/>[39m
              [36m<span>[39m
                [0m??????[0m
              [36m</span>[39m
            [36m</label>[39m
            [36m<div[39m
              [33mclass[39m=[32m"_batchActions_e4172f"[39m
            [36m>[39m
              [36m<label[39m
                [33mclass[39m=[32m"_checkboxRow_e4172f"[39m
              [36m>[39m
                [36m<input[39m
                  [33mdisabled[39m=[32m""[39m
                  [33mtype[39m=[32m"checkbox"[39m
                [36m/>[39m
                [36m<span>[39m
                  [0m??????[0m
                [36m</span>[39m
              [36m</label>[39m
              [36m<div[39m
                [33mclass[39m=[32m"_batchButtons_e4172f"[39m
              [36m>[39m
                [36m<button[39m
                  [33mclass[39m=[32m"_secondaryButton_e4172f"[39m
                  [33mdisabled[39m=[32m""[39m
                  [33mtype[39m=[32m"button"[39m
                [36m>[39m
                  [0m????[0m
                [36m</button>[39m
                [36m<button[39m
                  [33mclass[39m=[32m"_dangerButton_e4172f"[39m
                  [33mdisabled[39m=[32m""[39m
                  [33mtype[39m=[32m"button"[39m
                [36m>[39m
                  [0m????[0m
                  [0m [0m
                [36m</button>[39m
              [36m</div>[39m
            [36m</div>[39m
          [36m</div>[39m
          [36m<div[39m
            [33mclass[39m=[32m"_content_e4172f"[39m
          [36m>[39m
            [36m<div[39m
              [33mclass[39m=[32m"_empty_e4172f"[39m
            [36m>[39m
              [0m??????[0m
            [36m</div>[39m
          [36m</div>[39m
        [36m</aside>[39m
        [36m<div[39m
          [33mclass[39m=[32m"_chat-main_bf0702"[39m
        [36m>[39m
          [36m<div[39m
            [33maria-label[39m=[32m"????"[39m
            [33maria-live[39m=[32m"polite"[39m
            [33mclass[39m=[32m"_chat-messages_bf0702"[39m
            [33mrole[39m=[32m"log"[39m
          [36m>[39m
            [36m<div[39m
              [33mclass[39m=[32m"_chat-empty_bf0702"[39m
            [36m>[39m
              [36m<p>[39m
                [0m??????????????[0m
              [36m</p>[39m
            [36m</div>[39m
          [36m</div>[39m
          [36m<div[39m
            [33mclass[39m=[32m"_panel_d1103a _collapsed_d1103a"[39m
          [36m>[39m
            [36m<button[39m
              [33mclass[39m=[32m"_toggle-btn_d1103a"[39m
              [33mtitle[39m=[32m"??????"[39m
              [33mtype[39m=[32m"button"[39m
            [36m>[39m
              [36m<span[39m
                [33mclass[39m=[32m"_toggle-arrow_d1103a _arrow-collapsed_d1103a"[39m
              [36m>[39m
                [0m?[0m
              [36m</span>[39m
            [36m</button>[39m
          [36m</div>[39m
          [36m<div[39m
            [33mclass[39m=[32m"_chat-input-container_957f92 "[39m
          [36m>[39m
            [36m<div[39m
              [33mclass[39m=[32m"_input-row_957f92"[39m
            [36m>[39m
              [36m<input[39m
                [33maccept[39m=[32m".jpg,.jpeg,.png,.gif,.webp,.pdf,.txt,.md,.csv"[39m
                [33mmultiple[39m=[32m""[39m
                [33mstyle[39m=[32m"display: none;"[39m
                [33mtype[39m=[32m"file"[39m
              [36m/>[39m
              [36m<button[39m
                [33mclass[39m=[32m"_attach-btn_957f92"[39m
                [33mtitle[39m=[32m"attach file"[39m
              [36m>[39m
                [36m<svg[39m
                  [33maria-hidden[39m=[32m"true"[39m
                  [33mclass[39m=[32m"lucide lucide-paperclip"[39m
                  [33mfill[39m=[32m"none"[39m
                  [33mheight[39m=[32m"20"[39m
                  [33mstroke[39m=[32m"currentColor"[39m
                  [33mstroke-linecap[39m=[32m"round"[39m
                  [33mstroke-linejoin[39m=[32m"round"[39m
                  [33mstroke-width[39m=[32m"2"[39m
                  [33mviewBox[39m=[32m"0 0 24 24"[39m
                  [33mwidth[39m=[32m"20"[39m
                  [33mxmlns[39m=[32m"http://www.w3.org/2000/svg"[39m
                [36m>[39m
                  [36m<path[39m
                    [33md[39m=[32m"m16 6-8.414 8.586a2 2 0 0 0 2.829 2.829l8.414-8.586a4 4 0 1 0-5.657-5.657l-8.379 
8.551a6 6 0 1 0 8.485 8.485l8.379-8.551"[39m
                  [36m/>[39m
                [36m</svg>[39m
              [36m</button>[39m
              [36m<textarea[39m
                [33mclass[39m=[32m"_chat-input_957f92"[39m
                [33mplaceholder[39m=[32m"type your question... (try /diary for daily diary)"[39m
                [33mrows[39m=[32m"1"[39m
              [36m/>[39m
              [36m<button[39m
                [33mclass[39m=[32m"btn btn-primary _send-btn_957f92"[39m
                [33mdisabled[39m=[32m""[39m
              [36m>[39m
                [36m<svg[39m
                  [33maria-hidden[39m=[32m"true"[39m
                  [33mclass[39m=[32m"lucide lucide-send"[39m
                  [33mfill[39m=[32m"none"[39m
                  [33mheight[39m=[32m"18"[39m
                  [33mstroke[39m=[32m"currentColor"[39m
                  [33mstroke-linecap[39m=[32m"round"[39m
                  [33mstroke-linejoin[39m=[32m"round"[39m
                  [33mstroke-width[39m=[32m"2"[39m
                  [33mviewBox[39m=[32m"0 0 24 24"[39m
                  [33mwidth[39m=[32m"18"[39m
                  [33mxmlns[39m=[32m"http://www.w3.org/2000/svg"[39m
                [36m>[39m
                  [36m<path[39m
                    [33md[39m=[32m"M14.536 21.686a.5.5 0 0 0 .937-.024l6.5-19a.496.496 0 0 0-.635-.635l-19 6.5a.5.5 
0 0 0-.024.937l7.93 3.18a2 2 0 0 1 1.112 1.11z"[39m
                  [36m/>[39m
                  [36m<path[39m
                    [33md[39m=[32m"m21.854 2.147-10.94 10.939"[39m
                  [36m/>[39m
                [36m</svg>[39m
              [36m</button>[39m
            [36m</div>[39m
          [36m</div>[39m
        [36m</div>[39m
      [36m</div>[39m
    [36m</div>[39m
  [36m</div>[39m
[36m</body>[39m
 ? Object.getElementError node_modules/@testing-library/dom/dist/config.js:37:19
 ? node_modules/@testing-library/dom/dist/query-helpers.js:76:38
 ? node_modules/@testing-library/dom/dist/query-helpers.js:52:17
 ? node_modules/@testing-library/dom/dist/query-helpers.js:95:19
 ? src/__tests__/features/chat/ChatPage.test.tsx:382:29
    380| 
    381|     await renderChatPage()
    382|     fireEvent.change(screen.getByPlaceholderText('type your question..?
       |                             ^
    383|       target: { value: '????????' },
    384|     })

????????????????????????[3/7]?

 FAIL  src/__tests__/features/chat/ChatPage.test.tsx > ChatPage > ??????????? runtime ?????????
TestingLibraryElementError: Unable to find an element with the placeholder text of: type your question...

Ignored nodes: comments, script, style
[36m<body>[39m
  [36m<div[39m
    [33mid[39m=[32m"root"[39m
  [36m/>[39m
  [36m<div>[39m
    [36m<div[39m
      [33mclass[39m=[32m"_chat-page_bf0702"[39m
    [36m>[39m
      [36m<div[39m
        [33mclass[39m=[32m"_chat-header_bf0702"[39m
      [36m>[39m
        [36m<div[39m
          [33mclass[39m=[32m"_chat-header-title_bf0702"[39m
        [36m>[39m
          [36m<button[39m
            [33maria-label[39m=[32m"??????"[39m
            [33mclass[39m=[32m"_history-toggle_bf0702"[39m
            [33mtitle[39m=[32m"??????"[39m
            [33mtype[39m=[32m"button"[39m
          [36m>[39m
            [36m<svg[39m
              [33maria-hidden[39m=[32m"true"[39m
              [33mclass[39m=[32m"lucide lucide-panel-left"[39m
              [33mfill[39m=[32m"none"[39m
              [33mheight[39m=[32m"18"[39m
              [33mstroke[39m=[32m"currentColor"[39m
              [33mstroke-linecap[39m=[32m"round"[39m
              [33mstroke-linejoin[39m=[32m"round"[39m
              [33mstroke-width[39m=[32m"2"[39m
              [33mviewBox[39m=[32m"0 0 24 24"[39m
              [33mwidth[39m=[32m"18"[39m
              [33mxmlns[39m=[32m"http://www.w3.org/2000/svg"[39m
            [36m>[39m
              [36m<rect[39m
                [33mheight[39m=[32m"18"[39m
                [33mrx[39m=[32m"2"[39m
                [33mwidth[39m=[32m"18"[39m
                [33mx[39m=[32m"3"[39m
                [33my[39m=[32m"3"[39m
              [36m/>[39m
              [36m<path[39m
                [33md[39m=[32m"M9 3v18"[39m
              [36m/>[39m
            [36m</svg>[39m
          [36m</button>[39m
          [36m<div>[39m
            [36m<h1>[39m
              [0mAI ??[0m
            [36m</h1>[39m
            [36m<p[39m
              [33mclass[39m=[32m"_session-caption_bf0702"[39m
            [36m>[39m
              [0m?????session-1[0m
            [36m</p>[39m
          [36m</div>[39m
        [36m</div>[39m
        [36m<div[39m
          [33mclass[39m=[32m"_header-controls_bf0702"[39m
        [36m>[39m
          [36m<label[39m
            [33mclass[39m=[32m"_thinking-toggle_bf0702"[39m
            [33mtitle[39m=[32m"?? AI ????"[39m
          [36m>[39m
            [36m<input[39m
              [33mtype[39m=[32m"checkbox"[39m
            [36m/>[39m
            [36m<span>[39m
              [0m??[0m
            [36m</span>[39m
          [36m</label>[39m
          [36m<select[39m
            [33mclass[39m=[32m"_mode-select_bf0702"[39m
          [36m>[39m
            [36m<option[39m
              [33mvalue[39m=[32m"stream"[39m
            [36m>[39m
              [0m????[0m
            [36m</option>[39m
            [36m<option[39m
              [33mvalue[39m=[32m"direct"[39m
            [36m>[39m
              [0m????[0m
            [36m</option>[39m
          [36m</select>[39m
          [36m<span[39m
            [33mclass[39m=[32m"_current-model_bf0702"[39m
          [36m>[39m
            [0mgpt-4o-mini[0m
          [36m</span>[39m
        [36m</div>[39m
        [36m<button[39m
          [33mclass[39m=[32m"btn _btn-secondary_bf0702"[39m
        [36m>[39m
          [0m???[0m
        [36m</button>[39m
      [36m</div>[39m
      [36m<div[39m
        [33mclass[39m=[32m"_chat-body_bf0702"[39m
      [36m>[39m
        [36m<aside[39m
          [33maria-label[39m=[32m"???????"[39m
          [33mclass[39m=[32m"_sidebar_e4172f"[39m
        [36m>[39m
          [36m<div[39m
            [33mclass[39m=[32m"_header_e4172f"[39m
          [36m>[39m
            [36m<span[39m
              [33mclass[39m=[32m"_title_e4172f"[39m
            [36m>[39m
              [0m????[0m
            [36m</span>[39m
            [36m<div[39m
              [33mclass[39m=[32m"_headerActions_e4172f"[39m
            [36m>[39m
              [36m<button[39m
                [33mclass[39m=[32m"_iconButton_e4172f"[39m
                [33mtitle[39m=[32m"????"[39m
                [33mtype[39m=[32m"button"[39m
              [36m>[39m
                [36m<svg[39m
                  [33maria-hidden[39m=[32m"true"[39m
                  [33mclass[39m=[32m"lucide lucide-plus"[39m
                  [33mfill[39m=[32m"none"[39m
                  [33mheight[39m=[32m"16"[39m
                  [33mstroke[39m=[32m"currentColor"[39m
                  [33mstroke-linecap[39m=[32m"round"[39m
                  [33mstroke-linejoin[39m=[32m"round"[39m
                  [33mstroke-width[39m=[32m"2"[39m
                  [33mviewBox[39m=[32m"0 0 24 24"[39m
                  [33mwidth[39m=[32m"16"[39m
                  [33mxmlns[39m=[32m"http://www.w3.org/2000/svg"[39m
                [36m>[39m
                  [36m<path[39m
                    [33md[39m=[32m"M5 12h14"[39m
                  [36m/>[39m
                  [36m<path[39m
                    [33md[39m=[32m"M12 5v14"[39m
                  [36m/>[39m
                [36m</svg>[39m
              [36m</button>[39m
              [36m<button[39m
                [33mclass[39m=[32m"_iconButton_e4172f"[39m
                [33mtitle[39m=[32m"??????"[39m
                [33mtype[39m=[32m"button"[39m
              [36m>[39m
                [36m<svg[39m
                  [33maria-hidden[39m=[32m"true"[39m
                  [33mclass[39m=[32m"lucide lucide-panel-left"[39m
                  [33mfill[39m=[32m"none"[39m
                  [33mheight[39m=[32m"16"[39m
                  [33mstroke[39m=[32m"currentColor"[39m
                  [33mstroke-linecap[39m=[32m"round"[39m
                  [33mstroke-linejoin[39m=[32m"round"[39m
                  [33mstroke-width[39m=[32m"2"[39m
                  [33mviewBox[39m=[32m"0 0 24 24"[39m
                  [33mwidth[39m=[32m"16"[39m
                  [33mxmlns[39m=[32m"http://www.w3.org/2000/svg"[39m
                [36m>[39m
                  [36m<rect[39m
                    [33mheight[39m=[32m"18"[39m
                    [33mrx[39m=[32m"2"[39m
                    [33mwidth[39m=[32m"18"[39m
                    [33mx[39m=[32m"3"[39m
                    [33my[39m=[32m"3"[39m
                  [36m/>[39m
                  [36m<path[39m
                    [33md[39m=[32m"M9 3v18"[39m
                  [36m/>[39m
                [36m</svg>[39m
              [36m</button>[39m
            [36m</div>[39m
          [36m</div>[39m
          [36m<div[39m
            [33mclass[39m=[32m"_filters_e4172f"[39m
          [36m>[39m
            [36m<div[39m
              [33mclass[39m=[32m"_searchRow_e4172f"[39m
            [36m>[39m
              [36m<svg[39m
                [33maria-hidden[39m=[32m"true"[39m
                [33mclass[39m=[32m"lucide lucide-search"[39m
                [33mfill[39m=[32m"none"[39m
                [33mheight[39m=[32m"15"[39m
                [33mstroke[39m=[32m"currentColor"[39m
                [33mstroke-linecap[39m=[32m"round"[39m
                [33mstroke-linejoin[39m=[32m"round"[39m
                [33mstroke-width[39m=[32m"2"[39m
                [33mviewBox[39m=[32m"0 0 24 24"[39m
                [33mwidth[39m=[32m"15"[39m
                [33mxmlns[39m=[32m"http://www.w3.org/2000/svg"[39m
              [36m>[39m
                [36m<path[39m
                  [33md[39m=[32m"m21 21-4.34-4.34"[39m
                [36m/>[39m
                [36m<circle[39m
                  [33mcx[39m=[32m"11"[39m
                  [33mcy[39m=[32m"11"[39m
                  [33mr[39m=[32m"8"[39m
                [36m/>[39m
              [36m</svg>[39m
              [36m<input[39m
                [33mclass[39m=[32m"_searchInput_e4172f"[39m
                [33mplaceholder[39m=[32m"???????"[39m
                [33mvalue[39m=[32m""[39m
              [36m/>[39m
            [36m</div>[39m
            [36m<div[39m
              [33mclass[39m=[32m"_sortRow_e4172f"[39m
            [36m>[39m
              [36m<select[39m
                [33mclass[39m=[32m"_sortSelect_e4172f"[39m
              [36m>[39m
                [36m<option[39m
                  [33mvalue[39m=[32m"last_message_at"[39m
                [36m>[39m
                  [0m?????[0m
                [36m</option>[39m
                [36m<option[39m
                  [33mvalue[39m=[32m"title"[39m
                [36m>[39m
                  [0m?????[0m
                [36m</option>[39m
              [36m</select>[39m
            [36m</div>[39m
            [36m<label[39m
              [33mclass[39m=[32m"_checkboxRow_e4172f"[39m
            [36m>[39m
              [36m<input[39m
                [33mtype[39m=[32m"checkbox"[39m
              [36m/>[39m
              [36m<span>[39m
                [0m??????[0m
              [36m</span>[39m
            [36m</label>[39m
            [36m<div[39m
              [33mclass[39m=[32m"_batchActions_e4172f"[39m
            [36m>[39m
              [36m<label[39m
                [33mclass[39m=[32m"_checkboxRow_e4172f"[39m
              [36m>[39m
                [36m<input[39m
                  [33mdisabled[39m=[32m""[39m
                  [33mtype[39m=[32m"checkbox"[39m
                [36m/>[39m
                [36m<span>[39m
                  [0m??????[0m
                [36m</span>[39m
              [36m</label>[39m
              [36m<div[39m
                [33mclass[39m=[32m"_batchButtons_e4172f"[39m
              [36m>[39m
                [36m<button[39m
                  [33mclass[39m=[32m"_secondaryButton_e4172f"[39m
                  [33mdisabled[39m=[32m""[39m
                  [33mtype[39m=[32m"button"[39m
                [36m>[39m
                  [0m????[0m
                [36m</button>[39m
                [36m<button[39m
                  [33mclass[39m=[32m"_dangerButton_e4172f"[39m
                  [33mdisabled[39m=[32m""[39m
                  [33mtype[39m=[32m"button"[39m
                [36m>[39m
                  [0m????[0m
                  [0m [0m
                [36m</button>[39m
              [36m</div>[39m
            [36m</div>[39m
          [36m</div>[39m
          [36m<div[39m
            [33mclass[39m=[32m"_content_e4172f"[39m
          [36m>[39m
            [36m<div[39m
              [33mclass[39m=[32m"_empty_e4172f"[39m
            [36m>[39m
              [0m??????[0m
            [36m</div>[39m
          [36m</div>[39m
        [36m</aside>[39m
        [36m<div[39m
          [33mclass[39m=[32m"_chat-main_bf0702"[39m
        [36m>[39m
          [36m<div[39m
            [33maria-label[39m=[32m"????"[39m
            [33maria-live[39m=[32m"polite"[39m
            [33mclass[39m=[32m"_chat-messages_bf0702"[39m
            [33mrole[39m=[32m"log"[39m
          [36m>[39m
            [36m<div[39m
              [33mclass[39m=[32m"_chat-empty_bf0702"[39m
            [36m>[39m
              [36m<p>[39m
                [0m??????????????[0m
              [36m</p>[39m
            [36m</div>[39m
          [36m</div>[39m
          [36m<div[39m
            [33mclass[39m=[32m"_panel_d1103a _collapsed_d1103a"[39m
          [36m>[39m
            [36m<button[39m
              [33mclass[39m=[32m"_toggle-btn_d1103a"[39m
              [33mtitle[39m=[32m"??????"[39m
              [33mtype[39m=[32m"button"[39m
            [36m>[39m
              [36m<span[39m
                [33mclass[39m=[32m"_toggle-arrow_d1103a _arrow-collapsed_d1103a"[39m
              [36m>[39m
                [0m?[0m
              [36m</span>[39m
            [36m</button>[39m
          [36m</div>[39m
          [36m<div[39m
            [33mclass[39m=[32m"_chat-input-container_957f92 "[39m
          [36m>[39m
            [36m<div[39m
              [33mclass[39m=[32m"_input-row_957f92"[39m
            [36m>[39m
              [36m<input[39m
                [33maccept[39m=[32m".jpg,.jpeg,.png,.gif,.webp,.pdf,.txt,.md,.csv"[39m
                [33mmultiple[39m=[32m""[39m
                [33mstyle[39m=[32m"display: none;"[39m
                [33mtype[39m=[32m"file"[39m
              [36m/>[39m
              [36m<button[39m
                [33mclass[39m=[32m"_attach-btn_957f92"[39m
                [33mtitle[39m=[32m"attach file"[39m
              [36m>[39m
                [36m<svg[39m
                  [33maria-hidden[39m=[32m"true"[39m
                  [33mclass[39m=[32m"lucide lucide-paperclip"[39m
                  [33mfill[39m=[32m"none"[39m
                  [33mheight[39m=[32m"20"[39m
                  [33mstroke[39m=[32m"currentColor"[39m
                  [33mstroke-linecap[39m=[32m"round"[39m
                  [33mstroke-linejoin[39m=[32m"round"[39m
                  [33mstroke-width[39m=[32m"2"[39m
                  [33mviewBox[39m=[32m"0 0 24 24"[39m
                  [33mwidth[39m=[32m"20"[39m
                  [33mxmlns[39m=[32m"http://www.w3.org/2000/svg"[39m
                [36m>[39m
                  [36m<path[39m
                    [33md[39m=[32m"m16 6-8.414 8.586a2 2 0 0 0 2.829 2.829l8.414-8.586a4 4 0 1 0-5.657-5.657l-8.379 
8.551a6 6 0 1 0 8.485 8.485l8.379-8.551"[39m
                  [36m/>[39m
                [36m</svg>[39m
              [36m</button>[39m
              [36m<textarea[39m
                [33mclass[39m=[32m"_chat-input_957f92"[39m
                [33mplaceholder[39m=[32m"type your question... (try /diary for daily diary)"[39m
                [33mrows[39m=[32m"1"[39m
              [36m/>[39m
              [36m<button[39m
                [33mclass[39m=[32m"btn btn-primary _send-btn_957f92"[39m
                [33mdisabled[39m=[32m""[39m
              [36m>[39m
                [36m<svg[39m
                  [33maria-hidden[39m=[32m"true"[39m
                  [33mclass[39m=[32m"lucide lucide-send"[39m
                  [33mfill[39m=[32m"none"[39m
                  [33mheight[39m=[32m"18"[39m
                  [33mstroke[39m=[32m"currentColor"[39m
                  [33mstroke-linecap[39m=[32m"round"[39m
                  [33mstroke-linejoin[39m=[32m"round"[39m
                  [33mstroke-width[39m=[32m"2"[39m
                  [33mviewBox[39m=[32m"0 0 24 24"[39m
                  [33mwidth[39m=[32m"18"[39m
                  [33mxmlns[39m=[32m"http://www.w3.org/2000/svg"[39m
                [36m>[39m
                  [36m<path[39m
                    [33md[39m=[32m"M14.536 21.686a.5.5 0 0 0 .937-.024l6.5-19a.496.496 0 0 0-.635-.635l-19 6.5a.5.5 
0 0 0-.024.937l7.93 3.18a2 2 0 0 1 1.112 1.11z"[39m
                  [36m/>[39m
                  [36m<path[39m
                    [33md[39m=[32m"m21.854 2.147-10.94 10.939"[39m
                  [36m/>[39m
                [36m</svg>[39m
              [36m</button>[39m
            [36m</div>[39m
          [36m</div>[39m
        [36m</div>[39m
      [36m</div>[39m
    [36m</div>[39m
  [36m</div>[39m
[36m</body>[39m
 ? Object.getElementError node_modules/@testing-library/dom/dist/config.js:37:19
 ? node_modules/@testing-library/dom/dist/query-helpers.js:76:38
 ? node_modules/@testing-library/dom/dist/query-helpers.js:52:17
 ? node_modules/@testing-library/dom/dist/query-helpers.js:95:19
 ? src/__tests__/features/chat/ChatPage.test.tsx:454:29
    452| 
    453|     await renderChatPage()
    454|     fireEvent.change(screen.getByPlaceholderText('type your question..?
       |                             ^
    455|       target: { value: '?????????' },
    456|     })

????????????????????????[4/7]?

 FAIL  src/__tests__/features/chat/ChatPage.test.tsx > ChatPage > ????????????????
TestingLibraryElementError: Unable to find an element with the placeholder text of: type your question...

Ignored nodes: comments, script, style
[36m<body>[39m
  [36m<div[39m
    [33mid[39m=[32m"root"[39m
  [36m/>[39m
  [36m<div>[39m
    [36m<div[39m
      [33mclass[39m=[32m"_chat-page_bf0702"[39m
    [36m>[39m
      [36m<div[39m
        [33mclass[39m=[32m"_chat-header_bf0702"[39m
      [36m>[39m
        [36m<div[39m
          [33mclass[39m=[32m"_chat-header-title_bf0702"[39m
        [36m>[39m
          [36m<button[39m
            [33maria-label[39m=[32m"??????"[39m
            [33mclass[39m=[32m"_history-toggle_bf0702"[39m
            [33mtitle[39m=[32m"??????"[39m
            [33mtype[39m=[32m"button"[39m
          [36m>[39m
            [36m<svg[39m
              [33maria-hidden[39m=[32m"true"[39m
              [33mclass[39m=[32m"lucide lucide-panel-left"[39m
              [33mfill[39m=[32m"none"[39m
              [33mheight[39m=[32m"18"[39m
              [33mstroke[39m=[32m"currentColor"[39m
              [33mstroke-linecap[39m=[32m"round"[39m
              [33mstroke-linejoin[39m=[32m"round"[39m
              [33mstroke-width[39m=[32m"2"[39m
              [33mviewBox[39m=[32m"0 0 24 24"[39m
              [33mwidth[39m=[32m"18"[39m
              [33mxmlns[39m=[32m"http://www.w3.org/2000/svg"[39m
            [36m>[39m
              [36m<rect[39m
                [33mheight[39m=[32m"18"[39m
                [33mrx[39m=[32m"2"[39m
                [33mwidth[39m=[32m"18"[39m
                [33mx[39m=[32m"3"[39m
                [33my[39m=[32m"3"[39m
              [36m/>[39m
              [36m<path[39m
                [33md[39m=[32m"M9 3v18"[39m
              [36m/>[39m
            [36m</svg>[39m
          [36m</button>[39m
          [36m<div>[39m
            [36m<h1>[39m
              [0mAI ??[0m
            [36m</h1>[39m
            [36m<p[39m
              [33mclass[39m=[32m"_session-caption_bf0702"[39m
            [36m>[39m
              [0m?????session-1[0m
            [36m</p>[39m
          [36m</div>[39m
        [36m</div>[39m
        [36m<div[39m
          [33mclass[39m=[32m"_header-controls_bf0702"[39m
        [36m>[39m
          [36m<label[39m
            [33mclass[39m=[32m"_thinking-toggle_bf0702"[39m
            [33mtitle[39m=[32m"?? AI ????"[39m
          [36m>[39m
            [36m<input[39m
              [33mtype[39m=[32m"checkbox"[39m
            [36m/>[39m
            [36m<span>[39m
              [0m??[0m
            [36m</span>[39m
          [36m</label>[39m
          [36m<select[39m
            [33mclass[39m=[32m"_mode-select_bf0702"[39m
          [36m>[39m
            [36m<option[39m
              [33mvalue[39m=[32m"stream"[39m
            [36m>[39m
              [0m????[0m
            [36m</option>[39m
            [36m<option[39m
              [33mvalue[39m=[32m"direct"[39m
            [36m>[39m
              [0m????[0m
            [36m</option>[39m
          [36m</select>[39m
          [36m<span[39m
            [33mclass[39m=[32m"_current-model_bf0702"[39m
          [36m>[39m
            [0mgpt-4o-mini[0m
          [36m</span>[39m
        [36m</div>[39m
        [36m<button[39m
          [33mclass[39m=[32m"btn _btn-secondary_bf0702"[39m
        [36m>[39m
          [0m???[0m
        [36m</button>[39m
      [36m</div>[39m
      [36m<div[39m
        [33mclass[39m=[32m"_chat-body_bf0702"[39m
      [36m>[39m
        [36m<aside[39m
          [33maria-label[39m=[32m"???????"[39m
          [33mclass[39m=[32m"_sidebar_e4172f"[39m
        [36m>[39m
          [36m<div[39m
            [33mclass[39m=[32m"_header_e4172f"[39m
          [36m>[39m
            [36m<span[39m
              [33mclass[39m=[32m"_title_e4172f"[39m
            [36m>[39m
              [0m????[0m
            [36m</span>[39m
            [36m<div[39m
              [33mclass[39m=[32m"_headerActions_e4172f"[39m
            [36m>[39m
              [36m<button[39m
                [33mclass[39m=[32m"_iconButton_e4172f"[39m
                [33mtitle[39m=[32m"????"[39m
                [33mtype[39m=[32m"button"[39m
              [36m>[39m
                [36m<svg[39m
                  [33maria-hidden[39m=[32m"true"[39m
                  [33mclass[39m=[32m"lucide lucide-plus"[39m
                  [33mfill[39m=[32m"none"[39m
                  [33mheight[39m=[32m"16"[39m
                  [33mstroke[39m=[32m"currentColor"[39m
                  [33mstroke-linecap[39m=[32m"round"[39m
                  [33mstroke-linejoin[39m=[32m"round"[39m
                  [33mstroke-width[39m=[32m"2"[39m
                  [33mviewBox[39m=[32m"0 0 24 24"[39m
                  [33mwidth[39m=[32m"16"[39m
                  [33mxmlns[39m=[32m"http://www.w3.org/2000/svg"[39m
                [36m>[39m
                  [36m<path[39m
                    [33md[39m=[32m"M5 12h14"[39m
                  [36m/>[39m
                  [36m<path[39m
                    [33md[39m=[32m"M12 5v14"[39m
                  [36m/>[39m
                [36m</svg>[39m
              [36m</button>[39m
              [36m<button[39m
                [33mclass[39m=[32m"_iconButton_e4172f"[39m
                [33mtitle[39m=[32m"??????"[39m
                [33mtype[39m=[32m"button"[39m
              [36m>[39m
                [36m<svg[39m
                  [33maria-hidden[39m=[32m"true"[39m
                  [33mclass[39m=[32m"lucide lucide-panel-left"[39m
                  [33mfill[39m=[32m"none"[39m
                  [33mheight[39m=[32m"16"[39m
                  [33mstroke[39m=[32m"currentColor"[39m
                  [33mstroke-linecap[39m=[32m"round"[39m
                  [33mstroke-linejoin[39m=[32m"round"[39m
                  [33mstroke-width[39m=[32m"2"[39m
                  [33mviewBox[39m=[32m"0 0 24 24"[39m
                  [33mwidth[39m=[32m"16"[39m
                  [33mxmlns[39m=[32m"http://www.w3.org/2000/svg"[39m
                [36m>[39m
                  [36m<rect[39m
                    [33mheight[39m=[32m"18"[39m
                    [33mrx[39m=[32m"2"[39m
                    [33mwidth[39m=[32m"18"[39m
                    [33mx[39m=[32m"3"[39m
                    [33my[39m=[32m"3"[39m
                  [36m/>[39m
                  [36m<path[39m
                    [33md[39m=[32m"M9 3v18"[39m
                  [36m/>[39m
                [36m</svg>[39m
              [36m</button>[39m
            [36m</div>[39m
          [36m</div>[39m
          [36m<div[39m
            [33mclass[39m=[32m"_filters_e4172f"[39m
          [36m>[39m
            [36m<div[39m
              [33mclass[39m=[32m"_searchRow_e4172f"[39m
            [36m>[39m
              [36m<svg[39m
                [33maria-hidden[39m=[32m"true"[39m
                [33mclass[39m=[32m"lucide lucide-search"[39m
                [33mfill[39m=[32m"none"[39m
                [33mheight[39m=[32m"15"[39m
                [33mstroke[39m=[32m"currentColor"[39m
                [33mstroke-linecap[39m=[32m"round"[39m
                [33mstroke-linejoin[39m=[32m"round"[39m
                [33mstroke-width[39m=[32m"2"[39m
                [33mviewBox[39m=[32m"0 0 24 24"[39m
                [33mwidth[39m=[32m"15"[39m
                [33mxmlns[39m=[32m"http://www.w3.org/2000/svg"[39m
              [36m>[39m
                [36m<path[39m
                  [33md[39m=[32m"m21 21-4.34-4.34"[39m
                [36m/>[39m
                [36m<circle[39m
                  [33mcx[39m=[32m"11"[39m
                  [33mcy[39m=[32m"11"[39m
                  [33mr[39m=[32m"8"[39m
                [36m/>[39m
              [36m</svg>[39m
              [36m<input[39m
                [33mclass[39m=[32m"_searchInput_e4172f"[39m
                [33mplaceholder[39m=[32m"???????"[39m
                [33mvalue[39m=[32m""[39m
              [36m/>[39m
            [36m</div>[39m
            [36m<div[39m
              [33mclass[39m=[32m"_sortRow_e4172f"[39m
            [36m>[39m
              [36m<select[39m
                [33mclass[39m=[32m"_sortSelect_e4172f"[39m
              [36m>[39m
                [36m<option[39m
                  [33mvalue[39m=[32m"last_message_at"[39m
                [36m>[39m
                  [0m?????[0m
                [36m</option>[39m
                [36m<option[39m
                  [33mvalue[39m=[32m"title"[39m
                [36m>[39m
                  [0m?????[0m
                [36m</option>[39m
              [36m</select>[39m
            [36m</div>[39m
            [36m<label[39m
              [33mclass[39m=[32m"_checkboxRow_e4172f"[39m
            [36m>[39m
              [36m<input[39m
                [33mtype[39m=[32m"checkbox"[39m
              [36m/>[39m
              [36m<span>[39m
                [0m??????[0m
              [36m</span>[39m
            [36m</label>[39m
            [36m<div[39m
              [33mclass[39m=[32m"_batchActions_e4172f"[39m
            [36m>[39m
              [36m<label[39m
                [33mclass[39m=[32m"_checkboxRow_e4172f"[39m
              [36m>[39m
                [36m<input[39m
                  [33mdisabled[39m=[32m""[39m
                  [33mtype[39m=[32m"checkbox"[39m
                [36m/>[39m
                [36m<span>[39m
                  [0m??????[0m
                [36m</span>[39m
              [36m</label>[39m
              [36m<div[39m
                [33mclass[39m=[32m"_batchButtons_e4172f"[39m
              [36m>[39m
                [36m<button[39m
                  [33mclass[39m=[32m"_secondaryButton_e4172f"[39m
                  [33mdisabled[39m=[32m""[39m
                  [33mtype[39m=[32m"button"[39m
                [36m>[39m
                  [0m????[0m
                [36m</button>[39m
                [36m<button[39m
                  [33mclass[39m=[32m"_dangerButton_e4172f"[39m
                  [33mdisabled[39m=[32m""[39m
                  [33mtype[39m=[32m"button"[39m
                [36m>[39m
                  [0m????[0m
                  [0m [0m
                [36m</button>[39m
              [36m</div>[39m
            [36m</div>[39m
          [36m</div>[39m
          [36m<div[39m
            [33mclass[39m=[32m"_content_e4172f"[39m
          [36m>[39m
            [36m<div[39m
              [33mclass[39m=[32m"_empty_e4172f"[39m
            [36m>[39m
              [0m??????[0m
            [36m</div>[39m
          [36m</div>[39m
        [36m</aside>[39m
        [36m<div[39m
          [33mclass[39m=[32m"_chat-main_bf0702"[39m
        [36m>[39m
          [36m<div[39m
            [33maria-label[39m=[32m"????"[39m
            [33maria-live[39m=[32m"polite"[39m
            [33mclass[39m=[32m"_chat-messages_bf0702"[39m
            [33mrole[39m=[32m"log"[39m
          [36m>[39m
            [36m<div[39m
              [33mclass[39m=[32m"_chat-empty_bf0702"[39m
            [36m>[39m
              [36m<p>[39m
                [0m??????????????[0m
              [36m</p>[39m
            [36m</div>[39m
          [36m</div>[39m
          [36m<div[39m
            [33mclass[39m=[32m"_panel_d1103a _collapsed_d1103a"[39m
          [36m>[39m
            [36m<button[39m
              [33mclass[39m=[32m"_toggle-btn_d1103a"[39m
              [33mtitle[39m=[32m"??????"[39m
              [33mtype[39m=[32m"button"[39m
            [36m>[39m
              [36m<span[39m
                [33mclass[39m=[32m"_toggle-arrow_d1103a _arrow-collapsed_d1103a"[39m
              [36m>[39m
                [0m?[0m
              [36m</span>[39m
            [36m</button>[39m
          [36m</div>[39m
          [36m<div[39m
            [33mclass[39m=[32m"_chat-input-container_957f92 "[39m
          [36m>[39m
            [36m<div[39m
              [33mclass[39m=[32m"_input-row_957f92"[39m
            [36m>[39m
              [36m<input[39m
                [33maccept[39m=[32m".jpg,.jpeg,.png,.gif,.webp,.pdf,.txt,.md,.csv"[39m
                [33mmultiple[39m=[32m""[39m
                [33mstyle[39m=[32m"display: none;"[39m
                [33mtype[39m=[32m"file"[39m
              [36m/>[39m
              [36m<button[39m
                [33mclass[39m=[32m"_attach-btn_957f92"[39m
                [33mtitle[39m=[32m"attach file"[39m
              [36m>[39m
                [36m<svg[39m
                  [33maria-hidden[39m=[32m"true"[39m
                  [33mclass[39m=[32m"lucide lucide-paperclip"[39m
                  [33mfill[39m=[32m"none"[39m
                  [33mheight[39m=[32m"20"[39m
                  [33mstroke[39m=[32m"currentColor"[39m
                  [33mstroke-linecap[39m=[32m"round"[39m
                  [33mstroke-linejoin[39m=[32m"round"[39m
                  [33mstroke-width[39m=[32m"2"[39m
                  [33mviewBox[39m=[32m"0 0 24 24"[39m
                  [33mwidth[39m=[32m"20"[39m
                  [33mxmlns[39m=[32m"http://www.w3.org/2000/svg"[39m
                [36m>[39m
                  [36m<path[39m
                    [33md[39m=[32m"m16 6-8.414 8.586a2 2 0 0 0 2.829 2.829l8.414-8.586a4 4 0 1 0-5.657-5.657l-8.379 
8.551a6 6 0 1 0 8.485 8.485l8.379-8.551"[39m
                  [36m/>[39m
                [36m</svg>[39m
              [36m</button>[39m
              [36m<textarea[39m
                [33mclass[39m=[32m"_chat-input_957f92"[39m
                [33mplaceholder[39m=[32m"type your question... (try /diary for daily diary)"[39m
                [33mrows[39m=[32m"1"[39m
              [36m/>[39m
              [36m<button[39m
                [33mclass[39m=[32m"btn btn-primary _send-btn_957f92"[39m
                [33mdisabled[39m=[32m""[39m
              [36m>[39m
                [36m<svg[39m
                  [33maria-hidden[39m=[32m"true"[39m
                  [33mclass[39m=[32m"lucide lucide-send"[39m
                  [33mfill[39m=[32m"none"[39m
                  [33mheight[39m=[32m"18"[39m
                  [33mstroke[39m=[32m"currentColor"[39m
                  [33mstroke-linecap[39m=[32m"round"[39m
                  [33mstroke-linejoin[39m=[32m"round"[39m
                  [33mstroke-width[39m=[32m"2"[39m
                  [33mviewBox[39m=[32m"0 0 24 24"[39m
                  [33mwidth[39m=[32m"18"[39m
                  [33mxmlns[39m=[32m"http://www.w3.org/2000/svg"[39m
                [36m>[39m
                  [36m<path[39m
                    [33md[39m=[32m"M14.536 21.686a.5.5 0 0 0 .937-.024l6.5-19a.496.496 0 0 0-.635-.635l-19 6.5a.5.5 
0 0 0-.024.937l7.93 3.18a2 2 0 0 1 1.112 1.11z"[39m
                  [36m/>[39m
                  [36m<path[39m
                    [33md[39m=[32m"m21.854 2.147-10.94 10.939"[39m
                  [36m/>[39m
                [36m</svg>[39m
              [36m</button>[39m
            [36m</div>[39m
          [36m</div>[39m
        [36m</div>[39m
      [36m</div>[39m
    [36m</div>[39m
  [36m</div>[39m
[36m</body>[39m
 ? Object.getElementError node_modules/@testing-library/dom/dist/config.js:37:19
 ? node_modules/@testing-library/dom/dist/query-helpers.js:76:38
 ? node_modules/@testing-library/dom/dist/query-helpers.js:52:17
 ? node_modules/@testing-library/dom/dist/query-helpers.js:95:19
 ? src/__tests__/features/chat/ChatPage.test.tsx:593:29
    591| 
    592|     await renderChatPage()
    593|     fireEvent.change(screen.getByPlaceholderText('type your question..?
       |                             ^
    594|       target: { value: '?????????' },
    595|     })

????????????????????????[5/7]?

 FAIL  src/__tests__/features/chat/ChatPage.test.tsx > ChatPage > ??????????????????
TestingLibraryElementError: Unable to find an element with the placeholder text of: type your question...

Ignored nodes: comments, script, style
[36m<body>[39m
  [36m<div[39m
    [33mid[39m=[32m"root"[39m
  [36m/>[39m
  [36m<div>[39m
    [36m<div[39m
      [33mclass[39m=[32m"_chat-page_bf0702"[39m
    [36m>[39m
      [36m<div[39m
        [33mclass[39m=[32m"_chat-header_bf0702"[39m
      [36m>[39m
        [36m<div[39m
          [33mclass[39m=[32m"_chat-header-title_bf0702"[39m
        [36m>[39m
          [36m<button[39m
            [33maria-label[39m=[32m"??????"[39m
            [33mclass[39m=[32m"_history-toggle_bf0702"[39m
            [33mtitle[39m=[32m"??????"[39m
            [33mtype[39m=[32m"button"[39m
          [36m>[39m
            [36m<svg[39m
              [33maria-hidden[39m=[32m"true"[39m
              [33mclass[39m=[32m"lucide lucide-panel-left"[39m
              [33mfill[39m=[32m"none"[39m
              [33mheight[39m=[32m"18"[39m
              [33mstroke[39m=[32m"currentColor"[39m
              [33mstroke-linecap[39m=[32m"round"[39m
              [33mstroke-linejoin[39m=[32m"round"[39m
              [33mstroke-width[39m=[32m"2"[39m
              [33mviewBox[39m=[32m"0 0 24 24"[39m
              [33mwidth[39m=[32m"18"[39m
              [33mxmlns[39m=[32m"http://www.w3.org/2000/svg"[39m
            [36m>[39m
              [36m<rect[39m
                [33mheight[39m=[32m"18"[39m
                [33mrx[39m=[32m"2"[39m
                [33mwidth[39m=[32m"18"[39m
                [33mx[39m=[32m"3"[39m
                [33my[39m=[32m"3"[39m
              [36m/>[39m
              [36m<path[39m
                [33md[39m=[32m"M9 3v18"[39m
              [36m/>[39m
            [36m</svg>[39m
          [36m</button>[39m
          [36m<div>[39m
            [36m<h1>[39m
              [0mAI ??[0m
            [36m</h1>[39m
            [36m<p[39m
              [33mclass[39m=[32m"_session-caption_bf0702"[39m
            [36m>[39m
              [0m?????session-1[0m
            [36m</p>[39m
          [36m</div>[39m
        [36m</div>[39m
        [36m<div[39m
          [33mclass[39m=[32m"_header-controls_bf0702"[39m
        [36m>[39m
          [36m<label[39m
            [33mclass[39m=[32m"_thinking-toggle_bf0702"[39m
            [33mtitle[39m=[32m"???????"[39m
          [36m>[39m
            [36m<input[39m
              [33mdisabled[39m=[32m""[39m
              [33mtype[39m=[32m"checkbox"[39m
            [36m/>[39m
            [36m<span>[39m
              [0m??[0m
            [36m</span>[39m
          [36m</label>[39m
          [36m<select[39m
            [33mclass[39m=[32m"_mode-select_bf0702"[39m
          [36m>[39m
            [36m<option[39m
              [33mvalue[39m=[32m"stream"[39m
            [36m>[39m
              [0m????[0m
            [36m</option>[39m
            [36m<option[39m
              [33mvalue[39m=[32m"direct"[39m
            [36m>[39m
              [0m????[0m
            [36m</option>[39m
          [36m</select>[39m
          [36m<span[39m
            [33mclass[39m=[32m"_current-model_bf0702"[39m
          [36m>[39m
            [0mgpt-4o-mini[0m
          [36m</span>[39m
        [36m</div>[39m
        [36m<button[39m
          [33mclass[39m=[32m"btn _btn-secondary_bf0702"[39m
        [36m>[39m
          [0m???[0m
        [36m</button>[39m
      [36m</div>[39m
      [36m<div[39m
        [33mclass[39m=[32m"_chat-body_bf0702"[39m
      [36m>[39m
        [36m<aside[39m
          [33maria-label[39m=[32m"???????"[39m
          [33mclass[39m=[32m"_sidebar_e4172f"[39m
        [36m>[39m
          [36m<div[39m
            [33mclass[39m=[32m"_header_e4172f"[39m
          [36m>[39m
            [36m<span[39m
              [33mclass[39m=[32m"_title_e4172f"[39m
            [36m>[39m
              [0m????[0m
            [36m</span>[39m
            [36m<div[39m
              [33mclass[39m=[32m"_headerActions_e4172f"[39m
            [36m>[39m
              [36m<button[39m
                [33mclass[39m=[32m"_iconButton_e4172f"[39m
                [33mtitle[39m=[32m"????"[39m
                [33mtype[39m=[32m"button"[39m
              [36m>[39m
                [36m<svg[39m
                  [33maria-hidden[39m=[32m"true"[39m
                  [33mclass[39m=[32m"lucide lucide-plus"[39m
                  [33mfill[39m=[32m"none"[39m
                  [33mheight[39m=[32m"16"[39m
                  [33mstroke[39m=[32m"currentColor"[39m
                  [33mstroke-linecap[39m=[32m"round"[39m
                  [33mstroke-linejoin[39m=[32m"round"[39m
                  [33mstroke-width[39m=[32m"2"[39m
                  [33mviewBox[39m=[32m"0 0 24 24"[39m
                  [33mwidth[39m=[32m"16"[39m
                  [33mxmlns[39m=[32m"http://www.w3.org/2000/svg"[39m
                [36m>[39m
                  [36m<path[39m
                    [33md[39m=[32m"M5 12h14"[39m
                  [36m/>[39m
                  [36m<path[39m
                    [33md[39m=[32m"M12 5v14"[39m
                  [36m/>[39m
                [36m</svg>[39m
              [36m</button>[39m
              [36m<button[39m
                [33mclass[39m=[32m"_iconButton_e4172f"[39m
                [33mtitle[39m=[32m"??????"[39m
                [33mtype[39m=[32m"button"[39m
              [36m>[39m
                [36m<svg[39m
                  [33maria-hidden[39m=[32m"true"[39m
                  [33mclass[39m=[32m"lucide lucide-panel-left"[39m
                  [33mfill[39m=[32m"none"[39m
                  [33mheight[39m=[32m"16"[39m
                  [33mstroke[39m=[32m"currentColor"[39m
                  [33mstroke-linecap[39m=[32m"round"[39m
                  [33mstroke-linejoin[39m=[32m"round"[39m
                  [33mstroke-width[39m=[32m"2"[39m
                  [33mviewBox[39m=[32m"0 0 24 24"[39m
                  [33mwidth[39m=[32m"16"[39m
                  [33mxmlns[39m=[32m"http://www.w3.org/2000/svg"[39m
                [36m>[39m
                  [36m<rect[39m
                    [33mheight[39m=[32m"18"[39m
                    [33mrx[39m=[32m"2"[39m
                    [33mwidth[39m=[32m"18"[39m
                    [33mx[39m=[32m"3"[39m
                    [33my[39m=[32m"3"[39m
                  [36m/>[39m
                  [36m<path[39m
                    [33md[39m=[32m"M9 3v18"[39m
                  [36m/>[39m
                [36m</svg>[39m
              [36m</button>[39m
            [36m</div>[39m
          [36m</div>[39m
          [36m<div[39m
            [33mclass[39m=[32m"_filters_e4172f"[39m
          [36m>[39m
            [36m<div[39m
              [33mclass[39m=[32m"_searchRow_e4172f"[39m
            [36m>[39m
              [36m<svg[39m
                [33maria-hidden[39m=[32m"true"[39m
                [33mclass[39m=[32m"lucide lucide-search"[39m
                [33mfill[39m=[32m"none"[39m
                [33mheight[39m=[32m"15"[39m
                [33mstroke[39m=[32m"currentColor"[39m
                [33mstroke-linecap[39m=[32m"round"[39m
                [33mstroke-linejoin[39m=[32m"round"[39m
                [33mstroke-width[39m=[32m"2"[39m
                [33mviewBox[39m=[32m"0 0 24 24"[39m
                [33mwidth[39m=[32m"15"[39m
                [33mxmlns[39m=[32m"http://www.w3.org/2000/svg"[39m
              [36m>[39m
                [36m<path[39m
                  [33md[39m=[32m"m21 21-4.34-4.34"[39m
                [36m/>[39m
                [36m<circle[39m
                  [33mcx[39m=[32m"11"[39m
                  [33mcy[39m=[32m"11"[39m
                  [33mr[39m=[32m"8"[39m
                [36m/>[39m
              [36m</svg>[39m
              [36m<input[39m
                [33mclass[39m=[32m"_searchInput_e4172f"[39m
                [33mplaceholder[39m=[32m"???????"[39m
                [33mvalue[39m=[32m""[39m
              [36m/>[39m
            [36m</div>[39m
            [36m<div[39m
              [33mclass[39m=[32m"_sortRow_e4172f"[39m
            [36m>[39m
              [36m<select[39m
                [33mclass[39m=[32m"_sortSelect_e4172f"[39m
              [36m>[39m
                [36m<option[39m
                  [33mvalue[39m=[32m"last_message_at"[39m
                [36m>[39m
                  [0m?????[0m
                [36m</option>[39m
                [36m<option[39m
                  [33mvalue[39m=[32m"title"[39m
                [36m>[39m
                  [0m?????[0m
                [36m</option>[39m
              [36m</select>[39m
            [36m</div>[39m
            [36m<label[39m
              [33mclass[39m=[32m"_checkboxRow_e4172f"[39m
            [36m>[39m
              [36m<input[39m
                [33mtype[39m=[32m"checkbox"[39m
              [36m/>[39m
              [36m<span>[39m
                [0m??????[0m
              [36m</span>[39m
            [36m</label>[39m
            [36m<div[39m
              [33mclass[39m=[32m"_batchActions_e4172f"[39m
            [36m>[39m
              [36m<label[39m
                [33mclass[39m=[32m"_checkboxRow_e4172f"[39m
              [36m>[39m
                [36m<input[39m
                  [33mdisabled[39m=[32m""[39m
                  [33mtype[39m=[32m"checkbox"[39m
                [36m/>[39m
                [36m<span>[39m
                  [0m??????[0m
                [36m</span>[39m
              [36m</label>[39m
              [36m<div[39m
                [33mclass[39m=[32m"_batchButtons_e4172f"[39m
              [36m>[39m
                [36m<button[39m
                  [33mclass[39m=[32m"_secondaryButton_e4172f"[39m
                  [33mdisabled[39m=[32m""[39m
                  [33mtype[39m=[32m"button"[39m
                [36m>[39m
                  [0m????[0m
                [36m</button>[39m
                [36m<button[39m
                  [33mclass[39m=[32m"_dangerButton_e4172f"[39m
                  [33mdisabled[39m=[32m""[39m
                  [33mtype[39m=[32m"button"[39m
                [36m>[39m
                  [0m????[0m
                  [0m [0m
                [36m</button>[39m
              [36m</div>[39m
            [36m</div>[39m
          [36m</div>[39m
          [36m<div[39m
            [33mclass[39m=[32m"_content_e4172f"[39m
          [36m>[39m
            [36m<div[39m
              [33mclass[39m=[32m"_empty_e4172f"[39m
            [36m>[39m
              [0m??????[0m
            [36m</div>[39m
          [36m</div>[39m
        [36m</aside>[39m
        [36m<div[39m
          [33mclass[39m=[32m"_chat-main_bf0702"[39m
        [36m>[39m
          [36m<div[39m
            [33maria-label[39m=[32m"????"[39m
            [33maria-live[39m=[32m"polite"[39m
            [33mclass[39m=[32m"_chat-messages_bf0702"[39m
            [33mrole[39m=[32m"log"[39m
          [36m>[39m
            [36m<div[39m
              [33mclass[39m=[32m"_message_bf0702 _assistant_bf0702"[39m
            [36m>[39m
              [36m<div[39m
                [33mclass[39m=[32m"_message-content_bf0702"[39m
              [36m>[39m
                [36m<p[39m
                  [33mclass[39m=[32m"_loading-text_bf0702"[39m
                [36m>[39m
                  [0mThinking...[0m
                [36m</p>[39m
              [36m</div>[39m
            [36m</div>[39m
            [36m<div />[39m
          [36m</div>[39m
          [36m<div[39m
            [33mclass[39m=[32m"_panel_d1103a _collapsed_d1103a"[39m
          [36m>[39m
            [36m<button[39m
              [33mclass[39m=[32m"_toggle-btn_d1103a"[39m
              [33mtitle[39m=[32m"??????"[39m
              [33mtype[39m=[32m"button"[39m
            [36m>[39m
              [36m<span[39m
                [33mclass[39m=[32m"_toggle-arrow_d1103a _arrow-collapsed_d1103a"[39m
              [36m>[39m
                [0m?[0m
              [36m</span>[39m
            [36m</button>[39m
          [36m</div>[39m
          [36m<div[39m
            [33mclass[39m=[32m"_chat-input-container_957f92 "[39m
          [36m>[39m
            [36m<div[39m
              [33mclass[39m=[32m"_input-row_957f92"[39m
            [36m>[39m
              [36m<input[39m
                [33maccept[39m=[32m".jpg,.jpeg,.png,.gif,.webp,.pdf,.txt,.md,.csv"[39m
                [33mmultiple[39m=[32m""[39m
                [33mstyle[39m=[32m"display: none;"[39m
                [33mtype[39m=[32m"file"[39m
              [36m/>[39m
              [36m<button[39m
                [33mclass[39m=[32m"_attach-btn_957f92"[39m
                [33mdisabled[39m=[32m""[39m
                [33mtitle[39m=[32m"attach file"[39m
              [36m>[39m
                [36m<svg[39m
                  [33maria-hidden[39m=[32m"true"[39m
                  [33mclass[39m=[32m"lucide lucide-paperclip"[39m
                  [33mfill[39m=[32m"none"[39m
                  [33mheight[39m=[32m"20"[39m
                  [33mstroke[39m=[32m"currentColor"[39m
                  [33mstroke-linecap[39m=[32m"round"[39m
                  [33mstroke-linejoin[39m=[32m"round"[39m
                  [33mstroke-width[39m=[32m"2"[39m
                  [33mviewBox[39m=[32m"0 0 24 24"[39m
                  [33mwidth[39m=[32m"20"[39m
                  [33mxmlns[39m=[32m"http://www.w3.org/2000/svg"[39m
                [36m>[39m
                  [36m<path[39m
                    [33md[39m=[32m"m16 6-8.414 8.586a2 2 0 0 0 2.829 2.829l8.414-8.586a4 4 0 1 0-5.657-5.657l-8.379 
8.551a6 6 0 1 0 8.485 8.485l8.379-8.551"[39m
                  [36m/>[39m
                [36m</svg>[39m
              [36m</button>[39m
              [36m<textarea[39m
                [33mclass[39m=[32m"_chat-input_957f92"[39m
                [33mplaceholder[39m=[32m"type your question... (try /diary for daily diary)"[39m
                [33mrows[39m=[32m"1"[39m
              [36m/>[39m
              [36m<button[39m
                [33mclass[39m=[32m"btn btn-primary _send-btn_957f92"[39m
                [33mdisabled[39m=[32m""[39m
              [36m>[39m
                [36m<svg[39m
                  [33maria-hidden[39m=[32m"true"[39m
                  [33mclass[39m=[32m"lucide lucide-send"[39m
                  [33mfill[39m=[32m"none"[39m
                  [33mheight[39m=[32m"18"[39m
                  [33mstroke[39m=[32m"currentColor"[39m
                  [33mstroke-linecap[39m=[32m"round"[39m
                  [33mstroke-linejoin[39m=[32m"round"[39m
                  [33mstroke-width[39m=[32m"2"[39m
                  [33mviewBox[39m=[32m"0 0 24 24"[39m
                  [33mwidth[39m=[32m"18"[39m
                  [33mxmlns[39m=[32m"http://www.w3.org/2000/svg"[39m
                [36m>[39m
                  [36m<path[39m
                    [33md[39m=[32m"M14.536 21.686a.5.5 0 0 0 .937-.024l6.5-19a.496.496 0 0 0-.635-.635l-19 6.5a.5.5 
0 0 0-.024.937l7.93 3.18a2 2 0 0 1 1.112 1.11z"[39m
                  [36m/>[39m
                  [36m<path[39m
                    [33md[39m=[32m"m21.854 2.147-10.94 10.939"[39m
                  [36m/>[39m
                [36m</svg>[39m
              [36m</button>[39m
            [36m</div>[39m
          [36m</div>[39m
        [36m</div>[39m
      [36m</div>[39m
    [36m</div>[39m
  [36m</div>[39m
[36m</body>[39m
 ? Object.getElementError node_modules/@testing-library/dom/dist/config.js:37:19
 ? node_modules/@testing-library/dom/dist/query-helpers.js:76:38
 ? node_modules/@testing-library/dom/dist/query-helpers.js:52:17
 ? node_modules/@testing-library/dom/dist/query-helpers.js:95:19
 ? src/__tests__/features/chat/ChatPage.test.tsx:632:29
    630| 
    631|     await renderChatPage()
    632|     fireEvent.change(screen.getByPlaceholderText('type your question..?
       |                             ^
    633|       target: { value: '????????' },
    634|     })

????????????????????????[6/7]?

 FAIL  src/__tests__/features/chat/ChatPage.test.tsx > ChatPage > ?????????????????????
TestingLibraryElementError: Unable to find an element with the placeholder text of: type your question...

Ignored nodes: comments, script, style
[36m<body>[39m
  [36m<div[39m
    [33mid[39m=[32m"root"[39m
  [36m/>[39m
  [36m<div>[39m
    [36m<div[39m
      [33mclass[39m=[32m"_chat-page_bf0702"[39m
    [36m>[39m
      [36m<div[39m
        [33mclass[39m=[32m"_chat-header_bf0702"[39m
      [36m>[39m
        [36m<div[39m
          [33mclass[39m=[32m"_chat-header-title_bf0702"[39m
        [36m>[39m
          [36m<button[39m
            [33maria-label[39m=[32m"??????"[39m
            [33mclass[39m=[32m"_history-toggle_bf0702"[39m
            [33mtitle[39m=[32m"??????"[39m
            [33mtype[39m=[32m"button"[39m
          [36m>[39m
            [36m<svg[39m
              [33maria-hidden[39m=[32m"true"[39m
              [33mclass[39m=[32m"lucide lucide-panel-left"[39m
              [33mfill[39m=[32m"none"[39m
              [33mheight[39m=[32m"18"[39m
              [33mstroke[39m=[32m"currentColor"[39m
              [33mstroke-linecap[39m=[32m"round"[39m
              [33mstroke-linejoin[39m=[32m"round"[39m
              [33mstroke-width[39m=[32m"2"[39m
              [33mviewBox[39m=[32m"0 0 24 24"[39m
              [33mwidth[39m=[32m"18"[39m
              [33mxmlns[39m=[32m"http://www.w3.org/2000/svg"[39m
            [36m>[39m
              [36m<rect[39m
                [33mheight[39m=[32m"18"[39m
                [33mrx[39m=[32m"2"[39m
                [33mwidth[39m=[32m"18"[39m
                [33mx[39m=[32m"3"[39m
                [33my[39m=[32m"3"[39m
              [36m/>[39m
              [36m<path[39m
                [33md[39m=[32m"M9 3v18"[39m
              [36m/>[39m
            [36m</svg>[39m
          [36m</button>[39m
          [36m<div>[39m
            [36m<h1>[39m
              [0mAI ??[0m
            [36m</h1>[39m
            [36m<p[39m
              [33mclass[39m=[32m"_session-caption_bf0702"[39m
            [36m>[39m
              [0m?????session-1[0m
            [36m</p>[39m
          [36m</div>[39m
        [36m</div>[39m
        [36m<div[39m
          [33mclass[39m=[32m"_header-controls_bf0702"[39m
        [36m>[39m
          [36m<label[39m
            [33mclass[39m=[32m"_thinking-toggle_bf0702"[39m
            [33mtitle[39m=[32m"?? AI ????"[39m
          [36m>[39m
            [36m<input[39m
              [33mtype[39m=[32m"checkbox"[39m
            [36m/>[39m
            [36m<span>[39m
              [0m??[0m
            [36m</span>[39m
          [36m</label>[39m
          [36m<select[39m
            [33mclass[39m=[32m"_mode-select_bf0702"[39m
          [36m>[39m
            [36m<option[39m
              [33mvalue[39m=[32m"stream"[39m
            [36m>[39m
              [0m????[0m
            [36m</option>[39m
            [36m<option[39m
              [33mvalue[39m=[32m"direct"[39m
            [36m>[39m
              [0m????[0m
            [36m</option>[39m
          [36m</select>[39m
          [36m<span[39m
            [33mclass[39m=[32m"_current-model_bf0702"[39m
          [36m>[39m
            [0mgpt-4o-mini[0m
          [36m</span>[39m
        [36m</div>[39m
        [36m<button[39m
          [33mclass[39m=[32m"btn _btn-secondary_bf0702"[39m
        [36m>[39m
          [0m???[0m
        [36m</button>[39m
      [36m</div>[39m
      [36m<div[39m
        [33mclass[39m=[32m"_chat-body_bf0702"[39m
      [36m>[39m
        [36m<aside[39m
          [33maria-label[39m=[32m"???????"[39m
          [33mclass[39m=[32m"_sidebar_e4172f"[39m
        [36m>[39m
          [36m<div[39m
            [33mclass[39m=[32m"_header_e4172f"[39m
          [36m>[39m
            [36m<span[39m
              [33mclass[39m=[32m"_title_e4172f"[39m
            [36m>[39m
              [0m????[0m
            [36m</span>[39m
            [36m<div[39m
              [33mclass[39m=[32m"_headerActions_e4172f"[39m
            [36m>[39m
              [36m<button[39m
                [33mclass[39m=[32m"_iconButton_e4172f"[39m
                [33mtitle[39m=[32m"????"[39m
                [33mtype[39m=[32m"button"[39m
              [36m>[39m
                [36m<svg[39m
                  [33maria-hidden[39m=[32m"true"[39m
                  [33mclass[39m=[32m"lucide lucide-plus"[39m
                  [33mfill[39m=[32m"none"[39m
                  [33mheight[39m=[32m"16"[39m
                  [33mstroke[39m=[32m"currentColor"[39m
                  [33mstroke-linecap[39m=[32m"round"[39m
                  [33mstroke-linejoin[39m=[32m"round"[39m
                  [33mstroke-width[39m=[32m"2"[39m
                  [33mviewBox[39m=[32m"0 0 24 24"[39m
                  [33mwidth[39m=[32m"16"[39m
                  [33mxmlns[39m=[32m"http://www.w3.org/2000/svg"[39m
                [36m>[39m
                  [36m<path[39m
                    [33md[39m=[32m"M5 12h14"[39m
                  [36m/>[39m
                  [36m<path[39m
                    [33md[39m=[32m"M12 5v14"[39m
                  [36m/>[39m
                [36m</svg>[39m
              [36m</button>[39m
              [36m<button[39m
                [33mclass[39m=[32m"_iconButton_e4172f"[39m
                [33mtitle[39m=[32m"??????"[39m
                [33mtype[39m=[32m"button"[39m
              [36m>[39m
                [36m<svg[39m
                  [33maria-hidden[39m=[32m"true"[39m
                  [33mclass[39m=[32m"lucide lucide-panel-left"[39m
                  [33mfill[39m=[32m"none"[39m
                  [33mheight[39m=[32m"16"[39m
                  [33mstroke[39m=[32m"currentColor"[39m
                  [33mstroke-linecap[39m=[32m"round"[39m
                  [33mstroke-linejoin[39m=[32m"round"[39m
                  [33mstroke-width[39m=[32m"2"[39m
                  [33mviewBox[39m=[32m"0 0 24 24"[39m
                  [33mwidth[39m=[32m"16"[39m
                  [33mxmlns[39m=[32m"http://www.w3.org/2000/svg"[39m
                [36m>[39m
                  [36m<rect[39m
                    [33mheight[39m=[32m"18"[39m
                    [33mrx[39m=[32m"2"[39m
                    [33mwidth[39m=[32m"18"[39m
                    [33mx[39m=[32m"3"[39m
                    [33my[39m=[32m"3"[39m
                  [36m/>[39m
                  [36m<path[39m
                    [33md[39m=[32m"M9 3v18"[39m
                  [36m/>[39m
                [36m</svg>[39m
              [36m</button>[39m
            [36m</div>[39m
          [36m</div>[39m
          [36m<div[39m
            [33mclass[39m=[32m"_filters_e4172f"[39m
          [36m>[39m
            [36m<div[39m
              [33mclass[39m=[32m"_searchRow_e4172f"[39m
            [36m>[39m
              [36m<svg[39m
                [33maria-hidden[39m=[32m"true"[39m
                [33mclass[39m=[32m"lucide lucide-search"[39m
                [33mfill[39m=[32m"none"[39m
                [33mheight[39m=[32m"15"[39m
                [33mstroke[39m=[32m"currentColor"[39m
                [33mstroke-linecap[39m=[32m"round"[39m
                [33mstroke-linejoin[39m=[32m"round"[39m
                [33mstroke-width[39m=[32m"2"[39m
                [33mviewBox[39m=[32m"0 0 24 24"[39m
                [33mwidth[39m=[32m"15"[39m
                [33mxmlns[39m=[32m"http://www.w3.org/2000/svg"[39m
              [36m>[39m
                [36m<path[39m
                  [33md[39m=[32m"m21 21-4.34-4.34"[39m
                [36m/>[39m
                [36m<circle[39m
                  [33mcx[39m=[32m"11"[39m
                  [33mcy[39m=[32m"11"[39m
                  [33mr[39m=[32m"8"[39m
                [36m/>[39m
              [36m</svg>[39m
              [36m<input[39m
                [33mclass[39m=[32m"_searchInput_e4172f"[39m
                [33mplaceholder[39m=[32m"???????"[39m
                [33mvalue[39m=[32m""[39m
              [36m/>[39m
            [36m</div>[39m
            [36m<div[39m
              [33mclass[39m=[32m"_sortRow_e4172f"[39m
            [36m>[39m
              [36m<select[39m
                [33mclass[39m=[32m"_sortSelect_e4172f"[39m
              [36m>[39m
                [36m<option[39m
                  [33mvalue[39m=[32m"last_message_at"[39m
                [36m>[39m
                  [0m?????[0m
                [36m</option>[39m
                [36m<option[39m
                  [33mvalue[39m=[32m"title"[39m
                [36m>[39m
                  [0m?????[0m
                [36m</option>[39m
              [36m</select>[39m
            [36m</div>[39m
            [36m<label[39m
              [33mclass[39m=[32m"_checkboxRow_e4172f"[39m
            [36m>[39m
              [36m<input[39m
                [33mtype[39m=[32m"checkbox"[39m
              [36m/>[39m
              [36m<span>[39m
                [0m??????[0m
              [36m</span>[39m
            [36m</label>[39m
            [36m<div[39m
              [33mclass[39m=[32m"_batchActions_e4172f"[39m
            [36m>[39m
              [36m<label[39m
                [33mclass[39m=[32m"_checkboxRow_e4172f"[39m
              [36m>[39m
                [36m<input[39m
                  [33mdisabled[39m=[32m""[39m
                  [33mtype[39m=[32m"checkbox"[39m
                [36m/>[39m
                [36m<span>[39m
                  [0m??????[0m
                [36m</span>[39m
              [36m</label>[39m
              [36m<div[39m
                [33mclass[39m=[32m"_batchButtons_e4172f"[39m
              [36m>[39m
                [36m<button[39m
                  [33mclass[39m=[32m"_secondaryButton_e4172f"[39m
                  [33mdisabled[39m=[32m""[39m
                  [33mtype[39m=[32m"button"[39m
                [36m>[39m
                  [0m????[0m
                [36m</button>[39m
                [36m<button[39m
                  [33mclass[39m=[32m"_dangerButton_e4172f"[39m
                  [33mdisabled[39m=[32m""[39m
                  [33mtype[39m=[32m"button"[39m
                [36m>[39m
                  [0m????[0m
                  [0m [0m
                [36m</button>[39m
              [36m</div>[39m
            [36m</div>[39m
          [36m</div>[39m
          [36m<div[39m
            [33mclass[39m=[32m"_content_e4172f"[39m
          [36m>[39m
            [36m<div[39m
              [33mclass[39m=[32m"_empty_e4172f"[39m
            [36m>[39m
              [0m??????[0m
            [36m</div>[39m
          [36m</div>[39m
        [36m</aside>[39m
        [36m<div[39m
          [33mclass[39m=[32m"_chat-main_bf0702"[39m
        [36m>[39m
          [36m<div[39m
            [33maria-label[39m=[32m"????"[39m
            [33maria-live[39m=[32m"polite"[39m
            [33mclass[39m=[32m"_chat-messages_bf0702"[39m
            [33mrole[39m=[32m"log"[39m
          [36m>[39m
            [36m<div[39m
              [33mclass[39m=[32m"_chat-empty_bf0702"[39m
            [36m>[39m
              [36m<p>[39m
                [0m??????????????[0m
              [36m</p>[39m
            [36m</div>[39m
          [36m</div>[39m
          [36m<div[39m
            [33mclass[39m=[32m"_panel_d1103a _collapsed_d1103a"[39m
          [36m>[39m
            [36m<button[39m
              [33mclass[39m=[32m"_toggle-btn_d1103a"[39m
              [33mtitle[39m=[32m"??????"[39m
              [33mtype[39m=[32m"button"[39m
            [36m>[39m
              [36m<span[39m
                [33mclass[39m=[32m"_toggle-arrow_d1103a _arrow-collapsed_d1103a"[39m
              [36m>[39m
                [0m?[0m
              [36m</span>[39m
            [36m</button>[39m
          [36m</div>[39m
          [36m<div[39m
            [33mclass[39m=[32m"_chat-input-container_957f92 "[39m
          [36m>[39m
            [36m<div[39m
              [33mclass[39m=[32m"_input-row_957f92"[39m
            [36m>[39m
              [36m<input[39m
                [33maccept[39m=[32m".jpg,.jpeg,.png,.gif,.webp,.pdf,.txt,.md,.csv"[39m
                [33mmultiple[39m=[32m""[39m
                [33mstyle[39m=[32m"display: none;"[39m
                [33mtype[39m=[32m"file"[39m
 Test Files  1 failed (1)
      Tests  7 failed | 3 passed (10)
   Start at  22:17:51
   Duration  4.16s (transform 454ms, setup 300ms, collect 712ms, tests 1.06s, environment 945ms, prepare 197ms)

              [36m/>[39m
              [36m<button[39m
                [33mclass[39m=[32m"_attach-btn_957f92"[39m
                [33mtitle[39m=[32m"attach file"[39m
              [36m>[39m
                [36m<svg[39m
                  [33maria-hidden[39m=[32m"true"[39m
                  [33mclass[39m=[32m"lucide lucide-paperclip"[39m
                  [33mfill[39m=[32m"none"[39m
                  [33mheight[39m=[32m"20"[39m
                  [33mstroke[39m=[32m"currentColor"[39m
                  [33mstroke-linecap[39m=[32m"round"[39m
                  [33mstroke-linejoin[39m=[32m"round"[39m
                  [33mstroke-width[39m=[32m"2"[39m
                  [33mviewBox[39m=[32m"0 0 24 24"[39m
                  [33mwidth[39m=[32m"20"[39m
                  [33mxmlns[39m=[32m"http://www.w3.org/2000/svg"[39m
                [36m>[39m
                  [36m<path[39m
                    [33md[39m=[32m"m16 6-8.414 8.586a2 2 0 0 0 2.829 2.829l8.414-8.586a4 4 0 1 0-5.657-5.657l-8.379 
8.551a6 6 0 1 0 8.485 8.485l8.379-8.551"[39m
                  [36m/>[39m
                [36m</svg>[39m
              [36m</button>[39m
              [36m<textarea[39m
                [33mclass[39m=[32m"_chat-input_957f92"[39m
                [33mplaceholder[39m=[32m"type your question... (try /diary for daily diary)"[39m
                [33mrows[39m=[32m"1"[39m
              [36m/>[39m
              [36m<button[39m
                [33mclass[39m=[32m"btn btn-primary _send-btn_957f92"[39m
                [33mdisabled[39m=[32m""[39m
              [36m>[39m
                [36m<svg[39m
                  [33maria-hidden[39m=[32m"true"[39m
                  [33mclass[39m=[32m"lucide lucide-send"[39m
                  [33mfill[39m=[32m"none"[39m
                  [33mheight[39m=[32m"18"[39m
                  [33mstroke[39m=[32m"currentColor"[39m
                  [33mstroke-linecap[39m=[32m"round"[39m
                  [33mstroke-linejoin[39m=[32m"round"[39m
                  [33mstroke-width[39m=[32m"2"[39m
                  [33mviewBox[39m=[32m"0 0 24 24"[39m
                  [33mwidth[39m=[32m"18"[39m
                  [33mxmlns[39m=[32m"http://www.w3.org/2000/svg"[39m
                [36m>[39m
                  [36m<path[39m
                    [33md[39m=[32m"M14.536 21.686a.5.5 0 0 0 .937-.024l6.5-19a.496.496 0 0 0-.635-.635l-19 6.5a.5.5 
0 0 0-.024.937l7.93 3.18a2 2 0 0 1 1.112 1.11z"[39m
                  [36m/>[39m
                  [36m<path[39m
                    [33md[39m=[32m"m21.854 2.147-10.94 10.939"[39m
                  [36m/>[39m
                [36m</svg>[39m
              [36m</button>[39m
            [36m</div>[39m
          [36m</div>[39m
        [36m</div>[39m
      [36m</div>[39m
    [36m</div>[39m
  [36m</div>[39m
[36m</body>[39m
 ? Object.getElementError node_modules/@testing-library/dom/dist/config.js:37:19
 ? node_modules/@testing-library/dom/dist/query-helpers.js:76:38
 ? node_modules/@testing-library/dom/dist/query-helpers.js:52:17
 ? node_modules/@testing-library/dom/dist/query-helpers.js:95:19
 ? src/__tests__/features/chat/ChatPage.test.tsx:730:29
    728| 
    729|     await renderChatPage()
    730|     fireEvent.change(screen.getByPlaceholderText('type your question..?
       |                             ^
    731|       target: { value: '?????????' },
    732|     })

????????????????????????[7/7]?

